Archive member included to satisfy reference by file (symbol)

build/cooja/contiki-ng-cooja.a(simEnvChange.o)
                              build/cooja/mtype113442948.o (simDontFallAsleep)
build/cooja/contiki-ng-cooja.a(cooja_mt.o)
                              build/cooja/mtype113442948.o (cooja_mt_start)
build/cooja/contiki-ng-cooja.a(cooja_mtarch.o)
                              build/cooja/contiki-ng-cooja.a(cooja_mt.o) (cooja_mtarch_start)
build/cooja/contiki-ng-cooja.a(rtimer-arch.o)
                              build/cooja/mtype113442948.o (rtimer_arch_check)
build/cooja/contiki-ng-cooja.a(beep.o)
                              build/cooja/mtype113442948.o (beep_interface)
build/cooja/contiki-ng-cooja.a(leds-arch.o)
                              build/cooja/mtype113442948.o (leds_interface)
build/cooja/contiki-ng-cooja.a(moteid.o)
                              build/cooja/mtype113442948.o (moteid_interface)
build/cooja/contiki-ng-cooja.a(pir-sensor.o)
                              build/cooja/mtype113442948.o (pir_interface)
build/cooja/contiki-ng-cooja.a(rs232.o)
                              build/cooja/mtype113442948.o (rs232_interface)
build/cooja/contiki-ng-cooja.a(vib-sensor.o)
                              build/cooja/mtype113442948.o (vib_interface)
build/cooja/contiki-ng-cooja.a(clock.o)
                              build/cooja/mtype113442948.o (clock_interface)
build/cooja/contiki-ng-cooja.a(cooja-log.o)
                              build/cooja/mtype113442948.o (simlog_interface)
build/cooja/contiki-ng-cooja.a(cfs-cooja.o)
                              build/cooja/mtype113442948.o (cfs_interface)
build/cooja/contiki-ng-cooja.a(cooja-radio.o)
                              build/cooja/mtype113442948.o (radio_interface)
build/cooja/contiki-ng-cooja.a(eeprom.o)
                              build/cooja/mtype113442948.o (eeprom_interface)
build/cooja/contiki-ng-cooja.a(random.o)
                              build/cooja/contiki-ng-cooja.a(moteid.o) (random_init)
build/cooja/contiki-ng-cooja.a(sensors.o)
                              build/cooja/contiki-ng-cooja.a(pir-sensor.o) (sensors_changed)
build/cooja/contiki-ng-cooja.a(leds.o)
                              coap-node.o (leds_on)
build/cooja/contiki-ng-cooja.a(gpio-hal-arch.o)
                              build/cooja/contiki-ng-cooja.a(leds-arch.o) (gpio_hal_arch_register_pin_callback)
build/cooja/contiki-ng-cooja.a(buttons.o)
                              build/cooja/mtype113442948.o (button_interface)
build/cooja/contiki-ng-cooja.a(res-tent.o)
                              coap-node.o (res_tent)
build/cooja/contiki-ng-cooja.a(coap-blocking-api.o)
                              coap-node.o (coap_blocking_request)
build/cooja/contiki-ng-cooja.a(coap-engine.o)
                              coap-node.o (coap_activate_resource)
build/cooja/contiki-ng-cooja.a(coap-observe.o)
                              build/cooja/contiki-ng-cooja.a(coap-engine.o) (coap_remove_observer_by_mid)
build/cooja/contiki-ng-cooja.a(coap-res-well-known-core.o)
                              build/cooja/contiki-ng-cooja.a(coap-engine.o) (res_well_known_core)
build/cooja/contiki-ng-cooja.a(coap-timer.o)
                              build/cooja/contiki-ng-cooja.a(coap-engine.o) (coap_timer_set)
build/cooja/contiki-ng-cooja.a(coap-transactions.o)
                              build/cooja/contiki-ng-cooja.a(coap-blocking-api.o) (coap_send_transaction)
build/cooja/contiki-ng-cooja.a(coap-uip.o)
                              build/cooja/contiki-ng-cooja.a(coap-observe.o) (coap_endpoint_copy)
build/cooja/contiki-ng-cooja.a(coap.o)
                              build/cooja/contiki-ng-cooja.a(coap-engine.o) (coap_status_code)
build/cooja/contiki-ng-cooja.a(contiki-main.o)
                              build/cooja/mtype113442948.o (main)
build/cooja/contiki-ng-cooja.a(autostart.o)
                              build/cooja/contiki-ng-cooja.a(contiki-main.o) (autostart_start)
build/cooja/contiki-ng-cooja.a(ctimer.o)
                              build/cooja/contiki-ng-cooja.a(contiki-main.o) (ctimer_init)
build/cooja/contiki-ng-cooja.a(energest.o)
                              build/cooja/contiki-ng-cooja.a(contiki-main.o) (energest_init)
build/cooja/contiki-ng-cooja.a(etimer.o)
                              build/cooja/contiki-ng-cooja.a(contiki-main.o) (etimer_process)
build/cooja/contiki-ng-cooja.a(log.o)
                              build/cooja/contiki-ng-cooja.a(contiki-main.o) (curr_log_level_main)
build/cooja/contiki-ng-cooja.a(node-id.o)
                              build/cooja/contiki-ng-cooja.a(contiki-main.o) (node_id)
build/cooja/contiki-ng-cooja.a(process.o)
                              build/cooja/contiki-ng-cooja.a(coap-blocking-api.o) (process_current)
build/cooja/contiki-ng-cooja.a(rtimer.o)
                              build/cooja/contiki-ng-cooja.a(contiki-main.o) (rtimer_init)
build/cooja/contiki-ng-cooja.a(timer.o)
[...]
Memory Configuration

Name             Origin             Length             Attributes
*default*        0x0000000000000000 0xffffffffffffffff

Linker script and memory map

LOAD /usr/lib/gcc/x86_64-linux-gnu/11/../../../x86_64-linux-gnu/crti.o
LOAD /usr/lib/gcc/x86_64-linux-gnu/11/crtbeginS.o
LOAD coap-node.o
LOAD build/cooja/mtype113442948.o
LOAD build/cooja/contiki-ng-cooja.a
LOAD /usr/lib/gcc/x86_64-linux-gnu/11/libgcc.a
LOAD /usr/lib/gcc/x86_64-linux-gnu/11/libgcc_s.so
START GROUP
LOAD /usr/lib/gcc/x86_64-linux-gnu/11/../../../x86_64-linux-gnu/libgcc_s.so.1
LOAD /usr/lib/gcc/x86_64-linux-gnu/11/libgcc.a
END GROUP
LOAD /usr/lib/gcc/x86_64-linux-gnu/11/../../../x86_64-linux-gnu/libc.so
START GROUP
LOAD /lib/x86_64-linux-gnu/libc.so.6
LOAD /usr/lib/x86_64-linux-gnu/libc_nonshared.a
LOAD /lib64/ld-linux-x86-64.so.2
END GROUP
LOAD /usr/lib/gcc/x86_64-linux-gnu/11/libgcc.a
LOAD /usr/lib/gcc/x86_64-linux-gnu/11/libgcc_s.so
START GROUP
LOAD /usr/lib/gcc/x86_64-linux-gnu/11/../../../x86_64-linux-gnu/libgcc_s.so.1
LOAD /usr/lib/gcc/x86_64-linux-gnu/11/libgcc.a
END GROUP
LOAD /usr/lib/gcc/x86_64-linux-gnu/11/crtendS.o
LOAD /usr/lib/gcc/x86_64-linux-gnu/11/../../../x86_64-linux-gnu/crtn.o
                0x00000000000002a8                . = (SEGMENT_START ("text-segment", 0x0) + SIZEOF_HEADERS)

.note.gnu.property
                0x00000000000002a8       0x20
 .note.gnu.property
                0x00000000000002a8       0x20 /usr/lib/gcc/x86_64-linux-gnu/11/../../../x86_64-linux-gnu/crti.o

.note.gnu.build-id
                0x00000000000002c8       0x24
 *(.note.gnu.build-id)
 .note.gnu.build-id
                0x00000000000002c8       0x24 /usr/lib/gcc/x86_64-linux-gnu/11/../../../x86_64-linux-gnu/crti.o

.hash
 *(.hash)

.gnu.hash       0x00000000000002f0     0x15bc
 *(.gnu.hash)
 .gnu.hash      0x00000000000002f0     0x15bc /usr/lib/gcc/x86_64-linux-gnu/11/../../../x86_64-linux-gnu/crti.o

.dynsym         0x00000000000018b0     0x46e0
 *(.dynsym)
 .dynsym        0x00000000000018b0     0x46e0 /usr/lib/gcc/x86_64-linux-gnu/11/../../../x86_64-linux-gnu/crti.o

.dynstr         0x0000000000005f90     0x3733
 *(.dynstr)
 .dynstr        0x0000000000005f90     0x3733 /usr/lib/gcc/x86_64-linux-gnu/11/../../../x86_64-linux-gnu/crti.o

.gnu.version    0x00000000000096c4      0x5e8
 *(.gnu.version)
 .gnu.version   0x00000000000096c4      0x5e8 /usr/lib/gcc/x86_64-linux-gnu/11/../../../x86_64-linux-gnu/crti.o

.gnu.version_d  0x0000000000009cb0        0x0
 *(.gnu.version_d)
 .gnu.version_d
                0x0000000000009cb0        0x0 /usr/lib/gcc/x86_64-linux-gnu/11/../../../x86_64-linux-gnu/crti.o

.gnu.version_r  0x0000000000009cb0       0x40
 *(.gnu.version_r)
 .gnu.version_r
                0x0000000000009cb0       0x40 /usr/lib/gcc/x86_64-linux-gnu/11/../../../x86_64-linux-gnu/crti.o

.rela.dyn       0x0000000000009cf0     0x2178
 *(.rela.init)
 *(.rela.text .rela.text.* .rela.gnu.linkonce.t.*)
 .rela.text     0x0000000000009cf0        0x0 /usr/lib/gcc/x86_64-linux-gnu/11/../../../x86_64-linux-gnu/crti.o
 *(.rela.fini)
 *(.rela.rodata .rela.rodata.* .rela.gnu.linkonce.r.*)
 *(.rela.data .rela.data.* .rela.gnu.linkonce.d.*)
 .rela.data.rel.local
                0x0000000000009cf0      0x900 /usr/lib/gcc/x86_64-linux-gnu/11/../../../x86_64-linux-gnu/crti.o
 .rela.data.rel.ro
                0x000000000000a5f0      0x288 /usr/lib/gcc/x86_64-linux-gnu/11/../../../x86_64-linux-gnu/crti.o
 .rela.data.rel
                0x000000000000a878      0x3a8 /usr/lib/gcc/x86_64-linux-gnu/11/../../../x86_64-linux-gnu/crti.o
 .rela.data.rel.ro.local
                0x000000000000ac20      0x5e8 /usr/lib/gcc/x86_64-linux-gnu/11/../../../x86_64-linux-gnu/crti.o
 *(.rela.tdata .rela.tdata.* .rela.gnu.linkonce.td.*)
 *(.rela.tbss .rela.tbss.* .rela.gnu.linkonce.tb.*)
 *(.rela.ctors)
 *(.rela.dtors)
 *(.rela.got)
 .rela.got      0x000000000000b208      0xc30 /usr/lib/gcc/x86_64-linux-gnu/11/../../../x86_64-linux-gnu/crti.o
 *(.rela.bss .rela.bss.* .rela.gnu.linkonce.b.*)
 *(.rela.ldata .rela.ldata.* .rela.gnu.linkonce.l.*)
 *(.rela.lbss .rela.lbss.* .rela.gnu.linkonce.lb.*)
 *(.rela.lrodata .rela.lrodata.* .rela.gnu.linkonce.lr.*)
 *(.rela.ifunc)
 .rela.ifunc    0x000000000000be38        0x0 /usr/lib/gcc/x86_64-linux-gnu/11/../../../x86_64-linux-gnu/crti.o
 .rela.fini_array
                0x000000000000be38       0x18 /usr/lib/gcc/x86_64-linux-gnu/11/../../../x86_64-linux-gnu/crti.o
 .rela.init_array
                0x000000000000be50       0x18 /usr/lib/gcc/x86_64-linux-gnu/11/../../../x86_64-linux-gnu/crti.o

.rela.plt       0x000000000000be68     0x2538
 *(.rela.plt)
 .rela.plt      0x000000000000be68     0x2538 /usr/lib/gcc/x86_64-linux-gnu/11/../../../x86_64-linux-gnu/crti.o
 *(.rela.iplt)

.relr.dyn
 *(.relr.dyn)
                0x000000000000f000                . = ALIGN (CONSTANT (MAXPAGESIZE))

.init           0x000000000000f000       0x1b
 *(SORT_NONE(.init))
 .init          0x000000000000f000       0x16 /usr/lib/gcc/x86_64-linux-gnu/11/../../../x86_64-linux-gnu/crti.o
                0x000000000000f000                _init
 .init          0x000000000000f016        0x5 /usr/lib/gcc/x86_64-linux-gnu/11/../../../x86_64-linux-gnu/crtn.o

.plt            0x000000000000f020     0x18e0
 *(.plt)
 .plt           0x000000000000f020     0x18e0 /usr/lib/gcc/x86_64-linux-gnu/11/../../../x86_64-linux-gnu/crti.o
 *(.iplt)

.plt.got        0x0000000000010900       0x30
 *(.plt.got)
 .plt.got       0x0000000000010900       0x30 /usr/lib/gcc/x86_64-linux-gnu/11/../../../x86_64-linux-gnu/crti.o

.plt.sec        0x0000000000010930     0x18d0
 *(.plt.sec)
 .plt.sec       0x0000000000010930     0x18d0 /usr/lib/gcc/x86_64-linux-gnu/11/../../../x86_64-linux-gnu/crti.o

.text           0x0000000000012200    0x2019c
 *(.text.unlikely .text.*_unlikely .text.unlikely.*)
 *(.text.exit .text.exit.*)
 *(.text.startup .text.startup.*)
 *(.text.hot .text.hot.*)
 *(SORT_BY_NAME(.text.sorted.*))
 *(.text .stub .text.* .gnu.linkonce.t.*)
 .text          0x0000000000012200        0x0 /usr/lib/gcc/x86_64-linux-gnu/11/../../../x86_64-linux-gnu/crti.o
 .text          0x0000000000012200       0xb9 /usr/lib/gcc/x86_64-linux-gnu/11/crtbeginS.o
 .text          0x00000000000122b9      0x498 coap-node.o
                0x00000000000122b9                client_chunk_handler
 .text          0x0000000000012751      0x374 build/cooja/mtype113442948.o
                0x0000000000012807                platform_init_stage_one
                0x000000000001281c                platform_init_stage_two
                0x0000000000012831                platform_init_stage_three
                0x0000000000012846                platform_main_loop
                0x00000000000128e0                JNI_OnLoad
                0x00000000000128f7                Java_org_contikios_cooja_corecomm_Lib10_init
                0x000000000001294a                Java_org_contikios_cooja_corecomm_Lib10_getMemory
                0x00000000000129a9                Java_org_contikios_cooja_corecomm_Lib10_setMemory
                0x0000000000012a08                Java_org_contikios_cooja_corecomm_Lib10_tick
                0x0000000000012a96                Java_org_contikios_cooja_corecomm_Lib10_setReferenceAddress
 .text          0x0000000000012ac5       0x93 build/cooja/contiki-ng-cooja.a(simEnvChange.o)
                0x0000000000012ac5                doActionsBeforeTick
                0x0000000000012b0e                doActionsAfterTick
 .text          0x0000000000012b58       0xab build/cooja/contiki-ng-cooja.a(cooja_mt.o)
                0x0000000000012b58                cooja_mt_start
                0x0000000000012b98                cooja_mt_exec
                0x0000000000012bdb                cooja_mt_yield
 .text          0x0000000000012c03      0x10e build/cooja/contiki-ng-cooja.a(cooja_mtarch.o)
                0x0000000000012c03                cooja_mtarch_start
                0x0000000000012ca6                cooja_sw
                0x0000000000012cd3                cooja_mtarch_exec
                0x0000000000012d01                cooja_mtarch_yield
 .text          0x0000000000012d11       0xcc build/cooja/contiki-ng-cooja.a(rtimer-arch.o)
                0x0000000000012d11                rtimer_arch_init
                0x0000000000012d37                rtimer_arch_schedule
                0x0000000000012d61                rtimer_arch_next
                0x0000000000012d75                rtimer_arch_pending
                0x0000000000012d88                rtimer_arch_check
                0x0000000000012dc9                rtimer_arch_now
 .text          0x0000000000012ddd       0xe6 build/cooja/contiki-ng-cooja.a(beep.o)
                0x0000000000012ddd                beep_alarm
                0x0000000000012df8                beep_beep
                0x0000000000012e10                beep
                0x0000000000012e25                beep_down
                0x0000000000012e3d                beep_on
                0x0000000000012e52                beep_off
                0x0000000000012e67                beep_spinup
                0x0000000000012e7c                beep_quick
                0x0000000000012e94                beep_long
 .text          0x0000000000012ec3       0x80 build/cooja/contiki-ng-cooja.a(leds-arch.o)
                0x0000000000012edc                leds_arch_init
 .text          0x0000000000012f43       0x41 build/cooja/contiki-ng-cooja.a(moteid.o)
 .text          0x0000000000012f84       0xfa build/cooja/contiki-ng-cooja.a(pir-sensor.o)
 .text          0x000000000001307e      0x18b build/cooja/contiki-ng-cooja.a(rs232.o)
                0x000000000001307e                rs232_init
                0x0000000000013089                rs232_set_speed
                0x0000000000013099                rs232_set_input
                0x00000000000130b3                rs232_send
                0x00000000000130d2                rs232_print
                0x0000000000013100                slip_arch_writeb
 .text          0x0000000000013209       0xfa build/cooja/contiki-ng-cooja.a(vib-sensor.o)
 .text          0x0000000000013303       0x6f build/cooja/contiki-ng-cooja.a(clock.o)
                0x0000000000013303                clock_init
                0x000000000001330e                clock_time
                0x0000000000013322                clock_seconds
                0x000000000001334e                clock_delay
 .text          0x0000000000013372      0x214 build/cooja/contiki-ng-cooja.a(cooja-log.o)
                0x0000000000013372                simlog_char
                0x00000000000133cc                simlog
                0x0000000000013451                log_message
                0x0000000000013496                log_set_putchar_with_slip
                0x00000000000134ad                dbg_putchar
                0x000000000001352e                dbg_send_bytes
 .text          0x0000000000013586      0x39b build/cooja/contiki-ng-cooja.a(cfs-cooja.o)
                0x0000000000013586                cfs_open
                0x0000000000013603                cfs_close
                0x0000000000013618                cfs_read
                0x00000000000136df                cfs_write
                0x00000000000137ef                cfs_seek
                0x000000000001389e                cfs_remove
                0x00000000000138ce                cfs_opendir
                0x00000000000138e5                cfs_readdir
                0x00000000000138fc                cfs_closedir
 .text          0x0000000000013921      0x79f build/cooja/contiki-ng-cooja.a(cooja-radio.o)
                0x0000000000013980                radio_set_channel
                0x000000000001399a                radio_set_txpower
                0x00000000000139b7                radio_signal_strength_last
                0x00000000000139ca                radio_signal_strength_current
                0x00000000000139dd                radio_LQI
 .text          0x00000000000140c0      0x163 build/cooja/contiki-ng-cooja.a(eeprom.o)
                0x00000000000140c0                eeprom_init
                0x00000000000140cf                eeprom_read
                0x000000000001416e                eeprom_write
 .text          0x0000000000014223       0x2f build/cooja/contiki-ng-cooja.a(random.o)
                0x0000000000014223                random_init
                0x0000000000014243                random_rand
 .text          0x0000000000014252      0x35f build/cooja/contiki-ng-cooja.a(sensors.o)
                0x000000000001429b                sensors_first
                0x00000000000142af                sensors_next
                0x00000000000142de                sensors_changed
                0x000000000001432b                sensors_find
 .text          0x00000000000145b1      0x3ad build/cooja/contiki-ng-cooja.a(leds.o)
                0x00000000000145b1                leds_init
                0x00000000000145fc                leds_single_on
                0x0000000000014669                leds_single_off
                0x00000000000146d6                leds_single_toggle
                0x000000000001470e                leds_on
                0x000000000001479f                leds_off
                0x0000000000014830                leds_toggle
                0x000000000001488c                leds_set
                0x00000000000148b5                leds_get
 .text          0x000000000001495e      0x41b build/cooja/contiki-ng-cooja.a(gpio-hal-arch.o)
                0x000000000001495e                gpio_hal_arch_register_pin_callback
                0x0000000000014a05                gpio_hal_arch_init
                0x0000000000014a5b                gpio_hal_arch_no_port_interrupt_enable
                0x0000000000014aa8                gpio_hal_arch_no_port_interrupt_disable
                0x0000000000014af5                gpio_hal_arch_no_port_pin_cfg_set
                0x0000000000014b2b                gpio_hal_arch_no_port_pin_cfg_get
                0x0000000000014b5f                gpio_hal_arch_no_port_pin_set_input
                0x0000000000014b72                gpio_hal_arch_no_port_pin_set_output
                0x0000000000014b85                gpio_hal_arch_no_port_set_pin
                0x0000000000014ba9                gpio_hal_arch_no_port_clear_pin
                0x0000000000014bcd                gpio_hal_arch_no_port_read_pin
                0x0000000000014bfa                gpio_hal_arch_no_port_write_pin
                0x0000000000014c24                gpio_hal_arch_no_port_set_pins
                0x0000000000014c73                gpio_hal_arch_no_port_clear_pins
                0x0000000000014cc2                gpio_hal_arch_no_port_read_pins
                0x0000000000014d10                gpio_hal_arch_no_port_write_pins
 .text          0x0000000000014d79       0xa8 build/cooja/contiki-ng-cooja.a(buttons.o)
 .text          0x0000000000014e21       0xf9 build/cooja/contiki-ng-cooja.a(res-tent.o)
 .text          0x0000000000014f1a      0x2e0 build/cooja/contiki-ng-cooja.a(coap-blocking-api.o)
                0x0000000000014f1a                coap_blocking_request_callback
                0x0000000000014f55                coap_blocking_request
 .text          0x00000000000151fa      0xdaa build/cooja/contiki-ng-cooja.a(coap-engine.o)
                0x00000000000152c9                coap_add_handler
                0x00000000000152f2                coap_remove_handler
                0x000000000001531b                coap_call_handlers
                0x000000000001545c                coap_receive
                0x0000000000015b12                coap_engine_init
                0x0000000000015b72                coap_activate_resource
                0x0000000000015c43                coap_get_first_resource
                0x0000000000015c5c                coap_get_next_resource
 .text          0x0000000000015fa4      0xa9c build/cooja/contiki-ng-cooja.a(coap-observe.o)
                0x00000000000160f5                coap_remove_observer
                0x0000000000016134                coap_remove_observer_by_client
                0x00000000000161aa                coap_remove_observer_by_token
                0x0000000000016258                coap_remove_observer_by_uri
                0x0000000000016315                coap_remove_observer_by_mid
                0x000000000001639f                coap_notify_observers
                0x00000000000163c3                coap_notify_observers_sub
                0x0000000000016875                coap_observe_handler
                0x00000000000169c9                coap_has_observers
 .text          0x0000000000016a40      0x376 build/cooja/contiki-ng-cooja.a(coap-res-well-known-core.o)
 .text          0x0000000000016db6      0x322 build/cooja/contiki-ng-cooja.a(coap-timer.o)
                0x0000000000016ec8                coap_timer_stop
                0x0000000000016efe                coap_timer_set
                0x0000000000016f35                coap_timer_reset
                0x0000000000016f6f                coap_timer_time_to_next_expiration
                0x0000000000016fc8                coap_timer_run
                0x000000000001708f                coap_timer_init
 .text          0x00000000000170d8      0x33a build/cooja/contiki-ng-cooja.a(coap-transactions.o)
                0x000000000001716a                coap_new_transaction
                0x00000000000171e1                coap_send_transaction
                0x0000000000017360                coap_clear_transaction
                0x00000000000173b6                coap_get_transaction_by_mid
 .text          0x0000000000017412      0x8b4 build/cooja/contiki-ng-cooja.a(coap-uip.o)
                0x0000000000017412                coap_endpoint_log
                0x00000000000174ae                coap_endpoint_print
                0x000000000001754a                coap_endpoint_snprint
                0x00000000000176d0                coap_endpoint_copy
                0x0000000000017718                coap_endpoint_cmp
                0x000000000001786d                coap_endpoint_parse
                0x0000000000017a9c                coap_endpoint_is_secure
                0x0000000000017ab5                coap_endpoint_is_connected
                0x0000000000017afb                coap_endpoint_connect
                0x0000000000017b21                coap_endpoint_disconnect
                0x0000000000017b30                coap_databuf
                0x0000000000017b44                coap_transport_init
                0x0000000000017ba4                coap_sendto
 .text          0x0000000000017cc6     0x24a7 build/cooja/contiki-ng-cooja.a(coap.o)
                0x000000000001839e                coap_init_connection
                0x00000000000183b5                coap_get_mid
                0x00000000000183d7                coap_init_message
                0x000000000001842d                coap_serialize_message
                0x0000000000018bb6                coap_parse_message
                0x00000000000193ea                coap_get_query_variable
                0x0000000000019446                coap_get_post_variable
                0x00000000000194a0                coap_set_status_code
                0x00000000000194d2                coap_set_token
                0x0000000000019532                coap_get_header_content_format
                0x000000000001957a                coap_set_header_content_format
                0x00000000000195b2                coap_get_header_accept
                0x00000000000195fd                coap_set_header_accept
                0x0000000000019638                coap_get_header_max_age
                0x0000000000019681                coap_set_header_max_age
                0x00000000000196b6                coap_get_header_etag
                0x0000000000019702                coap_set_header_etag
                0x0000000000019773                coap_get_header_if_match
                0x00000000000197c5                coap_set_header_if_match
                0x0000000000019842                coap_get_header_if_none_match
                0x000000000001986d                coap_set_header_if_none_match
                0x0000000000019895                coap_get_header_proxy_uri
                0x00000000000198de                coap_set_header_proxy_uri
                0x000000000001992d                coap_get_header_uri_host
                0x0000000000019976                coap_set_header_uri_host
                0x00000000000199c5                coap_get_header_uri_path
                0x0000000000019a14                coap_set_header_uri_path
                0x0000000000019a7e                coap_get_header_uri_query
                0x0000000000019acd                coap_set_header_uri_query
                0x0000000000019b37                coap_get_header_location_path
                0x0000000000019b80                coap_set_header_location_path
                0x0000000000019c36                coap_get_header_location_query
                0x0000000000019c85                coap_set_header_location_query
                0x0000000000019cef                coap_get_header_observe
                0x0000000000019d38                coap_set_header_observe
                0x0000000000019d70                coap_get_header_block2
                0x0000000000019e12                coap_set_header_block2
                0x0000000000019ea2                coap_get_header_block1
                0x0000000000019f44                coap_set_header_block1
                0x0000000000019fcf                coap_get_header_size2
                0x000000000001a016                coap_set_header_size2
                0x000000000001a04e                coap_get_header_size1
                0x000000000001a095                coap_set_header_size1
                0x000000000001a0cd                coap_get_payload
                0x000000000001a11d                coap_set_payload
 .text          0x000000000001a16d      0x405 build/cooja/contiki-ng-cooja.a(contiki-main.o)
                0x000000000001a16d                main
 .text          0x000000000001a572       0xbd build/cooja/contiki-ng-cooja.a(autostart.o)
                0x000000000001a572                autostart_start
                0x000000000001a5d3                autostart_exit
 .text          0x000000000001a62f      0x441 build/cooja/contiki-ng-cooja.a(ctimer.o)
                0x000000000001a791                ctimer_init
                0x000000000001a7c6                ctimer_set
                0x000000000001a80a                ctimer_set_with_process
                0x000000000001a8c4                ctimer_reset
                0x000000000001a935                ctimer_restart
                0x000000000001a9a6                ctimer_stop
                0x000000000001aa04                ctimer_expired
 .text          0x000000000001aa70       0x25 build/cooja/contiki-ng-cooja.a(energest.o)
                0x000000000001aa70                energest_init
                0x000000000001aa7b                energest_flush
                0x000000000001aa86                energest_get_total_time
 .text          0x000000000001aa95      0x57c build/cooja/contiki-ng-cooja.a(etimer.o)
                0x000000000001ad3d                etimer_request_poll
                0x000000000001adef                etimer_set
                0x000000000001ae25                etimer_reset_with_new_interval
                0x000000000001ae60                etimer_reset
                0x000000000001ae8b                etimer_restart
                0x000000000001aeb6                etimer_adjust
                0x000000000001aee7                etimer_expired
                0x000000000001af06                etimer_expiration_time
                0x000000000001af26                etimer_start_time
                0x000000000001af3b                etimer_pending
                0x000000000001af55                etimer_next_expiration_time
                0x000000000001af76                etimer_stop
 .text          0x000000000001b011      0x539 build/cooja/contiki-ng-cooja.a(log.o)
                0x000000000001b011                log_6addr
                0x000000000001b077                log_6addr_compact_snprint
                0x000000000001b152                log_6addr_compact
                0x000000000001b1b8                log_lladdr
                0x000000000001b238                log_lladdr_compact
                0x000000000001b2ba                log_bytes
                0x000000000001b31a                log_set_level
                0x000000000001b428                log_get_level
                0x000000000001b4df                log_level_to_str
 .text          0x000000000001b54a       0x36 build/cooja/contiki-ng-cooja.a(node-id.o)
                0x000000000001b54a                node_id_init
 .text          0x000000000001b580      0x673 build/cooja/contiki-ng-cooja.a(process.o)
                0x000000000001b580                process_alloc_event
                0x000000000001b59a                process_start
                0x000000000001b80a                process_exit
                0x000000000001b836                process_init
                0x000000000001ba2d                process_run
                0x000000000001ba62                process_nevents
                0x000000000001ba82                process_post
                0x000000000001bb4a                process_post_synch
                0x000000000001bb98                process_poll
                0x000000000001bbd5                process_is_running
 .text          0x000000000001bbf3      0x101 build/cooja/contiki-ng-cooja.a(rtimer.o)
                0x000000000001bbf3                rtimer_init
                0x000000000001bc03                rtimer_set
                0x000000000001bc84                rtimer_run_next
 .text          0x000000000001bcf4       0xfd build/cooja/contiki-ng-cooja.a(timer.o)
                0x000000000001bcf4                timer_set
                0x000000000001bd23                timer_reset
                0x000000000001bd5f                timer_restart
                0x000000000001bd7e                timer_expired
                0x000000000001bdb9                timer_remaining
 .text          0x000000000001bdf1      0x39b build/cooja/contiki-ng-cooja.a(list.o)
                0x000000000001bdf1                list_init
                0x000000000001be0b                list_head
                0x000000000001be20                list_copy
                0x000000000001be41                list_tail
                0x000000000001be8a                list_add
                0x000000000001beee                list_push
                0x000000000001bf31                list_chop
                0x000000000001bfbe                list_pop
                0x000000000001bff8                list_remove
                0x000000000001c084                list_length
                0x000000000001c0bf                list_insert
                0x000000000001c122                list_item_next
                0x000000000001c145                list_contains
 .text          0x000000000001c18c      0x21a build/cooja/contiki-ng-cooja.a(memb.o)
                0x000000000001c18c                memb_init
                0x000000000001c1ef                memb_alloc
                0x000000000001c269                memb_free
                0x000000000001c2fc                memb_inmemb
                0x000000000001c353                memb_numfree
 .text          0x000000000001c3a6      0x574 build/cooja/contiki-ng-cooja.a(button-hal.o)
                0x000000000001c571                button_hal_get_by_id
                0x000000000001c5bf                button_hal_get_by_index
                0x000000000001c5f6                button_hal_get_state
                0x000000000001c659                button_hal_init
 .text          0x000000000001c91a      0x181 build/cooja/contiki-ng-cooja.a(gpio-hal.o)
                0x000000000001c91a                gpio_hal_register_handler
                0x000000000001c943                gpio_hal_event_handler
                0x000000000001c9ae                gpio_hal_init
                0x000000000001c9cd                gpio_hal_arch_port_toggle_pin
                0x000000000001ca04                gpio_hal_arch_port_toggle_pins
                0x000000000001ca35                gpio_hal_arch_no_port_toggle_pin
                0x000000000001ca6f                gpio_hal_arch_no_port_toggle_pins
 .text          0x000000000001ca9b      0x238 build/cooja/contiki-ng-cooja.a(serial-line.o)
                0x000000000001ca9b                serial_line_input_byte
                0x000000000001cc96                serial_line_init
 .text          0x000000000001ccd3       0x80 build/cooja/contiki-ng-cooja.a(linkaddr.o)
                0x000000000001ccd3                linkaddr_copy
                0x000000000001ccf4                linkaddr_cmp
                0x000000000001cd2a                linkaddr_set_node_addr
 .text          0x000000000001cd53      0x12b build/cooja/contiki-ng-cooja.a(netstack.o)
                0x000000000001cd53                netstack_process_ip_callback
                0x000000000001cdf4                netstack_ip_packet_processor_add
                0x000000000001ce24                uip_ds6_ip_packet_processor_rm
                0x000000000001ce4d                netstack_init
 .text          0x000000000001ce7e      0x4a8 build/cooja/contiki-ng-cooja.a(packetbuf.o)
                0x000000000001ce7e                packetbuf_clear
                0x000000000001ceac                packetbuf_copyfrom
                0x000000000001cf05                packetbuf_copyto
                0x000000000001cfab                packetbuf_hdralloc
                0x000000000001d03a                packetbuf_hdrreduce
                0x000000000001d08a                packetbuf_set_datalen
                0x000000000001d0a6                packetbuf_dataptr
                0x000000000001d0cb                packetbuf_hdrptr
                0x000000000001d0dc                packetbuf_datalen
                0x000000000001d0ed                packetbuf_hdrlen
                0x000000000001d109                packetbuf_totlen
                0x000000000001d12b                packetbuf_remaininglen
                0x000000000001d143                packetbuf_attr_clear
                0x000000000001d1a8                packetbuf_attr_copyto
                0x000000000001d1f3                packetbuf_attr_copyfrom
                0x000000000001d23e                packetbuf_set_attr
                0x000000000001d26e                packetbuf_attr
                0x000000000001d28f                packetbuf_set_addr
                0x000000000001d2d5                packetbuf_addr
                0x000000000001d2ff                packetbuf_holds_broadcast
 .text          0x000000000001d326      0x382 build/cooja/contiki-ng-cooja.a(queuebuf.o)
                0x000000000001d33b                queuebuf_init
                0x000000000001d364                queuebuf_numfree
                0x000000000001d37d                queuebuf_new_from_packetbuf
                0x000000000001d430                queuebuf_update_attr_from_packetbuf
                0x000000000001d473                queuebuf_update_from_packetbuf
                0x000000000001d4cf                queuebuf_free
                0x000000000001d52b                queuebuf_to_packetbuf
                0x000000000001d5a4                queuebuf_dataptr
                0x000000000001d5eb                queuebuf_datalen
                0x000000000001d61b                queuebuf_addr
                0x000000000001d662                queuebuf_attr
                0x000000000001d69d                queuebuf_debug_print
 .text          0x000000000001d6a8      0x116 build/cooja/contiki-ng-cooja.a(printf.o)
                0x000000000001d6dd                log_printf
 .text          0x000000000001d7be       0x1e build/cooja/contiki-ng-cooja.a(putchar.o)
                0x000000000001d7be                log_putchar
 .text          0x000000000001d7dc       0x3d build/cooja/contiki-ng-cooja.a(puts.o)
                0x000000000001d7dc                log_puts
 .text          0x000000000001d819      0x1f8 build/cooja/contiki-ng-cooja.a(snprintf.o)
                0x000000000001d8a4                log_snprintf
                0x000000000001d989                log_vsnprintf
 .text          0x000000000001da11      0x152 build/cooja/contiki-ng-cooja.a(sprintf.o)
                0x000000000001da5c                log_sprintf
 .text          0x000000000001db63     0x170b build/cooja/contiki-ng-cooja.a(strformat.o)
                0x000000000001ded6                format_str
                0x000000000001dfb7                format_str_v
 .text          0x000000000001f26e      0x292 build/cooja/contiki-ng-cooja.a(csma.o)
 .text          0x000000000001f500     0x3747 build/cooja/contiki-ng-cooja.a(sicslowpan.o)
                0x000000000001fcd6                netstack_sniffer_add
                0x000000000001fcf0                netstack_sniffer_remove
                0x0000000000022c10                sicslowpan_init
                0x0000000000022c37                sicslowpan_get_last_rssi
 .text          0x0000000000022c47      0x884 build/cooja/contiki-ng-cooja.a(tcpip.o)
                0x0000000000022c77                tcpip_output
                0x0000000000022d0f                udp_attach
                0x0000000000022d3d                udp_new
                0x0000000000022d98                udp_broadcast_new
                0x0000000000022f4c                tcpip_input
                0x0000000000023124                tcpip_ipv6_output
                0x000000000002337d                tcpip_poll_udp
                0x00000000000233ab                tcpip_uipcall
 .text          0x00000000000234cb      0x416 build/cooja/contiki-ng-cooja.a(uip-ds6-nbr.o)
                0x00000000000234cb                uip_ds6_neighbors_init
                0x00000000000234f4                uip_ds6_nbr_add
                0x0000000000023592                uip_ds6_nbr_rm
                0x00000000000235ef                uip_ds6_nbr_update_ll
                0x00000000000236f4                uip_ds6_nbr_get_ipaddr
                0x0000000000023714                uip_ds6_nbr_get_ll
                0x000000000002373c                uip_ds6_nbr_num
                0x000000000002378e                uip_ds6_nbr_head
                0x00000000000237a7                uip_ds6_nbr_next
                0x00000000000237cf                uip_ds6_nbr_lookup
                0x0000000000023838                uip_ds6_nbr_ll_lookup
                0x0000000000023860                uip_ds6_nbr_ipaddr_from_lladdr
                0x0000000000023894                uip_ds6_nbr_lladdr_from_ipaddr
                0x00000000000238d0                uip_ds6_link_callback
 .text          0x00000000000238e1      0xbf9 build/cooja/contiki-ng-cooja.a(uip-ds6-route.o)
                0x00000000000239f2                uip_ds6_notification_add
                0x0000000000023a39                uip_ds6_notification_rm
                0x0000000000023a62                uip_ds6_route_init
                0x0000000000023ad4                uip_ds6_route_count_nexthop_neighbors
                0x0000000000023b69                uip_ds6_route_nexthop
                0x0000000000023b9d                uip_ds6_route_head
                0x0000000000023bb6                uip_ds6_route_next
                0x0000000000023bea                uip_ds6_route_is_nexthop
                0x0000000000023c3c                uip_ds6_route_num_routes
                0x0000000000023c4c                uip_ds6_route_lookup
                0x0000000000023d3b                uip_ds6_route_add
                0x0000000000023fbd                uip_ds6_route_rm
                0x0000000000024196                uip_ds6_route_rm_by_nexthop
                0x00000000000241e2                uip_ds6_defrt_head
                0x00000000000241fb                uip_ds6_defrt_add
                0x00000000000242d0                uip_ds6_defrt_rm
                0x0000000000024363                uip_ds6_defrt_lookup
                0x00000000000243da                uip_ds6_defrt_choose
                0x000000000002445d                uip_ds6_defrt_periodic
 .text          0x00000000000244da      0xebc build/cooja/contiki-ng-cooja.a(uip-ds6.o)
                0x00000000000244da                uip_ds6_default_prefix
                0x00000000000244eb                uip_ds6_set_default_prefix
                0x0000000000024513                uip_ds6_init
                0x00000000000247b2                uip_ds6_periodic
                0x0000000000024854                uip_ds6_list_loop
                0x000000000002493d                uip_ds6_prefix_add
                0x0000000000024a0e                uip_ds6_prefix_rm
                0x0000000000024a2c                uip_ds6_prefix_lookup
                0x0000000000024a83                uip_ds6_is_addr_onlink
                0x0000000000024b17                uip_ds6_addr_add
                0x0000000000024c62                uip_ds6_addr_rm
                0x0000000000024d1d                uip_ds6_addr_lookup
                0x0000000000024d72                uip_ds6_get_link_local
                0x0000000000024e17                uip_ds6_get_global
                0x0000000000024ebc                uip_ds6_maddr_add
                0x0000000000024f38                uip_ds6_maddr_rm
                0x0000000000024f56                uip_ds6_maddr_lookup
                0x0000000000024fae                uip_ds6_aaddr_add
                0x000000000002502a                uip_ds6_aaddr_rm
                0x0000000000025048                uip_ds6_aaddr_lookup
                0x00000000000250a0                uip_ds6_select_src
                0x000000000002522a                uip_ds6_set_addr_iid
                0x0000000000025263                uip_ds6_set_lladdr_from_iid
                0x000000000002529a                get_match_length
                0x0000000000025348                uip_ds6_compute_reachable_time
 .text          0x0000000000025396      0x1b9 build/cooja/contiki-ng-cooja.a(uip-packetqueue.o)
                0x00000000000253d5                uip_packetqueue_new
                0x00000000000253ef                uip_packetqueue_alloc
                0x0000000000025469                uip_packetqueue_free
                0x00000000000254c1                uip_packetqueue_buf
                0x00000000000254ed                uip_packetqueue_buflen
                0x000000000002551c                uip_packetqueue_set_buflen
 .text          0x000000000002554f      0x147 build/cooja/contiki-ng-cooja.a(uip-udp-packet.o)
                0x000000000002554f                uip_udp_packet_send
                0x00000000000255d1                uip_udp_packet_sendto
 .text          0x0000000000025696     0x1701 build/cooja/contiki-ng-cooja.a(uip6.o)
                0x000000000002575a                uip_chksum
                0x0000000000025840                uip_icmp6chksum
                0x0000000000025854                uip_udpchksum
                0x0000000000025868                uip_init
                0x00000000000258cf                uip_remove_ext_hdr
                0x00000000000259d0                uip_udp_new
                0x0000000000025d7e                uip_process
                0x0000000000026c1d                uip_htons
                0x0000000000026c40                uip_htonl
                0x0000000000026c88                uip_send
 .text          0x0000000000026d97      0x5b1 build/cooja/contiki-ng-cooja.a(uipbuf.o)
                0x0000000000026d97                uipbuf_clear
                0x0000000000026dc9                uipbuf_add_ext_hdr
                0x0000000000026e61                uipbuf_set_len
                0x0000000000026e93                uipbuf_set_len_field
                0x0000000000026ec6                uipbuf_get_len_field
                0x0000000000026ef1                uipbuf_get_next_header
                0x0000000000027063                uipbuf_get_last_header
                0x00000000000270f6                uipbuf_search_header
                0x00000000000271bd                uipbuf_get_attr
                0x00000000000271ee                uipbuf_set_attr
                0x000000000002722e                uipbuf_set_default_attr
                0x000000000002726e                uipbuf_clear_attr
                0x0000000000027295                uipbuf_set_attr_flag
                0x00000000000272b8                uipbuf_clr_attr_flag
                0x00000000000272e1                uipbuf_is_attr_flag
                0x0000000000027306                uipbuf_init
 .text          0x0000000000027348      0x57d build/cooja/contiki-ng-cooja.a(uiplib.o)
                0x0000000000027348                uiplib_ip6addrconv
                0x0000000000027524                uiplib_ip4addrconv
                0x00000000000275f6                uiplib_ipaddr_print
                0x000000000002765c                uiplib_ipaddr_snprint
 .text          0x00000000000278c5      0x66e build/cooja/contiki-ng-cooja.a(rpl.o)
                0x00000000000278c5                rpl_lollipop_greater_than
                0x0000000000027929                rpl_get_global_address
                0x0000000000027ac9                rpl_link_callback
                0x0000000000027b33                rpl_has_joined
                0x0000000000027b66                rpl_is_reachable
                0x0000000000027c0c                rpl_reset_prefix
                0x0000000000027c83                rpl_set_prefix_from_addr
                0x0000000000027d9e                rpl_set_prefix
                0x0000000000027f08                rpl_set_leaf_only
                0x0000000000027f22                rpl_get_leaf_only
 .text          0x0000000000027f33       0x49 build/cooja/contiki-ng-cooja.a(watchdog.o)
                0x0000000000027f33                watchdog_init
                0x0000000000027f3e                watchdog_start
                0x0000000000027f49                watchdog_periodic
                0x0000000000027f66                watchdog_stop
                0x0000000000027f71                watchdog_reboot
 .text          0x0000000000027f7c       0x61 build/cooja/contiki-ng-cooja.a(int-master.o)
                0x0000000000027f7c                int_master_enable
                0x0000000000027f91                int_master_read_and_disable
                0x0000000000027fb1                int_master_status_set
                0x0000000000027fc8                int_master_is_enabled
 .text          0x0000000000027fdd      0x1e5 build/cooja/contiki-ng-cooja.a(coap-timer-default.o)
 .text          0x00000000000281c2      0x125 build/cooja/contiki-ng-cooja.a(stimer.o)
                0x00000000000281c2                stimer_set
                0x00000000000281f1                stimer_reset
                0x000000000002822d                stimer_restart
                0x000000000002824c                stimer_expired
                0x000000000002828e                stimer_remaining
                0x00000000000282c6                stimer_elapsed
 .text          0x00000000000282e7      0x19d build/cooja/contiki-ng-cooja.a(ringbuf.o)
                0x00000000000282e7                ringbuf_init
                0x0000000000028328                ringbuf_put
                0x00000000000283b7                ringbuf_get
                0x0000000000028435                ringbuf_size
                0x0000000000028451                ringbuf_elements
 .text          0x0000000000028484      0x481 build/cooja/contiki-ng-cooja.a(link-stats.o)
                0x0000000000028484                link_stats_from_lladdr
                0x00000000000284ac                link_stats_get_lladdr
                0x00000000000284d4                link_stats_is_fresh
                0x000000000002851c                guess_etx_from_rssi
                0x00000000000285a1                link_stats_packet_sent
                0x0000000000028705                link_stats_input_callback
                0x0000000000028867                link_stats_reset
                0x00000000000288c3                link_stats_init
 .text          0x0000000000028905      0xcb0 build/cooja/contiki-ng-cooja.a(nbr-table.o)
                0x0000000000028d63                nbr_table_count_entries
                0x0000000000028e02                nbr_table_gc_get_worst
                0x0000000000028e45                nbr_table_can_accept_new
                0x0000000000028ffa                nbr_table_entry_is_allowed
                0x00000000000290a7                nbr_table_register
                0x0000000000029139                nbr_table_is_registered
                0x0000000000029190                nbr_table_head
                0x00000000000291fe                nbr_table_next
                0x000000000002927b                nbr_table_add_lladdr
                0x00000000000293db                nbr_table_get_from_lladdr
                0x000000000002943a                nbr_table_remove
                0x0000000000029494                nbr_table_lock
                0x00000000000294c9                nbr_table_unlock
                0x00000000000294fe                nbr_table_get_lladdr
                0x0000000000029541                nbr_table_clear
                0x000000000002957e                nbr_table_key_head
                0x0000000000029597                nbr_table_key_next
 .text          0x00000000000295b5      0x1e0 build/cooja/contiki-ng-cooja.a(mac-sequence.o)
                0x00000000000295b5                mac_sequence_is_duplicate
                0x0000000000029696                mac_sequence_register_seqno
 .text          0x0000000000029795      0x451 build/cooja/contiki-ng-cooja.a(framer-802154.o)
                0x0000000000029930                framer_802154_setup_params
 .text          0x0000000000029be6      0xae3 build/cooja/contiki-ng-cooja.a(csma-output.o)
                0x000000000002a3c8                csma_output_packet
                0x000000000002a691                csma_output_init
 .text          0x000000000002a6c9       0x3d build/cooja/contiki-ng-cooja.a(csma-security.o)
                0x000000000002a6c9                csma_security_create_frame
                0x000000000002a6ef                csma_security_parse_frame
 .text          0x000000000002a706      0x8b7 build/cooja/contiki-ng-cooja.a(uip-icmp6.o)
                0x000000000002a783                uip_icmp6_input
                0x000000000002a7e1                uip_icmp6_register_input_handler
                0x000000000002a973                uip_icmp6_error_output
                0x000000000002acd8                uip_icmp6_send
                0x000000000002af24                uip_icmp6_echo_reply_callback_add
                0x000000000002af6b                uip_icmp6_echo_reply_callback_rm
                0x000000000002af94                uip_icmp6_init
 .text          0x000000000002afbd      0x87f build/cooja/contiki-ng-cooja.a(uip-nd6.o)
                0x000000000002b822                uip_nd6_init
 .text          0x000000000002b83c      0x7e7 build/cooja/contiki-ng-cooja.a(uip-sr.o)
                0x000000000002b83c                uip_sr_num_nodes
                0x000000000002b8e7                uip_sr_get_node
                0x000000000002b94f                uip_sr_is_addr_reachable
                0x000000000002ba17                uip_sr_expire_parent
                0x000000000002ba86                uip_sr_update_node
                0x000000000002bbfa                uip_sr_init
                0x000000000002bc2d                uip_sr_node_head
                0x000000000002bc46                uip_sr_node_next
                0x000000000002bc64                uip_sr_periodic
                0x000000000002bda0                uip_sr_free_all
                0x000000000002be1f                uip_sr_link_snprint
 .text          0x000000000002c023      0x35a build/cooja/contiki-ng-cooja.a(rpl-dag-root.o)
                0x000000000002c023                rpl_dag_root_print_links
                0x000000000002c198                rpl_dag_root_set_prefix
                0x000000000002c1d4                rpl_dag_root_start
                0x000000000002c33d                rpl_dag_root_is_root
 .text          0x000000000002c37d     0x1219 build/cooja/contiki-ng-cooja.a(rpl-dag.o)
                0x000000000002c37d                rpl_dag_state_to_str
                0x000000000002c3db                rpl_dag_get_root_ipaddr
                0x000000000002c425                rpl_dag_leave
                0x000000000002c4d0                rpl_dag_poison_and_leave
                0x000000000002c4ee                rpl_dag_periodic
                0x000000000002c5b2                rpl_is_addr_in_our_dag
                0x000000000002c60e                rpl_get_default_instance
                0x000000000002c635                rpl_get_any_dag
                0x000000000002c6a2                rpl_refresh_routes
                0x000000000002c704                rpl_global_repair
                0x000000000002c7c6                rpl_local_repair
                0x000000000002c828                rpl_dag_ready_to_advertise
                0x000000000002c880                rpl_dag_update_state
                0x000000000002d143                rpl_process_dio
                0x000000000002d1e5                rpl_process_dis
                0x000000000002d239                rpl_process_dao
                0x000000000002d2e2                rpl_process_dao_ack
                0x000000000002d392                rpl_process_hbh
                0x000000000002d3f1                rpl_dag_init_root
                0x000000000002d572                rpl_dag_init
 .text          0x000000000002d596      0xdef build/cooja/contiki-ng-cooja.a(rpl-ext-header.o)
                0x000000000002d596                rpl_ext_header_srh_get_next_hop
                0x000000000002d6a7                rpl_ext_header_srh_update
                0x000000000002dd36                rpl_ext_header_hbh_update
                0x000000000002e0d6                rpl_ext_header_update
                0x000000000002e180                rpl_ext_header_remove
 .text          0x000000000002e385     0x16eb build/cooja/contiki-ng-cooja.a(rpl-icmp6.o)
                0x000000000002e519                rpl_icmp6_update_nbr_table
                0x000000000002e5ce                rpl_icmp6_dis_output
                0x000000000002ecf2                rpl_icmp6_dio_output
                0x000000000002f622                rpl_icmp6_dao_output
                0x000000000002f993                rpl_icmp6_dao_ack_output
                0x000000000002fa29                rpl_icmp6_init
 .text          0x000000000002fa70      0x36f build/cooja/contiki-ng-cooja.a(rpl-mrhof.o)
 .text          0x000000000002fddf       0x8c build/cooja/contiki-ng-cooja.a(rpl-nbr-policy.o)
                0x000000000002fe27                rpl_nbr_gc_get_worst
 .text          0x000000000002fe6b      0xadd build/cooja/contiki-ng-cooja.a(rpl-neighbor.o)
                0x000000000002fefe                rpl_neighbor_snprint
                0x000000000003022c                rpl_neighbor_print_list
                0x0000000000030303                rpl_neighbor_count
                0x00000000000303ee                rpl_neighbor_get_from_lladdr
                0x0000000000030419                rpl_neighbor_is_acceptable_parent
                0x0000000000030465                rpl_neighbor_get_link_metric
                0x00000000000304b1                rpl_neighbor_rank_via_nbr
                0x00000000000304fd                rpl_neighbor_get_lladdr
                0x0000000000030528                rpl_neighbor_get_ipaddr
                0x0000000000030556                rpl_neighbor_get_link_stats
                0x0000000000030584                rpl_neighbor_is_fresh
                0x00000000000305b2                rpl_neighbor_is_parent
                0x00000000000305eb                rpl_neighbor_set_preferred_parent
                0x00000000000306a2                rpl_neighbor_remove_all
                0x0000000000030708                rpl_neighbor_get_from_ipaddr
                0x0000000000030841                rpl_neighbor_select_best
                0x0000000000030921                rpl_neighbor_init
 .text          0x0000000000030948      0xd3d build/cooja/contiki-ng-cooja.a(rpl-timers.o)
                0x0000000000030948                rpl_timers_schedule_periodic_dis
                0x0000000000030afe                rpl_timers_dio_reset
                0x0000000000030c82                rpl_timers_schedule_unicast_dio
                0x0000000000030e69                rpl_timers_schedule_dao
                0x0000000000030f6f                rpl_timers_schedule_dao_ack
                0x0000000000031034                rpl_timers_notify_dao_ack
                0x00000000000310a9                get_probing_delay
                0x00000000000310f0                get_probing_target
                0x000000000003132e                rpl_schedule_probing
                0x0000000000031375                rpl_schedule_probing_now
                0x0000000000031403                rpl_timers_unschedule_leaving
                0x000000000003144d                rpl_timers_schedule_leaving
                0x00000000000314ab                rpl_timers_init
                0x000000000003155d                rpl_timers_stop_dag_timers
                0x00000000000315ff                rpl_timers_unschedule_state_update
                0x000000000003162c                rpl_timers_schedule_state_update
 .text          0x0000000000031685       0x34 build/cooja/contiki-ng-cooja.a(assert.o)
                0x0000000000031685                _xassert
 .text          0x00000000000316b9       0x3a build/cooja/contiki-ng-cooja.a(mac.o)
                0x00000000000316b9                mac_call_sent_callback
 .text          0x00000000000316f3      0xca9 build/cooja/contiki-ng-cooja.a(frame802154.o)
                0x0000000000031721                frame802154_get_pan_id
                0x0000000000031732                frame802154_set_pan_id
                0x000000000003174e                frame802154_has_panid
                0x000000000003192d                frame802154_check_dest_panid
                0x00000000000319cb                frame802154_is_broadcast_addr
                0x0000000000031a22                frame802154_extract_linkaddr
                0x0000000000031cbc                frame802154_hdrlen
                0x0000000000031d3b                frame802154_create_fcf
                0x0000000000031e0d                frame802154_create
                0x0000000000031fb7                frame802154_parse_fcf
                0x00000000000320ae                frame802154_parse
 .text          0x000000000003239c        0x0 /usr/lib/gcc/x86_64-linux-gnu/11/crtendS.o
 .text          0x000000000003239c        0x0 /usr/lib/gcc/x86_64-linux-gnu/11/../../../x86_64-linux-gnu/crtn.o
 *(.gnu.warning)

.fini           0x000000000003239c        0xd
 *(SORT_NONE(.fini))
 .fini          0x000000000003239c        0x8 /usr/lib/gcc/x86_64-linux-gnu/11/../../../x86_64-linux-gnu/crti.o
                0x000000000003239c                _fini
 .fini          0x00000000000323a4        0x5 /usr/lib/gcc/x86_64-linux-gnu/11/../../../x86_64-linux-gnu/crtn.o
                [!provide]                        PROVIDE (__etext = .)
                [!provide]                        PROVIDE (_etext = .)
                [!provide]                        PROVIDE (etext = .)
                0x0000000000033000                . = ALIGN (CONSTANT (MAXPAGESIZE))
                0x0000000000033000                . = SEGMENT_START ("rodata-segment", (ALIGN (CONSTANT (MAXPAGESIZE)) + (. & (CONSTANT (MAXPAGESIZE) - 0x1))))

.rodata         0x0000000000033000      0xb6d
 *(.rodata .rodata.* .gnu.linkonce.r.*)
 .rodata        0x0000000000033000       0x7f coap-node.o
 .rodata        0x000000000003307f        0x6 build/cooja/contiki-ng-cooja.a(leds-arch.o)
                0x000000000003307f                leds_arch_leds
 .rodata        0x0000000000033085        0x4 build/cooja/contiki-ng-cooja.a(pir-sensor.o)
 .rodata        0x0000000000033089        0x3 build/cooja/contiki-ng-cooja.a(rs232.o)
 .rodata        0x000000000003308c        0xa build/cooja/contiki-ng-cooja.a(vib-sensor.o)
 *fill*         0x0000000000033096        0x2 
 .rodata        0x0000000000033098       0x26 build/cooja/contiki-ng-cooja.a(cfs-cooja.o)
 *fill*         0x00000000000330be        0x2 
 .rodata        0x00000000000330c0       0x68 build/cooja/contiki-ng-cooja.a(cooja-radio.o)
 .rodata        0x0000000000033128        0x8 build/cooja/contiki-ng-cooja.a(sensors.o)
 .rodata        0x0000000000033130       0x14 build/cooja/contiki-ng-cooja.a(buttons.o)
                0x000000000003313c                button_hal_button_count
 *fill*         0x0000000000033144        0x4 
 .rodata        0x0000000000033148       0x3e build/cooja/contiki-ng-cooja.a(res-tent.o)
 .rodata        0x0000000000033186       0x41 build/cooja/contiki-ng-cooja.a(coap-engine.o)
 .rodata        0x00000000000331c7       0x11 build/cooja/contiki-ng-cooja.a(coap-observe.o)
 .rodata        0x00000000000331d8       0x19 build/cooja/contiki-ng-cooja.a(coap-res-well-known-core.o)
 .rodata        0x00000000000331f1       0x35 build/cooja/contiki-ng-cooja.a(coap-uip.o)
 *fill*         0x0000000000033226        0x2 
 .rodata        0x0000000000033228      0x1b0 build/cooja/contiki-ng-cooja.a(coap.o)
 .rodata        0x00000000000333d8       0xf4 build/cooja/contiki-ng-cooja.a(contiki-main.o)
 .rodata        0x00000000000334cc        0xf build/cooja/contiki-ng-cooja.a(ctimer.o)
 .rodata        0x00000000000334db        0xc build/cooja/contiki-ng-cooja.a(etimer.o)
 *fill*         0x00000000000334e7        0x1 
 .rodata        0x00000000000334e8       0xc0 build/cooja/contiki-ng-cooja.a(log.o)
 .rodata        0x00000000000335a8       0x13 build/cooja/contiki-ng-cooja.a(button-hal.o)
 .rodata        0x00000000000335bb        0xe build/cooja/contiki-ng-cooja.a(serial-line.o)
 *fill*         0x00000000000335c9        0x7 
 .rodata        0x00000000000335d0        0x8 build/cooja/contiki-ng-cooja.a(linkaddr.o)
                0x00000000000335d0                linkaddr_null
 *fill*         0x00000000000335d8        0x8 
 .rodata        0x00000000000335e0      0x280 build/cooja/contiki-ng-cooja.a(strformat.o)
 .rodata        0x0000000000033860        0x5 build/cooja/contiki-ng-cooja.a(csma.o)
 .rodata        0x0000000000033865       0x1d build/cooja/contiki-ng-cooja.a(sicslowpan.o)
                0x0000000000033865                unc_llconf
                0x0000000000033869                unc_ctxconf
                0x000000000003386d                unc_mxconf
                0x0000000000033871                llprefix
 .rodata        0x0000000000033882        0xd build/cooja/contiki-ng-cooja.a(tcpip.o)
 *fill*         0x000000000003388f        0x1 
 .rodata        0x0000000000033890       0xb9 build/cooja/contiki-ng-cooja.a(uip-ds6-route.o)
 .rodata        0x0000000000033949       0x2d build/cooja/contiki-ng-cooja.a(uiplib.o)
 .rodata        0x0000000000033976        0x9 build/cooja/contiki-ng-cooja.a(rpl.o)
 .rodata        0x000000000003397f       0x13 build/cooja/contiki-ng-cooja.a(coap-timer-default.o)
 *fill*         0x0000000000033992        0x6 
 .rodata        0x0000000000033998       0x27 build/cooja/contiki-ng-cooja.a(csma-output.o)
 .rodata        0x00000000000339bf       0x44 build/cooja/contiki-ng-cooja.a(uip-sr.o)
 .rodata        0x0000000000033a03       0xd7 build/cooja/contiki-ng-cooja.a(rpl-dag.o)
 *fill*         0x0000000000033ada        0x6 
 .rodata        0x0000000000033ae0       0x58 build/cooja/contiki-ng-cooja.a(rpl-neighbor.o)
 .rodata        0x0000000000033b38        0xc build/cooja/contiki-ng-cooja.a(rpl-timers.o)
 *fill*         0x0000000000033b44        0x4 
 .rodata        0x0000000000033b48       0x25 build/cooja/contiki-ng-cooja.a(assert.o)

.rodata1
 *(.rodata1)

.eh_frame_hdr   0x0000000000033b70     0x1aec
 *(.eh_frame_hdr)
 .eh_frame_hdr  0x0000000000033b70     0x1aec coap-node.o
                0x0000000000033b70                __GNU_EH_FRAME_HDR
 *(.eh_frame_entry .eh_frame_entry.*)

.eh_frame       0x0000000000035660     0x6c30
 *(.eh_frame)
 .eh_frame      0x0000000000035660       0x40 /usr/lib/gcc/x86_64-linux-gnu/11/../../../x86_64-linux-gnu/crti.o
 .eh_frame      0x00000000000356a0       0x18 /usr/lib/gcc/x86_64-linux-gnu/11/../../../x86_64-linux-gnu/crti.o
                                         0x30 (size before relaxing)
 .eh_frame      0x00000000000356b8       0x18 /usr/lib/gcc/x86_64-linux-gnu/11/../../../x86_64-linux-gnu/crti.o
                                         0x30 (size before relaxing)
 .eh_frame      0x00000000000356d0       0x50 coap-node.o
                                         0x68 (size before relaxing)
 .eh_frame      0x0000000000035720      0x198 build/cooja/mtype113442948.o
                                        0x1b0 (size before relaxing)
 .eh_frame      0x00000000000358b8       0x40 build/cooja/contiki-ng-cooja.a(simEnvChange.o)
                                         0x58 (size before relaxing)
 .eh_frame      0x00000000000358f8       0x60 build/cooja/contiki-ng-cooja.a(cooja_mt.o)
                                         0x78 (size before relaxing)
 .eh_frame      0x0000000000035958       0x80 build/cooja/contiki-ng-cooja.a(cooja_mtarch.o)
                                         0x98 (size before relaxing)
 .eh_frame      0x00000000000359d8       0xc0 build/cooja/contiki-ng-cooja.a(rtimer-arch.o)
                                         0xd8 (size before relaxing)
 .eh_frame      0x0000000000035a98      0x160 build/cooja/contiki-ng-cooja.a(beep.o)
                                        0x178 (size before relaxing)
 .eh_frame      0x0000000000035bf8       0x80 build/cooja/contiki-ng-cooja.a(leds-arch.o)
                                         0x98 (size before relaxing)
 .eh_frame      0x0000000000035c78       0x40 build/cooja/contiki-ng-cooja.a(moteid.o)
                                         0x58 (size before relaxing)
 .eh_frame      0x0000000000035cb8       0xa0 build/cooja/contiki-ng-cooja.a(pir-sensor.o)
                                         0xb8 (size before relaxing)
 .eh_frame      0x0000000000035d58      0x100 build/cooja/contiki-ng-cooja.a(rs232.o)
                                        0x118 (size before relaxing)
 .eh_frame      0x0000000000035e58       0xa0 build/cooja/contiki-ng-cooja.a(vib-sensor.o)
                                         0xb8 (size before relaxing)
 .eh_frame      0x0000000000035ef8       0xc0 build/cooja/contiki-ng-cooja.a(clock.o)
                                         0xd8 (size before relaxing)
 .eh_frame      0x0000000000035fb8      0x100 build/cooja/contiki-ng-cooja.a(cooja-log.o)
                                        0x118 (size before relaxing)
 .eh_frame      0x00000000000360b8      0x160 build/cooja/contiki-ng-cooja.a(cfs-cooja.o)
                                        0x178 (size before relaxing)
 .eh_frame      0x0000000000036218      0x360 build/cooja/contiki-ng-cooja.a(cooja-radio.o)
                                        0x378 (size before relaxing)
 .eh_frame      0x0000000000036578       0xa0 build/cooja/contiki-ng-cooja.a(eeprom.o)
                                         0xb8 (size before relaxing)
 .eh_frame      0x0000000000036618       0x40 build/cooja/contiki-ng-cooja.a(random.o)
                                         0x58 (size before relaxing)
 .eh_frame      0x0000000000036658       0xc0 build/cooja/contiki-ng-cooja.a(sensors.o)
                                         0xd8 (size before relaxing)
 .eh_frame      0x0000000000036718      0x120 build/cooja/contiki-ng-cooja.a(leds.o)
                                        0x138 (size before relaxing)
 .eh_frame      0x0000000000036838      0x220 build/cooja/contiki-ng-cooja.a(gpio-hal-arch.o)
                                        0x238 (size before relaxing)
 .eh_frame      0x0000000000036a58       0xa0 build/cooja/contiki-ng-cooja.a(buttons.o)
                                         0xb8 (size before relaxing)
 .eh_frame      0x0000000000036af8       0x20 build/cooja/contiki-ng-cooja.a(res-tent.o)
                                         0x38 (size before relaxing)
 .eh_frame      0x0000000000036b18       0x40 build/cooja/contiki-ng-cooja.a(coap-blocking-api.o)
                                         0x58 (size before relaxing)
 .eh_frame      0x0000000000036b58      0x220 build/cooja/contiki-ng-cooja.a(coap-engine.o)
                                        0x238 (size before relaxing)
 .eh_frame      0x0000000000036d78      0x188 build/cooja/contiki-ng-cooja.a(coap-observe.o)
                                        0x1a0 (size before relaxing)
 .eh_frame      0x0000000000036f00       0x20 build/cooja/contiki-ng-cooja.a(coap-res-well-known-core.o)
                                         0x38 (size before relaxing)
 .eh_frame      0x0000000000036f20      0x108 build/cooja/contiki-ng-cooja.a(coap-timer.o)
                                        0x120 (size before relaxing)
 .eh_frame      0x0000000000037028      0x100 build/cooja/contiki-ng-cooja.a(coap-transactions.o)
                                        0x118 (size before relaxing)
 .eh_frame      0x0000000000037128      0x248 build/cooja/contiki-ng-cooja.a(coap-uip.o)
                                        0x260 (size before relaxing)
 .eh_frame      0x0000000000037370      0x6e8 build/cooja/contiki-ng-cooja.a(coap.o)
                                        0x700 (size before relaxing)
 .eh_frame      0x0000000000037a58       0x20 build/cooja/contiki-ng-cooja.a(contiki-main.o)
                                         0x38 (size before relaxing)
 .eh_frame      0x0000000000037a78       0x40 build/cooja/contiki-ng-cooja.a(autostart.o)
                                         0x58 (size before relaxing)
 .eh_frame      0x0000000000037ab8      0x100 build/cooja/contiki-ng-cooja.a(ctimer.o)
                                        0x118 (size before relaxing)
 .eh_frame      0x0000000000037bb8       0x60 build/cooja/contiki-ng-cooja.a(energest.o)
                                         0x78 (size before relaxing)
 .eh_frame      0x0000000000037c18      0x1e0 build/cooja/contiki-ng-cooja.a(etimer.o)
                                        0x1f8 (size before relaxing)
 .eh_frame      0x0000000000037df8      0x120 build/cooja/contiki-ng-cooja.a(log.o)
                                        0x138 (size before relaxing)
 .eh_frame      0x0000000000037f18       0x20 build/cooja/contiki-ng-cooja.a(node-id.o)
                                         0x38 (size before relaxing)
 .eh_frame      0x0000000000037f38      0x1c8 build/cooja/contiki-ng-cooja.a(process.o)
                                        0x1e0 (size before relaxing)
 .eh_frame      0x0000000000038100       0x60 build/cooja/contiki-ng-cooja.a(rtimer.o)
                                         0x78 (size before relaxing)
 .eh_frame      0x0000000000038160       0xa0 build/cooja/contiki-ng-cooja.a(timer.o)
                                         0xb8 (size before relaxing)
 .eh_frame      0x0000000000038200      0x1a0 build/cooja/contiki-ng-cooja.a(list.o)
                                        0x1b8 (size before relaxing)
 .eh_frame      0x00000000000383a0       0xa0 build/cooja/contiki-ng-cooja.a(memb.o)
                                         0xb8 (size before relaxing)
 .eh_frame      0x0000000000038440      0x160 build/cooja/contiki-ng-cooja.a(button-hal.o)
                                        0x178 (size before relaxing)
 .eh_frame      0x00000000000385a0       0xe0 build/cooja/contiki-ng-cooja.a(gpio-hal.o)
                                         0xf8 (size before relaxing)
 .eh_frame      0x0000000000038680       0x60 build/cooja/contiki-ng-cooja.a(serial-line.o)
                                         0x78 (size before relaxing)
 .eh_frame      0x00000000000386e0       0x60 build/cooja/contiki-ng-cooja.a(linkaddr.o)
                                         0x78 (size before relaxing)
 .eh_frame      0x0000000000038740       0x80 build/cooja/contiki-ng-cooja.a(netstack.o)
                                         0x98 (size before relaxing)
 .eh_frame      0x00000000000387c0      0x288 build/cooja/contiki-ng-cooja.a(packetbuf.o)
                                        0x2a0 (size before relaxing)
 .eh_frame      0x0000000000038a48      0x1a0 build/cooja/contiki-ng-cooja.a(queuebuf.o)
                                        0x1b8 (size before relaxing)
 .eh_frame      0x0000000000038be8       0x40 build/cooja/contiki-ng-cooja.a(printf.o)
                                         0x58 (size before relaxing)
 .eh_frame      0x0000000000038c28       0x20 build/cooja/contiki-ng-cooja.a(putchar.o)
                                         0x38 (size before relaxing)
 .eh_frame      0x0000000000038c48       0x20 build/cooja/contiki-ng-cooja.a(puts.o)
                                         0x38 (size before relaxing)
 .eh_frame      0x0000000000038c68       0x60 build/cooja/contiki-ng-cooja.a(snprintf.o)
                                         0x78 (size before relaxing)
 .eh_frame      0x0000000000038cc8       0x40 build/cooja/contiki-ng-cooja.a(sprintf.o)
                                         0x58 (size before relaxing)
 .eh_frame      0x0000000000038d08      0x120 build/cooja/contiki-ng-cooja.a(strformat.o)
                                        0x138 (size before relaxing)
 .eh_frame      0x0000000000038e28       0xe0 build/cooja/contiki-ng-cooja.a(csma.o)
                                         0xf8 (size before relaxing)
 .eh_frame      0x0000000000038f08      0x2e0 build/cooja/contiki-ng-cooja.a(sicslowpan.o)
                                        0x2f8 (size before relaxing)
 .eh_frame      0x00000000000391e8      0x248 build/cooja/contiki-ng-cooja.a(tcpip.o)
                                        0x260 (size before relaxing)
 .eh_frame      0x0000000000039430      0x1c0 build/cooja/contiki-ng-cooja.a(uip-ds6-nbr.o)
                                        0x1d8 (size before relaxing)
 .eh_frame      0x00000000000395f0      0x300 build/cooja/contiki-ng-cooja.a(uip-ds6-route.o)
                                        0x318 (size before relaxing)
 .eh_frame      0x00000000000398f0      0x328 build/cooja/contiki-ng-cooja.a(uip-ds6.o)
                                        0x340 (size before relaxing)
 .eh_frame      0x0000000000039c18       0xe0 build/cooja/contiki-ng-cooja.a(uip-packetqueue.o)
                                         0xf8 (size before relaxing)
 .eh_frame      0x0000000000039cf8       0x40 build/cooja/contiki-ng-cooja.a(uip-udp-packet.o)
                                         0x58 (size before relaxing)
 .eh_frame      0x0000000000039d38      0x1e8 build/cooja/contiki-ng-cooja.a(uip6.o)
                                        0x200 (size before relaxing)
 .eh_frame      0x0000000000039f20      0x200 build/cooja/contiki-ng-cooja.a(uipbuf.o)
                                        0x218 (size before relaxing)
 .eh_frame      0x000000000003a120       0x80 build/cooja/contiki-ng-cooja.a(uiplib.o)
                                         0x98 (size before relaxing)
 .eh_frame      0x000000000003a1a0      0x1e0 build/cooja/contiki-ng-cooja.a(rpl.o)
                                        0x1f8 (size before relaxing)
 .eh_frame      0x000000000003a380       0xa0 build/cooja/contiki-ng-cooja.a(watchdog.o)
                                         0xb8 (size before relaxing)
 .eh_frame      0x000000000003a420       0x80 build/cooja/contiki-ng-cooja.a(int-master.o)
                                         0x98 (size before relaxing)
 .eh_frame      0x000000000003a4a0       0xa0 build/cooja/contiki-ng-cooja.a(coap-timer-default.o)
                                         0xb8 (size before relaxing)
 .eh_frame      0x000000000003a540       0xc0 build/cooja/contiki-ng-cooja.a(stimer.o)
                                         0xd8 (size before relaxing)
 .eh_frame      0x000000000003a600       0xa0 build/cooja/contiki-ng-cooja.a(ringbuf.o)
                                         0xb8 (size before relaxing)
 .eh_frame      0x000000000003a6a0      0x120 build/cooja/contiki-ng-cooja.a(link-stats.o)
                                        0x138 (size before relaxing)
 .eh_frame      0x000000000003a7c0      0x3e0 build/cooja/contiki-ng-cooja.a(nbr-table.o)
                                        0x3f8 (size before relaxing)
 .eh_frame      0x000000000003aba0       0x48 build/cooja/contiki-ng-cooja.a(mac-sequence.o)
                                         0x60 (size before relaxing)
 .eh_frame      0x000000000003abe8       0xa8 build/cooja/contiki-ng-cooja.a(framer-802154.o)
                                         0xc0 (size before relaxing)
 .eh_frame      0x000000000003ac90      0x1c8 build/cooja/contiki-ng-cooja.a(csma-output.o)
                                        0x1e0 (size before relaxing)
 .eh_frame      0x000000000003ae58       0x40 build/cooja/contiki-ng-cooja.a(csma-security.o)
                                         0x58 (size before relaxing)
 .eh_frame      0x000000000003ae98      0x148 build/cooja/contiki-ng-cooja.a(uip-icmp6.o)
                                        0x160 (size before relaxing)
 .eh_frame      0x000000000003afe0       0x80 build/cooja/contiki-ng-cooja.a(uip-nd6.o)
                                         0x98 (size before relaxing)
 .eh_frame      0x000000000003b060      0x180 build/cooja/contiki-ng-cooja.a(uip-sr.o)
                                        0x198 (size before relaxing)
 .eh_frame      0x000000000003b1e0       0xa0 build/cooja/contiki-ng-cooja.a(rpl-dag-root.o)
                                         0xb8 (size before relaxing)
 .eh_frame      0x000000000003b280      0x360 build/cooja/contiki-ng-cooja.a(rpl-dag.o)
                                        0x378 (size before relaxing)
 .eh_frame      0x000000000003b5e0      0x128 build/cooja/contiki-ng-cooja.a(rpl-ext-header.o)
                                        0x140 (size before relaxing)
 .eh_frame      0x000000000003b708      0x1c0 build/cooja/contiki-ng-cooja.a(rpl-icmp6.o)
                                        0x1d8 (size before relaxing)
 .eh_frame      0x000000000003b8c8      0x148 build/cooja/contiki-ng-cooja.a(rpl-mrhof.o)
                                        0x160 (size before relaxing)
 .eh_frame      0x000000000003ba10       0x40 build/cooja/contiki-ng-cooja.a(rpl-nbr-policy.o)
                                         0x58 (size before relaxing)
 .eh_frame      0x000000000003ba50      0x2b0 build/cooja/contiki-ng-cooja.a(rpl-neighbor.o)
                                        0x2c8 (size before relaxing)
 .eh_frame      0x000000000003bd00      0x3a8 build/cooja/contiki-ng-cooja.a(rpl-timers.o)
                                        0x3c0 (size before relaxing)
 .eh_frame      0x000000000003c0a8       0x20 build/cooja/contiki-ng-cooja.a(assert.o)
                                         0x38 (size before relaxing)
 .eh_frame      0x000000000003c0c8       0x20 build/cooja/contiki-ng-cooja.a(mac.o)
                                         0x38 (size before relaxing)
 .eh_frame      0x000000000003c0e8      0x1a4 build/cooja/contiki-ng-cooja.a(frame802154.o)
                                        0x1c0 (size before relaxing)
 .eh_frame      0x000000000003c28c        0x4 /usr/lib/gcc/x86_64-linux-gnu/11/crtendS.o
 *(.eh_frame.*)

.gcc_except_table
 *(.gcc_except_table .gcc_except_table.*)

.gnu_extab
 *(.gnu_extab*)

.exception_ranges
 *(.exception_ranges*)
                0x000000000003d6b0                . = DATA_SEGMENT_ALIGN (CONSTANT (MAXPAGESIZE), CONSTANT (COMMONPAGESIZE))

.eh_frame
 *(.eh_frame)
 *(.eh_frame.*)

.gnu_extab
 *(.gnu_extab)

.gcc_except_table
 *(.gcc_except_table .gcc_except_table.*)

.exception_ranges
 *(.exception_ranges*)

.tdata
 *(.tdata .tdata.* .gnu.linkonce.td.*)

.tbss
 *(.tbss .tbss.* .gnu.linkonce.tb.*)
 *(.tcommon)

.preinit_array
 *(.preinit_array)

.init_array     0x000000000003d6b0        0x8
 *(SORT_BY_INIT_PRIORITY(.init_array.*) SORT_BY_INIT_PRIORITY(.ctors.*))
 *(.init_array EXCLUDE_FILE(*crtend?.o *crtend.o *crtbegin?.o *crtbegin.o) .ctors)
 .init_array    0x000000000003d6b0        0x8 /usr/lib/gcc/x86_64-linux-gnu/11/crtbeginS.o

.fini_array     0x000000000003d6b8        0x8
 *(SORT_BY_INIT_PRIORITY(.fini_array.*) SORT_BY_INIT_PRIORITY(.dtors.*))
 *(.fini_array EXCLUDE_FILE(*crtend?.o *crtend.o *crtbegin?.o *crtbegin.o) .dtors)
 .fini_array    0x000000000003d6b8        0x8 /usr/lib/gcc/x86_64-linux-gnu/11/crtbeginS.o

.ctors
 *crtbegin.o(.ctors)
 *crtbegin?.o(.ctors)
 *(EXCLUDE_FILE(*crtend?.o *crtend.o) .ctors)
 *(SORT_BY_NAME(.ctors.*))
 *(.ctors)

.dtors
 *crtbegin.o(.dtors)
 *crtbegin?.o(.dtors)
 *(EXCLUDE_FILE(*crtend?.o *crtend.o) .dtors)
 *(SORT_BY_NAME(.dtors.*))
 *(.dtors)

.jcr
 *(.jcr)

.data.rel.ro    0x000000000003d6c0      0x370
 *(.data.rel.ro.local* .gnu.linkonce.d.rel.ro.local.*)
 .data.rel.ro.local
                0x000000000003d6c0       0x10 build/cooja/contiki-ng-cooja.a(beep.o)
                0x000000000003d6c0                beep_interface
 .data.rel.ro.local
                0x000000000003d6d0       0x10 build/cooja/contiki-ng-cooja.a(leds-arch.o)
                0x000000000003d6d0                leds_interface
 .data.rel.ro.local
                0x000000000003d6e0       0x10 build/cooja/contiki-ng-cooja.a(moteid.o)
                0x000000000003d6e0                moteid_interface
 *fill*         0x000000000003d6f0       0x10 
 .data.rel.ro.local
                0x000000000003d700       0x40 build/cooja/contiki-ng-cooja.a(pir-sensor.o)
                0x000000000003d700                pir_interface
                0x000000000003d720                pir_sensor
 .data.rel.ro.local
                0x000000000003d740       0x10 build/cooja/contiki-ng-cooja.a(rs232.o)
                0x000000000003d740                rs232_interface
 *fill*         0x000000000003d750       0x10 
 .data.rel.ro.local
                0x000000000003d760       0x40 build/cooja/contiki-ng-cooja.a(vib-sensor.o)
                0x000000000003d760                vib_interface
                0x000000000003d780                vib_sensor
 .data.rel.ro.local
                0x000000000003d7a0       0x10 build/cooja/contiki-ng-cooja.a(clock.o)
                0x000000000003d7a0                clock_interface
 .data.rel.ro.local
                0x000000000003d7b0       0x10 build/cooja/contiki-ng-cooja.a(cooja-log.o)
                0x000000000003d7b0                simlog_interface
 .data.rel.ro.local
                0x000000000003d7c0       0x10 build/cooja/contiki-ng-cooja.a(cfs-cooja.o)
                0x000000000003d7c0                cfs_interface
 *fill*         0x000000000003d7d0       0x10 
 .data.rel.ro.local
                0x000000000003d7e0       0x90 build/cooja/contiki-ng-cooja.a(cooja-radio.o)
                0x000000000003d7e0                radio_interface
                0x000000000003d800                cooja_radio_driver
 .data.rel.ro.local
                0x000000000003d870       0x10 build/cooja/contiki-ng-cooja.a(eeprom.o)
                0x000000000003d870                eeprom_interface
 .data.rel.ro.local
                0x000000000003d880       0x40 build/cooja/contiki-ng-cooja.a(buttons.o)
                0x000000000003d880                button_interface
                0x000000000003d8a0                button_sensor
 .data.rel.ro.local
                0x000000000003d8c0       0x38 build/cooja/contiki-ng-cooja.a(csma.o)
                0x000000000003d8c0                csma_driver
 *fill*         0x000000000003d8f8        0x8 
 .data.rel.ro.local
                0x000000000003d900       0x18 build/cooja/contiki-ng-cooja.a(coap-timer-default.o)
                0x000000000003d900                coap_timer_default_driver
 *fill*         0x000000000003d918        0x8 
 .data.rel.ro.local
                0x000000000003d920       0x18 build/cooja/contiki-ng-cooja.a(framer-802154.o)
                0x000000000003d920                framer_802154
 *(.data.rel.ro .data.rel.ro.* .gnu.linkonce.d.rel.ro.*)
 .data.rel.ro   0x000000000003d938        0x0 /usr/lib/gcc/x86_64-linux-gnu/11/../../../x86_64-linux-gnu/crti.o
 *fill*         0x000000000003d938        0x8 
 .data.rel.ro   0x000000000003d940       0x10 coap-node.o
                0x000000000003d940                autostart_processes
 *fill*         0x000000000003d950       0x10 
 .data.rel.ro   0x000000000003d960       0x20 build/cooja/contiki-ng-cooja.a(sicslowpan.o)
                0x000000000003d960                sicslowpan_driver
 .data.rel.ro   0x000000000003d980       0xa8 build/cooja/contiki-ng-cooja.a(rpl.o)
                0x000000000003d980                rpl_lite_driver
 .data.rel.ro   0x000000000003da28        0x8 build/cooja/contiki-ng-cooja.a(rpl-dag.o)

.dynamic        0x000000000003da30      0x1c0
 *(.dynamic)
 .dynamic       0x000000000003da30      0x1c0 /usr/lib/gcc/x86_64-linux-gnu/11/../../../x86_64-linux-gnu/crti.o
                0x000000000003da30                _DYNAMIC

.got            0x000000000003dbf0      0x410
 *(.got)
 .got           0x000000000003dbf0      0x410 /usr/lib/gcc/x86_64-linux-gnu/11/../../../x86_64-linux-gnu/crti.o
 *(.igot)
                0x000000000003efe8                . = DATA_SEGMENT_RELRO_END (., (SIZEOF (.got.plt) >= 0x18)?0x18:0x0)

.got.plt        0x000000000003e000      0xc80
 *(.got.plt)
 .got.plt       0x000000000003e000      0xc80 /usr/lib/gcc/x86_64-linux-gnu/11/../../../x86_64-linux-gnu/crti.o
                0x000000000003e000                _GLOBAL_OFFSET_TABLE_
 *(.igot.plt)

.data           0x000000000003ec80      0x932
 *(.data .data.* .gnu.linkonce.d.*)
 .data          0x000000000003ec80        0x0 /usr/lib/gcc/x86_64-linux-gnu/11/../../../x86_64-linux-gnu/crti.o
 .data          0x000000000003ec80        0x0 /usr/lib/gcc/x86_64-linux-gnu/11/crtbeginS.o
 .data.rel.local
                0x000000000003ec80        0x8 /usr/lib/gcc/x86_64-linux-gnu/11/crtbeginS.o
                0x000000000003ec80                __dso_handle
 .data          0x000000000003ec88       0x10 coap-node.o
 *fill*         0x000000000003ec98        0x8 
 .data.rel.local
                0x000000000003eca0       0x40 coap-node.o
                0x000000000003eca0                service_url
                0x000000000003ecc0                client
 .data          0x000000000003ece0        0x0 build/cooja/mtype113442948.o
 .data.rel      0x000000000003ece0       0xa0 build/cooja/mtype113442948.o
                0x000000000003ece0                simInterfaces
                0x000000000003ed60                sensors
 .data          0x000000000003ed80        0x0 build/cooja/contiki-ng-cooja.a(simEnvChange.o)
 .data          0x000000000003ed80        0x0 build/cooja/contiki-ng-cooja.a(cooja_mt.o)
 .data          0x000000000003ed80        0x0 build/cooja/contiki-ng-cooja.a(cooja_mtarch.o)
 .data          0x000000000003ed80        0x0 build/cooja/contiki-ng-cooja.a(rtimer-arch.o)
 .data          0x000000000003ed80        0x0 build/cooja/contiki-ng-cooja.a(beep.o)
 .data          0x000000000003ed80        0x0 build/cooja/contiki-ng-cooja.a(leds-arch.o)
 .data          0x000000000003ed80        0x0 build/cooja/contiki-ng-cooja.a(moteid.o)
 .data          0x000000000003ed80        0x0 build/cooja/contiki-ng-cooja.a(pir-sensor.o)
 .data          0x000000000003ed80        0x0 build/cooja/contiki-ng-cooja.a(rs232.o)
 .data          0x000000000003ed80        0x0 build/cooja/contiki-ng-cooja.a(vib-sensor.o)
 .data          0x000000000003ed80        0x0 build/cooja/contiki-ng-cooja.a(clock.o)
 .data          0x000000000003ed80        0x0 build/cooja/contiki-ng-cooja.a(cooja-log.o)
 .data          0x000000000003ed80        0x0 build/cooja/contiki-ng-cooja.a(cfs-cooja.o)
 .data          0x000000000003ed80       0x20 build/cooja/contiki-ng-cooja.a(cooja-radio.o)
                0x000000000003ed80                simRadioHWOn
                0x000000000003ed84                simSignalStrength
                0x000000000003ed88                simLastSignalStrength
                0x000000000003ed8c                simPower
                0x000000000003ed90                simRadioChannel
                0x000000000003ed94                simLQI
                0x000000000003ed98                simLastLQI
 .data.rel.local
                0x000000000003eda0       0x20 build/cooja/contiki-ng-cooja.a(cooja-radio.o)
                0x000000000003eda0                cooja_radio_process
 .data          0x000000000003edc0        0x0 build/cooja/contiki-ng-cooja.a(eeprom.o)
 .data          0x000000000003edc0        0x0 build/cooja/contiki-ng-cooja.a(random.o)
 .data          0x000000000003edc0        0x0 build/cooja/contiki-ng-cooja.a(sensors.o)
 .data.rel.local
                0x000000000003edc0       0x20 build/cooja/contiki-ng-cooja.a(sensors.o)
                0x000000000003edc0                sensors_process
 .data          0x000000000003ede0        0x0 build/cooja/contiki-ng-cooja.a(leds.o)
 .data          0x000000000003ede0        0x0 build/cooja/contiki-ng-cooja.a(gpio-hal-arch.o)
 .data          0x000000000003ede0        0x1 build/cooja/contiki-ng-cooja.a(buttons.o)
                0x000000000003ede0                simButtonIsActive
 *fill*         0x000000000003ede1       0x1f 
 .data.rel.local
                0x000000000003ee00       0xb0 build/cooja/contiki-ng-cooja.a(buttons.o)
                0x000000000003eea0                button_hal_buttons
 .data          0x000000000003eeb0        0x0 build/cooja/contiki-ng-cooja.a(res-tent.o)
 *fill*         0x000000000003eeb0       0x10 
 .data.rel.local
                0x000000000003eec0       0x48 build/cooja/contiki-ng-cooja.a(res-tent.o)
                0x000000000003eec0                res_tent
 .data          0x000000000003ef08        0x0 build/cooja/contiki-ng-cooja.a(coap-blocking-api.o)
 .data          0x000000000003ef08        0x0 build/cooja/contiki-ng-cooja.a(coap-engine.o)
 .data.rel.local
                0x000000000003ef08       0x10 build/cooja/contiki-ng-cooja.a(coap-engine.o)
 .data          0x000000000003ef18        0x0 build/cooja/contiki-ng-cooja.a(coap-observe.o)
 *fill*         0x000000000003ef18        0x8 
 .data.rel.local
                0x000000000003ef20       0x20 build/cooja/contiki-ng-cooja.a(coap-observe.o)
 .data          0x000000000003ef40        0x0 build/cooja/contiki-ng-cooja.a(coap-res-well-known-core.o)
 .data.rel.local
                0x000000000003ef40       0x48 build/cooja/contiki-ng-cooja.a(coap-res-well-known-core.o)
                0x000000000003ef40                res_well_known_core
 .data          0x000000000003ef88        0x0 build/cooja/contiki-ng-cooja.a(coap-timer.o)
 .data.rel.local
                0x000000000003ef88        0x8 build/cooja/contiki-ng-cooja.a(coap-timer.o)
 .data          0x000000000003ef90        0x0 build/cooja/contiki-ng-cooja.a(coap-transactions.o)
 .data.rel.local
                0x000000000003ef90       0x20 build/cooja/contiki-ng-cooja.a(coap-transactions.o)
 .data          0x000000000003efb0        0x0 build/cooja/contiki-ng-cooja.a(coap-uip.o)
 *fill*         0x000000000003efb0       0x10 
 .data.rel.local
                0x000000000003efc0       0x20 build/cooja/contiki-ng-cooja.a(coap-uip.o)
                0x000000000003efc0                coap_engine
 .data          0x000000000003efe0        0x0 build/cooja/contiki-ng-cooja.a(coap.o)
 .data.rel.local
                0x000000000003efe0        0x8 build/cooja/contiki-ng-cooja.a(coap.o)
                0x000000000003efe0                coap_error_message
 .data          0x000000000003efe8        0x0 build/cooja/contiki-ng-cooja.a(contiki-main.o)
 .data          0x000000000003efe8        0x0 build/cooja/contiki-ng-cooja.a(autostart.o)
 .data          0x000000000003efe8        0x0 build/cooja/contiki-ng-cooja.a(ctimer.o)
 *fill*         0x000000000003efe8       0x18 
 .data.rel.local
                0x000000000003f000       0x40 build/cooja/contiki-ng-cooja.a(ctimer.o)
                0x000000000003f020                ctimer_process
 .data          0x000000000003f040        0x0 build/cooja/contiki-ng-cooja.a(energest.o)
 .data          0x000000000003f040        0x0 build/cooja/contiki-ng-cooja.a(etimer.o)
 .data.rel.local
                0x000000000003f040       0x20 build/cooja/contiki-ng-cooja.a(etimer.o)
                0x000000000003f040                etimer_process
 .data          0x000000000003f060        0x4 build/cooja/contiki-ng-cooja.a(log.o)
                0x000000000003f060                curr_log_level_main
 *fill*         0x000000000003f064       0x1c 
 .data.rel      0x000000000003f080      0x138 build/cooja/contiki-ng-cooja.a(log.o)
                0x000000000003f080                all_modules
 .data          0x000000000003f1b8        0x0 build/cooja/contiki-ng-cooja.a(node-id.o)
 .data          0x000000000003f1b8        0x0 build/cooja/contiki-ng-cooja.a(process.o)
 .data          0x000000000003f1b8        0x0 build/cooja/contiki-ng-cooja.a(rtimer.o)
 .data          0x000000000003f1b8        0x0 build/cooja/contiki-ng-cooja.a(timer.o)
 .data          0x000000000003f1b8        0x0 build/cooja/contiki-ng-cooja.a(list.o)
 .data          0x000000000003f1b8        0x0 build/cooja/contiki-ng-cooja.a(memb.o)
 .data          0x000000000003f1b8        0x0 build/cooja/contiki-ng-cooja.a(button-hal.o)
 *fill*         0x000000000003f1b8        0x8 
 .data.rel.local
                0x000000000003f1c0       0x20 build/cooja/contiki-ng-cooja.a(button-hal.o)
                0x000000000003f1c0                button_hal_process
 .data          0x000000000003f1e0        0x0 build/cooja/contiki-ng-cooja.a(gpio-hal.o)
 .data.rel.local
                0x000000000003f1e0        0x8 build/cooja/contiki-ng-cooja.a(gpio-hal.o)
 .data          0x000000000003f1e8        0x0 build/cooja/contiki-ng-cooja.a(serial-line.o)
 *fill*         0x000000000003f1e8       0x18 
 .data.rel.local
                0x000000000003f200       0x20 build/cooja/contiki-ng-cooja.a(serial-line.o)
                0x000000000003f200                serial_line_process
 .data          0x000000000003f220        0x0 build/cooja/contiki-ng-cooja.a(linkaddr.o)
 .data          0x000000000003f220        0x0 build/cooja/contiki-ng-cooja.a(netstack.o)
 .data.rel.local
                0x000000000003f220        0x8 build/cooja/contiki-ng-cooja.a(netstack.o)
 .data          0x000000000003f228        0x0 build/cooja/contiki-ng-cooja.a(packetbuf.o)
 .data.rel.local
                0x000000000003f228        0x8 build/cooja/contiki-ng-cooja.a(packetbuf.o)
 .data          0x000000000003f230        0x0 build/cooja/contiki-ng-cooja.a(queuebuf.o)
 .data.rel.local
                0x000000000003f230       0x38 build/cooja/contiki-ng-cooja.a(queuebuf.o)
 .data          0x000000000003f268        0x0 build/cooja/contiki-ng-cooja.a(printf.o)
 *fill*         0x000000000003f268        0x8 
 .data.rel.local
                0x000000000003f270       0x10 build/cooja/contiki-ng-cooja.a(printf.o)
 .data          0x000000000003f280        0x0 build/cooja/contiki-ng-cooja.a(putchar.o)
 .data          0x000000000003f280        0x0 build/cooja/contiki-ng-cooja.a(puts.o)
 .data          0x000000000003f280        0x0 build/cooja/contiki-ng-cooja.a(snprintf.o)
 .data          0x000000000003f280        0x0 build/cooja/contiki-ng-cooja.a(sprintf.o)
 .data          0x000000000003f280        0x0 build/cooja/contiki-ng-cooja.a(strformat.o)
 .data          0x000000000003f280        0x0 build/cooja/contiki-ng-cooja.a(csma.o)
 .data          0x000000000003f280        0x0 build/cooja/contiki-ng-cooja.a(sicslowpan.o)
 .data          0x000000000003f280        0x0 build/cooja/contiki-ng-cooja.a(tcpip.o)
 .data.rel.local
                0x000000000003f280       0x20 build/cooja/contiki-ng-cooja.a(tcpip.o)
                0x000000000003f280                tcpip_process
 .data          0x000000000003f2a0        0x0 build/cooja/contiki-ng-cooja.a(uip-ds6-nbr.o)
 .data.rel.local
                0x000000000003f2a0       0x20 build/cooja/contiki-ng-cooja.a(uip-ds6-nbr.o)
 .data          0x000000000003f2c0        0x0 build/cooja/contiki-ng-cooja.a(uip-ds6-route.o)
 .data.rel.local
                0x000000000003f2c0       0x80 build/cooja/contiki-ng-cooja.a(uip-ds6-route.o)
                0x000000000003f2d8                nbr_routes
 .data          0x000000000003f340        0x0 build/cooja/contiki-ng-cooja.a(uip-ds6.o)
 .data          0x000000000003f340        0x0 build/cooja/contiki-ng-cooja.a(uip-packetqueue.o)
 .data.rel.local
                0x000000000003f340       0x18 build/cooja/contiki-ng-cooja.a(uip-packetqueue.o)
 .data          0x000000000003f358        0x0 build/cooja/contiki-ng-cooja.a(uip-udp-packet.o)
 .data          0x000000000003f358        0x0 build/cooja/contiki-ng-cooja.a(uip6.o)
 .data          0x000000000003f358        0x0 build/cooja/contiki-ng-cooja.a(uipbuf.o)
 .data          0x000000000003f358        0x0 build/cooja/contiki-ng-cooja.a(uiplib.o)
 .data          0x000000000003f358        0x0 build/cooja/contiki-ng-cooja.a(rpl.o)
 .data          0x000000000003f358        0x0 build/cooja/contiki-ng-cooja.a(watchdog.o)
 .data          0x000000000003f358        0x0 build/cooja/contiki-ng-cooja.a(int-master.o)
 .data          0x000000000003f358        0x0 build/cooja/contiki-ng-cooja.a(coap-timer-default.o)
 *fill*         0x000000000003f358        0x8 
 .data.rel.local
                0x000000000003f360       0x20 build/cooja/contiki-ng-cooja.a(coap-timer-default.o)
                0x000000000003f360                coap_timer_process
 .data          0x000000000003f380        0x0 build/cooja/contiki-ng-cooja.a(stimer.o)
 .data          0x000000000003f380        0x0 build/cooja/contiki-ng-cooja.a(ringbuf.o)