Archive member included to satisfy reference by file (symbol)

build/cooja/contiki-ng-cooja.a(simEnvChange.o)
                              build/cooja/mtype631161313.o (simDontFallAsleep)
build/cooja/contiki-ng-cooja.a(cooja_mt.o)
                              build/cooja/mtype631161313.o (cooja_mt_start)
build/cooja/contiki-ng-cooja.a(cooja_mtarch.o)
                              build/cooja/contiki-ng-cooja.a(cooja_mt.o) (cooja_mtarch_start)
build/cooja/contiki-ng-cooja.a(rtimer-arch.o)
                              build/cooja/mtype631161313.o (rtimer_arch_check)
build/cooja/contiki-ng-cooja.a(beep.o)
                              build/cooja/mtype631161313.o (beep_interface)
build/cooja/contiki-ng-cooja.a(leds-arch.o)
                              build/cooja/mtype631161313.o (leds_interface)
build/cooja/contiki-ng-cooja.a(moteid.o)
                              build/cooja/mtype631161313.o (moteid_interface)
build/cooja/contiki-ng-cooja.a(pir-sensor.o)
                              build/cooja/mtype631161313.o (pir_interface)
build/cooja/contiki-ng-cooja.a(rs232.o)
                              build/cooja/mtype631161313.o (rs232_interface)
build/cooja/contiki-ng-cooja.a(vib-sensor.o)
                              build/cooja/mtype631161313.o (vib_interface)
build/cooja/contiki-ng-cooja.a(clock.o)
                              build/cooja/mtype631161313.o (clock_interface)
build/cooja/contiki-ng-cooja.a(cooja-log.o)
                              build/cooja/mtype631161313.o (simlog_interface)
build/cooja/contiki-ng-cooja.a(cfs-cooja.o)
                              build/cooja/mtype631161313.o (cfs_interface)
build/cooja/contiki-ng-cooja.a(cooja-radio.o)
                              build/cooja/mtype631161313.o (radio_interface)
build/cooja/contiki-ng-cooja.a(eeprom.o)
                              build/cooja/mtype631161313.o (eeprom_interface)
build/cooja/contiki-ng-cooja.a(random.o)
                              build/cooja/contiki-ng-cooja.a(moteid.o) (random_init)
build/cooja/contiki-ng-cooja.a(sensors.o)
                              build/cooja/contiki-ng-cooja.a(pir-sensor.o) (sensors_changed)
build/cooja/contiki-ng-cooja.a(leds.o)
                              coap-node.o (leds_on)
build/cooja/contiki-ng-cooja.a(gpio-hal-arch.o)
                              build/cooja/contiki-ng-cooja.a(leds-arch.o) (gpio_hal_arch_register_pin_callback)
build/cooja/contiki-ng-cooja.a(buttons.o)
                              build/cooja/mtype631161313.o (button_interface)
build/cooja/contiki-ng-cooja.a(res-tent.o)
                              coap-node.o (res_tent)
build/cooja/contiki-ng-cooja.a(coap-blocking-api.o)
                              coap-node.o (coap_blocking_request)
build/cooja/contiki-ng-cooja.a(coap-engine.o)
                              coap-node.o (coap_activate_resource)
build/cooja/contiki-ng-cooja.a(coap-observe.o)
                              build/cooja/contiki-ng-cooja.a(coap-engine.o) (coap_remove_observer_by_mid)
build/cooja/contiki-ng-cooja.a(coap-res-well-known-core.o)
                              build/cooja/contiki-ng-cooja.a(coap-engine.o) (res_well_known_core)
build/cooja/contiki-ng-cooja.a(coap-timer.o)
                              build/cooja/contiki-ng-cooja.a(coap-engine.o) (coap_timer_set)
build/cooja/contiki-ng-cooja.a(coap-transactions.o)
                              build/cooja/contiki-ng-cooja.a(coap-blocking-api.o) (coap_send_transaction)
build/cooja/contiki-ng-cooja.a(coap-uip.o)
                              build/cooja/contiki-ng-cooja.a(coap-observe.o) (coap_endpoint_copy)
build/cooja/contiki-ng-cooja.a(coap.o)
                              build/cooja/contiki-ng-cooja.a(coap-engine.o) (coap_status_code)
build/cooja/contiki-ng-cooja.a(contiki-main.o)
                              build/cooja/mtype631161313.o (main)
build/cooja/contiki-ng-cooja.a(autostart.o)
                              build/cooja/contiki-ng-cooja.a(contiki-main.o) (autostart_start)
build/cooja/contiki-ng-cooja.a(ctimer.o)
                              build/cooja/contiki-ng-cooja.a(contiki-main.o) (ctimer_init)
build/cooja/contiki-ng-cooja.a(energest.o)
                              build/cooja/contiki-ng-cooja.a(contiki-main.o) (energest_init)
build/cooja/contiki-ng-cooja.a(etimer.o)
                              build/cooja/contiki-ng-cooja.a(contiki-main.o) (etimer_process)
build/cooja/contiki-ng-cooja.a(log.o)
                              build/cooja/contiki-ng-cooja.a(contiki-main.o) (curr_log_level_main)
build/cooja/contiki-ng-cooja.a(node-id.o)
                              build/cooja/contiki-ng-cooja.a(contiki-main.o) (node_id)
build/cooja/contiki-ng-cooja.a(process.o)
                              build/cooja/contiki-ng-cooja.a(coap-blocking-api.o) (process_current)
build/cooja/contiki-ng-cooja.a(rtimer.o)
                              build/cooja/contiki-ng-cooja.a(contiki-main.o) (rtimer_init)
build/cooja/contiki-ng-cooja.a(timer.o)
[...]
Memory Configuration

Name             Origin             Length             Attributes
*default*        0x0000000000000000 0xffffffffffffffff

Linker script and memory map

LOAD /usr/lib/gcc/x86_64-linux-gnu/11/../../../x86_64-linux-gnu/crti.o
LOAD /usr/lib/gcc/x86_64-linux-gnu/11/crtbeginS.o
LOAD coap-node.o
LOAD build/cooja/mtype631161313.o
LOAD build/cooja/contiki-ng-cooja.a
LOAD /usr/lib/gcc/x86_64-linux-gnu/11/libgcc.a
LOAD /usr/lib/gcc/x86_64-linux-gnu/11/libgcc_s.so
START GROUP
LOAD /usr/lib/gcc/x86_64-linux-gnu/11/../../../x86_64-linux-gnu/libgcc_s.so.1
LOAD /usr/lib/gcc/x86_64-linux-gnu/11/libgcc.a
END GROUP
LOAD /usr/lib/gcc/x86_64-linux-gnu/11/../../../x86_64-linux-gnu/libc.so
START GROUP
LOAD /lib/x86_64-linux-gnu/libc.so.6
LOAD /usr/lib/x86_64-linux-gnu/libc_nonshared.a
LOAD /lib64/ld-linux-x86-64.so.2
END GROUP
LOAD /usr/lib/gcc/x86_64-linux-gnu/11/libgcc.a
LOAD /usr/lib/gcc/x86_64-linux-gnu/11/libgcc_s.so
START GROUP
LOAD /usr/lib/gcc/x86_64-linux-gnu/11/../../../x86_64-linux-gnu/libgcc_s.so.1
LOAD /usr/lib/gcc/x86_64-linux-gnu/11/libgcc.a
END GROUP
LOAD /usr/lib/gcc/x86_64-linux-gnu/11/crtendS.o
LOAD /usr/lib/gcc/x86_64-linux-gnu/11/../../../x86_64-linux-gnu/crtn.o
                0x00000000000002a8                . = (SEGMENT_START ("text-segment", 0x0) + SIZEOF_HEADERS)

.note.gnu.property
                0x00000000000002a8       0x20
 .note.gnu.property
                0x00000000000002a8       0x20 /usr/lib/gcc/x86_64-linux-gnu/11/../../../x86_64-linux-gnu/crti.o

.note.gnu.build-id
                0x00000000000002c8       0x24
 *(.note.gnu.build-id)
 .note.gnu.build-id
                0x00000000000002c8       0x24 /usr/lib/gcc/x86_64-linux-gnu/11/../../../x86_64-linux-gnu/crti.o

.hash
 *(.hash)

.gnu.hash       0x00000000000002f0     0x15bc
 *(.gnu.hash)
 .gnu.hash      0x00000000000002f0     0x15bc /usr/lib/gcc/x86_64-linux-gnu/11/../../../x86_64-linux-gnu/crti.o

.dynsym         0x00000000000018b0     0x46e0
 *(.dynsym)
 .dynsym        0x00000000000018b0     0x46e0 /usr/lib/gcc/x86_64-linux-gnu/11/../../../x86_64-linux-gnu/crti.o

.dynstr         0x0000000000005f90     0x3733
 *(.dynstr)
 .dynstr        0x0000000000005f90     0x3733 /usr/lib/gcc/x86_64-linux-gnu/11/../../../x86_64-linux-gnu/crti.o

.gnu.version    0x00000000000096c4      0x5e8
 *(.gnu.version)
 .gnu.version   0x00000000000096c4      0x5e8 /usr/lib/gcc/x86_64-linux-gnu/11/../../../x86_64-linux-gnu/crti.o

.gnu.version_d  0x0000000000009cb0        0x0
 *(.gnu.version_d)
 .gnu.version_d
                0x0000000000009cb0        0x0 /usr/lib/gcc/x86_64-linux-gnu/11/../../../x86_64-linux-gnu/crti.o

.gnu.version_r  0x0000000000009cb0       0x40
 *(.gnu.version_r)
 .gnu.version_r
                0x0000000000009cb0       0x40 /usr/lib/gcc/x86_64-linux-gnu/11/../../../x86_64-linux-gnu/crti.o

.rela.dyn       0x0000000000009cf0     0x2178
 *(.rela.init)
 *(.rela.text .rela.text.* .rela.gnu.linkonce.t.*)
 .rela.text     0x0000000000009cf0        0x0 /usr/lib/gcc/x86_64-linux-gnu/11/../../../x86_64-linux-gnu/crti.o
 *(.rela.fini)
 *(.rela.rodata .rela.rodata.* .rela.gnu.linkonce.r.*)
 *(.rela.data .rela.data.* .rela.gnu.linkonce.d.*)
 .rela.data.rel.local
                0x0000000000009cf0      0x900 /usr/lib/gcc/x86_64-linux-gnu/11/../../../x86_64-linux-gnu/crti.o
 .rela.data.rel.ro
                0x000000000000a5f0      0x288 /usr/lib/gcc/x86_64-linux-gnu/11/../../../x86_64-linux-gnu/crti.o
 .rela.data.rel
                0x000000000000a878      0x3a8 /usr/lib/gcc/x86_64-linux-gnu/11/../../../x86_64-linux-gnu/crti.o
 .rela.data.rel.ro.local
                0x000000000000ac20      0x5e8 /usr/lib/gcc/x86_64-linux-gnu/11/../../../x86_64-linux-gnu/crti.o
 *(.rela.tdata .rela.tdata.* .rela.gnu.linkonce.td.*)
 *(.rela.tbss .rela.tbss.* .rela.gnu.linkonce.tb.*)
 *(.rela.ctors)
 *(.rela.dtors)
 *(.rela.got)
 .rela.got      0x000000000000b208      0xc30 /usr/lib/gcc/x86_64-linux-gnu/11/../../../x86_64-linux-gnu/crti.o
 *(.rela.bss .rela.bss.* .rela.gnu.linkonce.b.*)
 *(.rela.ldata .rela.ldata.* .rela.gnu.linkonce.l.*)
 *(.rela.lbss .rela.lbss.* .rela.gnu.linkonce.lb.*)
 *(.rela.lrodata .rela.lrodata.* .rela.gnu.linkonce.lr.*)
 *(.rela.ifunc)
 .rela.ifunc    0x000000000000be38        0x0 /usr/lib/gcc/x86_64-linux-gnu/11/../../../x86_64-linux-gnu/crti.o
 .rela.fini_array
                0x000000000000be38       0x18 /usr/lib/gcc/x86_64-linux-gnu/11/../../../x86_64-linux-gnu/crti.o
 .rela.init_array
                0x000000000000be50       0x18 /usr/lib/gcc/x86_64-linux-gnu/11/../../../x86_64-linux-gnu/crti.o

.rela.plt       0x000000000000be68     0x2538
 *(.rela.plt)
 .rela.plt      0x000000000000be68     0x2538 /usr/lib/gcc/x86_64-linux-gnu/11/../../../x86_64-linux-gnu/crti.o
 *(.rela.iplt)

.relr.dyn
 *(.relr.dyn)
                0x000000000000f000                . = ALIGN (CONSTANT (MAXPAGESIZE))

.init           0x000000000000f000       0x1b
 *(SORT_NONE(.init))
 .init          0x000000000000f000       0x16 /usr/lib/gcc/x86_64-linux-gnu/11/../../../x86_64-linux-gnu/crti.o
                0x000000000000f000                _init
 .init          0x000000000000f016        0x5 /usr/lib/gcc/x86_64-linux-gnu/11/../../../x86_64-linux-gnu/crtn.o

.plt            0x000000000000f020     0x18e0
 *(.plt)
 .plt           0x000000000000f020     0x18e0 /usr/lib/gcc/x86_64-linux-gnu/11/../../../x86_64-linux-gnu/crti.o
 *(.iplt)

.plt.got        0x0000000000010900       0x30
 *(.plt.got)
 .plt.got       0x0000000000010900       0x30 /usr/lib/gcc/x86_64-linux-gnu/11/../../../x86_64-linux-gnu/crti.o

.plt.sec        0x0000000000010930     0x18d0
 *(.plt.sec)
 .plt.sec       0x0000000000010930     0x18d0 /usr/lib/gcc/x86_64-linux-gnu/11/../../../x86_64-linux-gnu/crti.o

.text           0x0000000000012200    0x20094
 *(.text.unlikely .text.*_unlikely .text.unlikely.*)
 *(.text.exit .text.exit.*)
 *(.text.startup .text.startup.*)
 *(.text.hot .text.hot.*)
 *(SORT_BY_NAME(.text.sorted.*))
 *(.text .stub .text.* .gnu.linkonce.t.*)
 .text          0x0000000000012200        0x0 /usr/lib/gcc/x86_64-linux-gnu/11/../../../x86_64-linux-gnu/crti.o
 .text          0x0000000000012200       0xb9 /usr/lib/gcc/x86_64-linux-gnu/11/crtbeginS.o
 .text          0x00000000000122b9      0x390 coap-node.o
                0x00000000000122b9                client_chunk_handler
 .text          0x0000000000012649      0x374 build/cooja/mtype631161313.o
                0x00000000000126ff                platform_init_stage_one
                0x0000000000012714                platform_init_stage_two
                0x0000000000012729                platform_init_stage_three
                0x000000000001273e                platform_main_loop
                0x00000000000127d8                JNI_OnLoad
                0x00000000000127ef                Java_org_contikios_cooja_corecomm_Lib19_init
                0x0000000000012842                Java_org_contikios_cooja_corecomm_Lib19_getMemory
                0x00000000000128a1                Java_org_contikios_cooja_corecomm_Lib19_setMemory
                0x0000000000012900                Java_org_contikios_cooja_corecomm_Lib19_tick
                0x000000000001298e                Java_org_contikios_cooja_corecomm_Lib19_setReferenceAddress
 .text          0x00000000000129bd       0x93 build/cooja/contiki-ng-cooja.a(simEnvChange.o)
                0x00000000000129bd                doActionsBeforeTick
                0x0000000000012a06                doActionsAfterTick
 .text          0x0000000000012a50       0xab build/cooja/contiki-ng-cooja.a(cooja_mt.o)
                0x0000000000012a50                cooja_mt_start
                0x0000000000012a90                cooja_mt_exec
                0x0000000000012ad3                cooja_mt_yield
 .text          0x0000000000012afb      0x10e build/cooja/contiki-ng-cooja.a(cooja_mtarch.o)
                0x0000000000012afb                cooja_mtarch_start
                0x0000000000012b9e                cooja_sw
                0x0000000000012bcb                cooja_mtarch_exec
                0x0000000000012bf9                cooja_mtarch_yield
 .text          0x0000000000012c09       0xcc build/cooja/contiki-ng-cooja.a(rtimer-arch.o)
                0x0000000000012c09                rtimer_arch_init
                0x0000000000012c2f                rtimer_arch_schedule
                0x0000000000012c59                rtimer_arch_next
                0x0000000000012c6d                rtimer_arch_pending
                0x0000000000012c80                rtimer_arch_check
                0x0000000000012cc1                rtimer_arch_now
 .text          0x0000000000012cd5       0xe6 build/cooja/contiki-ng-cooja.a(beep.o)
                0x0000000000012cd5                beep_alarm
                0x0000000000012cf0                beep_beep
                0x0000000000012d08                beep
                0x0000000000012d1d                beep_down
                0x0000000000012d35                beep_on
                0x0000000000012d4a                beep_off
                0x0000000000012d5f                beep_spinup
                0x0000000000012d74                beep_quick
                0x0000000000012d8c                beep_long
 .text          0x0000000000012dbb       0x80 build/cooja/contiki-ng-cooja.a(leds-arch.o)
                0x0000000000012dd4                leds_arch_init
 .text          0x0000000000012e3b       0x41 build/cooja/contiki-ng-cooja.a(moteid.o)
 .text          0x0000000000012e7c       0xfa build/cooja/contiki-ng-cooja.a(pir-sensor.o)
 .text          0x0000000000012f76      0x18b build/cooja/contiki-ng-cooja.a(rs232.o)
                0x0000000000012f76                rs232_init
                0x0000000000012f81                rs232_set_speed
                0x0000000000012f91                rs232_set_input
                0x0000000000012fab                rs232_send
                0x0000000000012fca                rs232_print
                0x0000000000012ff8                slip_arch_writeb
 .text          0x0000000000013101       0xfa build/cooja/contiki-ng-cooja.a(vib-sensor.o)
 .text          0x00000000000131fb       0x6f build/cooja/contiki-ng-cooja.a(clock.o)
                0x00000000000131fb                clock_init
                0x0000000000013206                clock_time
                0x000000000001321a                clock_seconds
                0x0000000000013246                clock_delay
 .text          0x000000000001326a      0x214 build/cooja/contiki-ng-cooja.a(cooja-log.o)
                0x000000000001326a                simlog_char
                0x00000000000132c4                simlog
                0x0000000000013349                log_message
                0x000000000001338e                log_set_putchar_with_slip
                0x00000000000133a5                dbg_putchar
                0x0000000000013426                dbg_send_bytes
 .text          0x000000000001347e      0x39b build/cooja/contiki-ng-cooja.a(cfs-cooja.o)
                0x000000000001347e                cfs_open
                0x00000000000134fb                cfs_close
                0x0000000000013510                cfs_read
                0x00000000000135d7                cfs_write
                0x00000000000136e7                cfs_seek
                0x0000000000013796                cfs_remove
                0x00000000000137c6                cfs_opendir
                0x00000000000137dd                cfs_readdir
                0x00000000000137f4                cfs_closedir
 .text          0x0000000000013819      0x79f build/cooja/contiki-ng-cooja.a(cooja-radio.o)
                0x0000000000013878                radio_set_channel
                0x0000000000013892                radio_set_txpower
                0x00000000000138af                radio_signal_strength_last
                0x00000000000138c2                radio_signal_strength_current
                0x00000000000138d5                radio_LQI
 .text          0x0000000000013fb8      0x163 build/cooja/contiki-ng-cooja.a(eeprom.o)
                0x0000000000013fb8                eeprom_init
                0x0000000000013fc7                eeprom_read
                0x0000000000014066                eeprom_write
 .text          0x000000000001411b       0x2f build/cooja/contiki-ng-cooja.a(random.o)
                0x000000000001411b                random_init
                0x000000000001413b                random_rand
 .text          0x000000000001414a      0x35f build/cooja/contiki-ng-cooja.a(sensors.o)
                0x0000000000014193                sensors_first
                0x00000000000141a7                sensors_next
                0x00000000000141d6                sensors_changed
                0x0000000000014223                sensors_find
 .text          0x00000000000144a9      0x3ad build/cooja/contiki-ng-cooja.a(leds.o)
                0x00000000000144a9                leds_init
                0x00000000000144f4                leds_single_on
                0x0000000000014561                leds_single_off
                0x00000000000145ce                leds_single_toggle
                0x0000000000014606                leds_on
                0x0000000000014697                leds_off
                0x0000000000014728                leds_toggle
                0x0000000000014784                leds_set
                0x00000000000147ad                leds_get
 .text          0x0000000000014856      0x41b build/cooja/contiki-ng-cooja.a(gpio-hal-arch.o)
                0x0000000000014856                gpio_hal_arch_register_pin_callback
                0x00000000000148fd                gpio_hal_arch_init
                0x0000000000014953                gpio_hal_arch_no_port_interrupt_enable
                0x00000000000149a0                gpio_hal_arch_no_port_interrupt_disable
                0x00000000000149ed                gpio_hal_arch_no_port_pin_cfg_set
                0x0000000000014a23                gpio_hal_arch_no_port_pin_cfg_get
                0x0000000000014a57                gpio_hal_arch_no_port_pin_set_input
                0x0000000000014a6a                gpio_hal_arch_no_port_pin_set_output
                0x0000000000014a7d                gpio_hal_arch_no_port_set_pin
                0x0000000000014aa1                gpio_hal_arch_no_port_clear_pin
                0x0000000000014ac5                gpio_hal_arch_no_port_read_pin
                0x0000000000014af2                gpio_hal_arch_no_port_write_pin
                0x0000000000014b1c                gpio_hal_arch_no_port_set_pins
                0x0000000000014b6b                gpio_hal_arch_no_port_clear_pins
                0x0000000000014bba                gpio_hal_arch_no_port_read_pins
                0x0000000000014c08                gpio_hal_arch_no_port_write_pins
 .text          0x0000000000014c71       0xa8 build/cooja/contiki-ng-cooja.a(buttons.o)
 .text          0x0000000000014d19       0xf9 build/cooja/contiki-ng-cooja.a(res-tent.o)
 .text          0x0000000000014e12      0x2e0 build/cooja/contiki-ng-cooja.a(coap-blocking-api.o)
                0x0000000000014e12                coap_blocking_request_callback
                0x0000000000014e4d                coap_blocking_request
 .text          0x00000000000150f2      0xdaa build/cooja/contiki-ng-cooja.a(coap-engine.o)
                0x00000000000151c1                coap_add_handler
                0x00000000000151ea                coap_remove_handler
                0x0000000000015213                coap_call_handlers
                0x0000000000015354                coap_receive
                0x0000000000015a0a                coap_engine_init
                0x0000000000015a6a                coap_activate_resource
                0x0000000000015b3b                coap_get_first_resource
                0x0000000000015b54                coap_get_next_resource
 .text          0x0000000000015e9c      0xa9c build/cooja/contiki-ng-cooja.a(coap-observe.o)
                0x0000000000015fed                coap_remove_observer
                0x000000000001602c                coap_remove_observer_by_client
                0x00000000000160a2                coap_remove_observer_by_token
                0x0000000000016150                coap_remove_observer_by_uri
                0x000000000001620d                coap_remove_observer_by_mid
                0x0000000000016297                coap_notify_observers
                0x00000000000162bb                coap_notify_observers_sub
                0x000000000001676d                coap_observe_handler
                0x00000000000168c1                coap_has_observers
 .text          0x0000000000016938      0x376 build/cooja/contiki-ng-cooja.a(coap-res-well-known-core.o)
 .text          0x0000000000016cae      0x322 build/cooja/contiki-ng-cooja.a(coap-timer.o)
                0x0000000000016dc0                coap_timer_stop
                0x0000000000016df6                coap_timer_set
                0x0000000000016e2d                coap_timer_reset
                0x0000000000016e67                coap_timer_time_to_next_expiration
                0x0000000000016ec0                coap_timer_run
                0x0000000000016f87                coap_timer_init
 .text          0x0000000000016fd0      0x33a build/cooja/contiki-ng-cooja.a(coap-transactions.o)
                0x0000000000017062                coap_new_transaction
                0x00000000000170d9                coap_send_transaction
                0x0000000000017258                coap_clear_transaction
                0x00000000000172ae                coap_get_transaction_by_mid
 .text          0x000000000001730a      0x8b4 build/cooja/contiki-ng-cooja.a(coap-uip.o)
                0x000000000001730a                coap_endpoint_log
                0x00000000000173a6                coap_endpoint_print
                0x0000000000017442                coap_endpoint_snprint
                0x00000000000175c8                coap_endpoint_copy
                0x0000000000017610                coap_endpoint_cmp
                0x0000000000017765                coap_endpoint_parse
                0x0000000000017994                coap_endpoint_is_secure
                0x00000000000179ad                coap_endpoint_is_connected
                0x00000000000179f3                coap_endpoint_connect
                0x0000000000017a19                coap_endpoint_disconnect
                0x0000000000017a28                coap_databuf
                0x0000000000017a3c                coap_transport_init
                0x0000000000017a9c                coap_sendto
 .text          0x0000000000017bbe     0x24a7 build/cooja/contiki-ng-cooja.a(coap.o)
                0x0000000000018296                coap_init_connection
                0x00000000000182ad                coap_get_mid
                0x00000000000182cf                coap_init_message
                0x0000000000018325                coap_serialize_message
                0x0000000000018aae                coap_parse_message
                0x00000000000192e2                coap_get_query_variable
                0x000000000001933e                coap_get_post_variable
                0x0000000000019398                coap_set_status_code
                0x00000000000193ca                coap_set_token
                0x000000000001942a                coap_get_header_content_format
                0x0000000000019472                coap_set_header_content_format
                0x00000000000194aa                coap_get_header_accept
                0x00000000000194f5                coap_set_header_accept
                0x0000000000019530                coap_get_header_max_age
                0x0000000000019579                coap_set_header_max_age
                0x00000000000195ae                coap_get_header_etag
                0x00000000000195fa                coap_set_header_etag
                0x000000000001966b                coap_get_header_if_match
                0x00000000000196bd                coap_set_header_if_match
                0x000000000001973a                coap_get_header_if_none_match
                0x0000000000019765                coap_set_header_if_none_match
                0x000000000001978d                coap_get_header_proxy_uri
                0x00000000000197d6                coap_set_header_proxy_uri
                0x0000000000019825                coap_get_header_uri_host
                0x000000000001986e                coap_set_header_uri_host
                0x00000000000198bd                coap_get_header_uri_path
                0x000000000001990c                coap_set_header_uri_path
                0x0000000000019976                coap_get_header_uri_query
                0x00000000000199c5                coap_set_header_uri_query
                0x0000000000019a2f                coap_get_header_location_path
                0x0000000000019a78                coap_set_header_location_path
                0x0000000000019b2e                coap_get_header_location_query
                0x0000000000019b7d                coap_set_header_location_query
                0x0000000000019be7                coap_get_header_observe
                0x0000000000019c30                coap_set_header_observe
                0x0000000000019c68                coap_get_header_block2
                0x0000000000019d0a                coap_set_header_block2
                0x0000000000019d9a                coap_get_header_block1
                0x0000000000019e3c                coap_set_header_block1
                0x0000000000019ec7                coap_get_header_size2
                0x0000000000019f0e                coap_set_header_size2
                0x0000000000019f46                coap_get_header_size1
                0x0000000000019f8d                coap_set_header_size1
                0x0000000000019fc5                coap_get_payload
                0x000000000001a015                coap_set_payload
 .text          0x000000000001a065      0x405 build/cooja/contiki-ng-cooja.a(contiki-main.o)
                0x000000000001a065                main
 .text          0x000000000001a46a       0xbd build/cooja/contiki-ng-cooja.a(autostart.o)
                0x000000000001a46a                autostart_start
                0x000000000001a4cb                autostart_exit
 .text          0x000000000001a527      0x441 build/cooja/contiki-ng-cooja.a(ctimer.o)
                0x000000000001a689                ctimer_init
                0x000000000001a6be                ctimer_set
                0x000000000001a702                ctimer_set_with_process
                0x000000000001a7bc                ctimer_reset
                0x000000000001a82d                ctimer_restart
                0x000000000001a89e                ctimer_stop
                0x000000000001a8fc                ctimer_expired
 .text          0x000000000001a968       0x25 build/cooja/contiki-ng-cooja.a(energest.o)
                0x000000000001a968                energest_init
                0x000000000001a973                energest_flush
                0x000000000001a97e                energest_get_total_time
 .text          0x000000000001a98d      0x57c build/cooja/contiki-ng-cooja.a(etimer.o)
                0x000000000001ac35                etimer_request_poll
                0x000000000001ace7                etimer_set
                0x000000000001ad1d                etimer_reset_with_new_interval
                0x000000000001ad58                etimer_reset
                0x000000000001ad83                etimer_restart
                0x000000000001adae                etimer_adjust
                0x000000000001addf                etimer_expired
                0x000000000001adfe                etimer_expiration_time
                0x000000000001ae1e                etimer_start_time
                0x000000000001ae33                etimer_pending
                0x000000000001ae4d                etimer_next_expiration_time
                0x000000000001ae6e                etimer_stop
 .text          0x000000000001af09      0x539 build/cooja/contiki-ng-cooja.a(log.o)
                0x000000000001af09                log_6addr
                0x000000000001af6f                log_6addr_compact_snprint
                0x000000000001b04a                log_6addr_compact
                0x000000000001b0b0                log_lladdr
                0x000000000001b130                log_lladdr_compact
                0x000000000001b1b2                log_bytes
                0x000000000001b212                log_set_level
                0x000000000001b320                log_get_level
                0x000000000001b3d7                log_level_to_str
 .text          0x000000000001b442       0x36 build/cooja/contiki-ng-cooja.a(node-id.o)
                0x000000000001b442                node_id_init
 .text          0x000000000001b478      0x673 build/cooja/contiki-ng-cooja.a(process.o)
                0x000000000001b478                process_alloc_event
                0x000000000001b492                process_start
                0x000000000001b702                process_exit
                0x000000000001b72e                process_init
                0x000000000001b925                process_run
                0x000000000001b95a                process_nevents
                0x000000000001b97a                process_post
                0x000000000001ba42                process_post_synch
                0x000000000001ba90                process_poll
                0x000000000001bacd                process_is_running
 .text          0x000000000001baeb      0x101 build/cooja/contiki-ng-cooja.a(rtimer.o)
                0x000000000001baeb                rtimer_init
                0x000000000001bafb                rtimer_set
                0x000000000001bb7c                rtimer_run_next
 .text          0x000000000001bbec       0xfd build/cooja/contiki-ng-cooja.a(timer.o)
                0x000000000001bbec                timer_set
                0x000000000001bc1b                timer_reset
                0x000000000001bc57                timer_restart
                0x000000000001bc76                timer_expired
                0x000000000001bcb1                timer_remaining
 .text          0x000000000001bce9      0x39b build/cooja/contiki-ng-cooja.a(list.o)
                0x000000000001bce9                list_init
                0x000000000001bd03                list_head
                0x000000000001bd18                list_copy
                0x000000000001bd39                list_tail
                0x000000000001bd82                list_add
                0x000000000001bde6                list_push
                0x000000000001be29                list_chop
                0x000000000001beb6                list_pop
                0x000000000001bef0                list_remove
                0x000000000001bf7c                list_length
                0x000000000001bfb7                list_insert
                0x000000000001c01a                list_item_next
                0x000000000001c03d                list_contains
 .text          0x000000000001c084      0x21a build/cooja/contiki-ng-cooja.a(memb.o)
                0x000000000001c084                memb_init
                0x000000000001c0e7                memb_alloc
                0x000000000001c161                memb_free
                0x000000000001c1f4                memb_inmemb
                0x000000000001c24b                memb_numfree
 .text          0x000000000001c29e      0x574 build/cooja/contiki-ng-cooja.a(button-hal.o)
                0x000000000001c469                button_hal_get_by_id
                0x000000000001c4b7                button_hal_get_by_index
                0x000000000001c4ee                button_hal_get_state
                0x000000000001c551                button_hal_init
 .text          0x000000000001c812      0x181 build/cooja/contiki-ng-cooja.a(gpio-hal.o)
                0x000000000001c812                gpio_hal_register_handler
                0x000000000001c83b                gpio_hal_event_handler
                0x000000000001c8a6                gpio_hal_init
                0x000000000001c8c5                gpio_hal_arch_port_toggle_pin
                0x000000000001c8fc                gpio_hal_arch_port_toggle_pins
                0x000000000001c92d                gpio_hal_arch_no_port_toggle_pin
                0x000000000001c967                gpio_hal_arch_no_port_toggle_pins
 .text          0x000000000001c993      0x238 build/cooja/contiki-ng-cooja.a(serial-line.o)
                0x000000000001c993                serial_line_input_byte
                0x000000000001cb8e                serial_line_init
 .text          0x000000000001cbcb       0x80 build/cooja/contiki-ng-cooja.a(linkaddr.o)
                0x000000000001cbcb                linkaddr_copy
                0x000000000001cbec                linkaddr_cmp
                0x000000000001cc22                linkaddr_set_node_addr
 .text          0x000000000001cc4b      0x12b build/cooja/contiki-ng-cooja.a(netstack.o)
                0x000000000001cc4b                netstack_process_ip_callback
                0x000000000001ccec                netstack_ip_packet_processor_add
                0x000000000001cd1c                uip_ds6_ip_packet_processor_rm
                0x000000000001cd45                netstack_init
 .text          0x000000000001cd76      0x4a8 build/cooja/contiki-ng-cooja.a(packetbuf.o)
                0x000000000001cd76                packetbuf_clear
                0x000000000001cda4                packetbuf_copyfrom
                0x000000000001cdfd                packetbuf_copyto
                0x000000000001cea3                packetbuf_hdralloc
                0x000000000001cf32                packetbuf_hdrreduce
                0x000000000001cf82                packetbuf_set_datalen
                0x000000000001cf9e                packetbuf_dataptr
                0x000000000001cfc3                packetbuf_hdrptr
                0x000000000001cfd4                packetbuf_datalen
                0x000000000001cfe5                packetbuf_hdrlen
                0x000000000001d001                packetbuf_totlen
                0x000000000001d023                packetbuf_remaininglen
                0x000000000001d03b                packetbuf_attr_clear
                0x000000000001d0a0                packetbuf_attr_copyto
                0x000000000001d0eb                packetbuf_attr_copyfrom
                0x000000000001d136                packetbuf_set_attr
                0x000000000001d166                packetbuf_attr
                0x000000000001d187                packetbuf_set_addr
                0x000000000001d1cd                packetbuf_addr
                0x000000000001d1f7                packetbuf_holds_broadcast
 .text          0x000000000001d21e      0x382 build/cooja/contiki-ng-cooja.a(queuebuf.o)
                0x000000000001d233                queuebuf_init
                0x000000000001d25c                queuebuf_numfree
                0x000000000001d275                queuebuf_new_from_packetbuf
                0x000000000001d328                queuebuf_update_attr_from_packetbuf
                0x000000000001d36b                queuebuf_update_from_packetbuf
                0x000000000001d3c7                queuebuf_free
                0x000000000001d423                queuebuf_to_packetbuf
                0x000000000001d49c                queuebuf_dataptr
                0x000000000001d4e3                queuebuf_datalen
                0x000000000001d513                queuebuf_addr
                0x000000000001d55a                queuebuf_attr
                0x000000000001d595                queuebuf_debug_print
 .text          0x000000000001d5a0      0x116 build/cooja/contiki-ng-cooja.a(printf.o)
                0x000000000001d5d5                log_printf
 .text          0x000000000001d6b6       0x1e build/cooja/contiki-ng-cooja.a(putchar.o)
                0x000000000001d6b6                log_putchar
 .text          0x000000000001d6d4       0x3d build/cooja/contiki-ng-cooja.a(puts.o)
                0x000000000001d6d4                log_puts
 .text          0x000000000001d711      0x1f8 build/cooja/contiki-ng-cooja.a(snprintf.o)
                0x000000000001d79c                log_snprintf
                0x000000000001d881                log_vsnprintf
 .text          0x000000000001d909      0x152 build/cooja/contiki-ng-cooja.a(sprintf.o)
                0x000000000001d954                log_sprintf
 .text          0x000000000001da5b     0x170b build/cooja/contiki-ng-cooja.a(strformat.o)
                0x000000000001ddce                format_str
                0x000000000001deaf                format_str_v
 .text          0x000000000001f166      0x292 build/cooja/contiki-ng-cooja.a(csma.o)
 .text          0x000000000001f3f8     0x3747 build/cooja/contiki-ng-cooja.a(sicslowpan.o)
                0x000000000001fbce                netstack_sniffer_add
                0x000000000001fbe8                netstack_sniffer_remove
                0x0000000000022b08                sicslowpan_init
                0x0000000000022b2f                sicslowpan_get_last_rssi
 .text          0x0000000000022b3f      0x884 build/cooja/contiki-ng-cooja.a(tcpip.o)
                0x0000000000022b6f                tcpip_output
                0x0000000000022c07                udp_attach
                0x0000000000022c35                udp_new
                0x0000000000022c90                udp_broadcast_new
                0x0000000000022e44                tcpip_input
                0x000000000002301c                tcpip_ipv6_output
                0x0000000000023275                tcpip_poll_udp
                0x00000000000232a3                tcpip_uipcall
 .text          0x00000000000233c3      0x416 build/cooja/contiki-ng-cooja.a(uip-ds6-nbr.o)
                0x00000000000233c3                uip_ds6_neighbors_init
                0x00000000000233ec                uip_ds6_nbr_add
                0x000000000002348a                uip_ds6_nbr_rm
                0x00000000000234e7                uip_ds6_nbr_update_ll
                0x00000000000235ec                uip_ds6_nbr_get_ipaddr
                0x000000000002360c                uip_ds6_nbr_get_ll
                0x0000000000023634                uip_ds6_nbr_num
                0x0000000000023686                uip_ds6_nbr_head
                0x000000000002369f                uip_ds6_nbr_next
                0x00000000000236c7                uip_ds6_nbr_lookup
                0x0000000000023730                uip_ds6_nbr_ll_lookup
                0x0000000000023758                uip_ds6_nbr_ipaddr_from_lladdr
                0x000000000002378c                uip_ds6_nbr_lladdr_from_ipaddr
                0x00000000000237c8                uip_ds6_link_callback
 .text          0x00000000000237d9      0xbf9 build/cooja/contiki-ng-cooja.a(uip-ds6-route.o)
                0x00000000000238ea                uip_ds6_notification_add
                0x0000000000023931                uip_ds6_notification_rm
                0x000000000002395a                uip_ds6_route_init
                0x00000000000239cc                uip_ds6_route_count_nexthop_neighbors
                0x0000000000023a61                uip_ds6_route_nexthop
                0x0000000000023a95                uip_ds6_route_head
                0x0000000000023aae                uip_ds6_route_next
                0x0000000000023ae2                uip_ds6_route_is_nexthop
                0x0000000000023b34                uip_ds6_route_num_routes
                0x0000000000023b44                uip_ds6_route_lookup
                0x0000000000023c33                uip_ds6_route_add
                0x0000000000023eb5                uip_ds6_route_rm
                0x000000000002408e                uip_ds6_route_rm_by_nexthop
                0x00000000000240da                uip_ds6_defrt_head
                0x00000000000240f3                uip_ds6_defrt_add
                0x00000000000241c8                uip_ds6_defrt_rm
                0x000000000002425b                uip_ds6_defrt_lookup
                0x00000000000242d2                uip_ds6_defrt_choose
                0x0000000000024355                uip_ds6_defrt_periodic
 .text          0x00000000000243d2      0xebc build/cooja/contiki-ng-cooja.a(uip-ds6.o)
                0x00000000000243d2                uip_ds6_default_prefix
                0x00000000000243e3                uip_ds6_set_default_prefix
                0x000000000002440b                uip_ds6_init
                0x00000000000246aa                uip_ds6_periodic
                0x000000000002474c                uip_ds6_list_loop
                0x0000000000024835                uip_ds6_prefix_add
                0x0000000000024906                uip_ds6_prefix_rm
                0x0000000000024924                uip_ds6_prefix_lookup
                0x000000000002497b                uip_ds6_is_addr_onlink
                0x0000000000024a0f                uip_ds6_addr_add
                0x0000000000024b5a                uip_ds6_addr_rm
                0x0000000000024c15                uip_ds6_addr_lookup
                0x0000000000024c6a                uip_ds6_get_link_local
                0x0000000000024d0f                uip_ds6_get_global
                0x0000000000024db4                uip_ds6_maddr_add
                0x0000000000024e30                uip_ds6_maddr_rm
                0x0000000000024e4e                uip_ds6_maddr_lookup
                0x0000000000024ea6                uip_ds6_aaddr_add
                0x0000000000024f22                uip_ds6_aaddr_rm
                0x0000000000024f40                uip_ds6_aaddr_lookup
                0x0000000000024f98                uip_ds6_select_src
                0x0000000000025122                uip_ds6_set_addr_iid
                0x000000000002515b                uip_ds6_set_lladdr_from_iid
                0x0000000000025192                get_match_length
                0x0000000000025240                uip_ds6_compute_reachable_time
 .text          0x000000000002528e      0x1b9 build/cooja/contiki-ng-cooja.a(uip-packetqueue.o)
                0x00000000000252cd                uip_packetqueue_new
                0x00000000000252e7                uip_packetqueue_alloc
                0x0000000000025361                uip_packetqueue_free
                0x00000000000253b9                uip_packetqueue_buf
                0x00000000000253e5                uip_packetqueue_buflen
                0x0000000000025414                uip_packetqueue_set_buflen
 .text          0x0000000000025447      0x147 build/cooja/contiki-ng-cooja.a(uip-udp-packet.o)
                0x0000000000025447                uip_udp_packet_send
                0x00000000000254c9                uip_udp_packet_sendto
 .text          0x000000000002558e     0x1701 build/cooja/contiki-ng-cooja.a(uip6.o)
                0x0000000000025652                uip_chksum
                0x0000000000025738                uip_icmp6chksum
                0x000000000002574c                uip_udpchksum
                0x0000000000025760                uip_init
                0x00000000000257c7                uip_remove_ext_hdr
                0x00000000000258c8                uip_udp_new
                0x0000000000025c76                uip_process
                0x0000000000026b15                uip_htons
                0x0000000000026b38                uip_htonl
                0x0000000000026b80                uip_send
 .text          0x0000000000026c8f      0x5b1 build/cooja/contiki-ng-cooja.a(uipbuf.o)
                0x0000000000026c8f                uipbuf_clear
                0x0000000000026cc1                uipbuf_add_ext_hdr
                0x0000000000026d59                uipbuf_set_len
                0x0000000000026d8b                uipbuf_set_len_field
                0x0000000000026dbe                uipbuf_get_len_field
                0x0000000000026de9                uipbuf_get_next_header
                0x0000000000026f5b                uipbuf_get_last_header
                0x0000000000026fee                uipbuf_search_header
                0x00000000000270b5                uipbuf_get_attr
                0x00000000000270e6                uipbuf_set_attr
                0x0000000000027126                uipbuf_set_default_attr
                0x0000000000027166                uipbuf_clear_attr
                0x000000000002718d                uipbuf_set_attr_flag
                0x00000000000271b0                uipbuf_clr_attr_flag
                0x00000000000271d9                uipbuf_is_attr_flag
                0x00000000000271fe                uipbuf_init
 .text          0x0000000000027240      0x57d build/cooja/contiki-ng-cooja.a(uiplib.o)
                0x0000000000027240                uiplib_ip6addrconv
                0x000000000002741c                uiplib_ip4addrconv
                0x00000000000274ee                uiplib_ipaddr_print
                0x0000000000027554                uiplib_ipaddr_snprint
 .text          0x00000000000277bd      0x66e build/cooja/contiki-ng-cooja.a(rpl.o)
                0x00000000000277bd                rpl_lollipop_greater_than
                0x0000000000027821                rpl_get_global_address
                0x00000000000279c1                rpl_link_callback
                0x0000000000027a2b                rpl_has_joined
                0x0000000000027a5e                rpl_is_reachable
                0x0000000000027b04                rpl_reset_prefix
                0x0000000000027b7b                rpl_set_prefix_from_addr
                0x0000000000027c96                rpl_set_prefix
                0x0000000000027e00                rpl_set_leaf_only
                0x0000000000027e1a                rpl_get_leaf_only
 .text          0x0000000000027e2b       0x49 build/cooja/contiki-ng-cooja.a(watchdog.o)
                0x0000000000027e2b                watchdog_init
                0x0000000000027e36                watchdog_start
                0x0000000000027e41                watchdog_periodic
                0x0000000000027e5e                watchdog_stop
                0x0000000000027e69                watchdog_reboot
 .text          0x0000000000027e74       0x61 build/cooja/contiki-ng-cooja.a(int-master.o)
                0x0000000000027e74                int_master_enable
                0x0000000000027e89                int_master_read_and_disable
                0x0000000000027ea9                int_master_status_set
                0x0000000000027ec0                int_master_is_enabled
 .text          0x0000000000027ed5      0x1e5 build/cooja/contiki-ng-cooja.a(coap-timer-default.o)
 .text          0x00000000000280ba      0x125 build/cooja/contiki-ng-cooja.a(stimer.o)
                0x00000000000280ba                stimer_set
                0x00000000000280e9                stimer_reset
                0x0000000000028125                stimer_restart
                0x0000000000028144                stimer_expired
                0x0000000000028186                stimer_remaining
                0x00000000000281be                stimer_elapsed
 .text          0x00000000000281df      0x19d build/cooja/contiki-ng-cooja.a(ringbuf.o)
                0x00000000000281df                ringbuf_init
                0x0000000000028220                ringbuf_put
                0x00000000000282af                ringbuf_get
                0x000000000002832d                ringbuf_size
                0x0000000000028349                ringbuf_elements
 .text          0x000000000002837c      0x481 build/cooja/contiki-ng-cooja.a(link-stats.o)
                0x000000000002837c                link_stats_from_lladdr
                0x00000000000283a4                link_stats_get_lladdr
                0x00000000000283cc                link_stats_is_fresh
                0x0000000000028414                guess_etx_from_rssi
                0x0000000000028499                link_stats_packet_sent
                0x00000000000285fd                link_stats_input_callback
                0x000000000002875f                link_stats_reset
                0x00000000000287bb                link_stats_init
 .text          0x00000000000287fd      0xcb0 build/cooja/contiki-ng-cooja.a(nbr-table.o)
                0x0000000000028c5b                nbr_table_count_entries
                0x0000000000028cfa                nbr_table_gc_get_worst
                0x0000000000028d3d                nbr_table_can_accept_new
                0x0000000000028ef2                nbr_table_entry_is_allowed
                0x0000000000028f9f                nbr_table_register
                0x0000000000029031                nbr_table_is_registered
                0x0000000000029088                nbr_table_head
                0x00000000000290f6                nbr_table_next
                0x0000000000029173                nbr_table_add_lladdr
                0x00000000000292d3                nbr_table_get_from_lladdr
                0x0000000000029332                nbr_table_remove
                0x000000000002938c                nbr_table_lock
                0x00000000000293c1                nbr_table_unlock
                0x00000000000293f6                nbr_table_get_lladdr
                0x0000000000029439                nbr_table_clear
                0x0000000000029476                nbr_table_key_head
                0x000000000002948f                nbr_table_key_next
 .text          0x00000000000294ad      0x1e0 build/cooja/contiki-ng-cooja.a(mac-sequence.o)
                0x00000000000294ad                mac_sequence_is_duplicate
                0x000000000002958e                mac_sequence_register_seqno
 .text          0x000000000002968d      0x451 build/cooja/contiki-ng-cooja.a(framer-802154.o)
                0x0000000000029828                framer_802154_setup_params
 .text          0x0000000000029ade      0xae3 build/cooja/contiki-ng-cooja.a(csma-output.o)
                0x000000000002a2c0                csma_output_packet
                0x000000000002a589                csma_output_init
 .text          0x000000000002a5c1       0x3d build/cooja/contiki-ng-cooja.a(csma-security.o)
                0x000000000002a5c1                csma_security_create_frame
                0x000000000002a5e7                csma_security_parse_frame
 .text          0x000000000002a5fe      0x8b7 build/cooja/contiki-ng-cooja.a(uip-icmp6.o)
                0x000000000002a67b                uip_icmp6_input
                0x000000000002a6d9                uip_icmp6_register_input_handler
                0x000000000002a86b                uip_icmp6_error_output
                0x000000000002abd0                uip_icmp6_send
                0x000000000002ae1c                uip_icmp6_echo_reply_callback_add
                0x000000000002ae63                uip_icmp6_echo_reply_callback_rm
                0x000000000002ae8c                uip_icmp6_init
 .text          0x000000000002aeb5      0x87f build/cooja/contiki-ng-cooja.a(uip-nd6.o)
                0x000000000002b71a                uip_nd6_init
 .text          0x000000000002b734      0x7e7 build/cooja/contiki-ng-cooja.a(uip-sr.o)
                0x000000000002b734                uip_sr_num_nodes
                0x000000000002b7df                uip_sr_get_node
                0x000000000002b847                uip_sr_is_addr_reachable
                0x000000000002b90f                uip_sr_expire_parent
                0x000000000002b97e                uip_sr_update_node
                0x000000000002baf2                uip_sr_init
                0x000000000002bb25                uip_sr_node_head
                0x000000000002bb3e                uip_sr_node_next
                0x000000000002bb5c                uip_sr_periodic
                0x000000000002bc98                uip_sr_free_all
                0x000000000002bd17                uip_sr_link_snprint
 .text          0x000000000002bf1b      0x35a build/cooja/contiki-ng-cooja.a(rpl-dag-root.o)
                0x000000000002bf1b                rpl_dag_root_print_links
                0x000000000002c090                rpl_dag_root_set_prefix
                0x000000000002c0cc                rpl_dag_root_start
                0x000000000002c235                rpl_dag_root_is_root
 .text          0x000000000002c275     0x1219 build/cooja/contiki-ng-cooja.a(rpl-dag.o)
                0x000000000002c275                rpl_dag_state_to_str
                0x000000000002c2d3                rpl_dag_get_root_ipaddr
                0x000000000002c31d                rpl_dag_leave
                0x000000000002c3c8                rpl_dag_poison_and_leave
                0x000000000002c3e6                rpl_dag_periodic
                0x000000000002c4aa                rpl_is_addr_in_our_dag
                0x000000000002c506                rpl_get_default_instance
                0x000000000002c52d                rpl_get_any_dag
                0x000000000002c59a                rpl_refresh_routes
                0x000000000002c5fc                rpl_global_repair
                0x000000000002c6be                rpl_local_repair
                0x000000000002c720                rpl_dag_ready_to_advertise
                0x000000000002c778                rpl_dag_update_state
                0x000000000002d03b                rpl_process_dio
                0x000000000002d0dd                rpl_process_dis
                0x000000000002d131                rpl_process_dao
                0x000000000002d1da                rpl_process_dao_ack
                0x000000000002d28a                rpl_process_hbh
                0x000000000002d2e9                rpl_dag_init_root
                0x000000000002d46a                rpl_dag_init
 .text          0x000000000002d48e      0xdef build/cooja/contiki-ng-cooja.a(rpl-ext-header.o)
                0x000000000002d48e                rpl_ext_header_srh_get_next_hop
                0x000000000002d59f                rpl_ext_header_srh_update
                0x000000000002dc2e                rpl_ext_header_hbh_update
                0x000000000002dfce                rpl_ext_header_update
                0x000000000002e078                rpl_ext_header_remove
 .text          0x000000000002e27d     0x16eb build/cooja/contiki-ng-cooja.a(rpl-icmp6.o)
                0x000000000002e411                rpl_icmp6_update_nbr_table
                0x000000000002e4c6                rpl_icmp6_dis_output
                0x000000000002ebea                rpl_icmp6_dio_output
                0x000000000002f51a                rpl_icmp6_dao_output
                0x000000000002f88b                rpl_icmp6_dao_ack_output
                0x000000000002f921                rpl_icmp6_init
 .text          0x000000000002f968      0x36f build/cooja/contiki-ng-cooja.a(rpl-mrhof.o)
 .text          0x000000000002fcd7       0x8c build/cooja/contiki-ng-cooja.a(rpl-nbr-policy.o)
                0x000000000002fd1f                rpl_nbr_gc_get_worst
 .text          0x000000000002fd63      0xadd build/cooja/contiki-ng-cooja.a(rpl-neighbor.o)
                0x000000000002fdf6                rpl_neighbor_snprint
                0x0000000000030124                rpl_neighbor_print_list
                0x00000000000301fb                rpl_neighbor_count
                0x00000000000302e6                rpl_neighbor_get_from_lladdr
                0x0000000000030311                rpl_neighbor_is_acceptable_parent
                0x000000000003035d                rpl_neighbor_get_link_metric
                0x00000000000303a9                rpl_neighbor_rank_via_nbr
                0x00000000000303f5                rpl_neighbor_get_lladdr
                0x0000000000030420                rpl_neighbor_get_ipaddr
                0x000000000003044e                rpl_neighbor_get_link_stats
                0x000000000003047c                rpl_neighbor_is_fresh
                0x00000000000304aa                rpl_neighbor_is_parent
                0x00000000000304e3                rpl_neighbor_set_preferred_parent
                0x000000000003059a                rpl_neighbor_remove_all
                0x0000000000030600                rpl_neighbor_get_from_ipaddr
                0x0000000000030739                rpl_neighbor_select_best
                0x0000000000030819                rpl_neighbor_init
 .text          0x0000000000030840      0xd3d build/cooja/contiki-ng-cooja.a(rpl-timers.o)
                0x0000000000030840                rpl_timers_schedule_periodic_dis
                0x00000000000309f6                rpl_timers_dio_reset
                0x0000000000030b7a                rpl_timers_schedule_unicast_dio
                0x0000000000030d61                rpl_timers_schedule_dao
                0x0000000000030e67                rpl_timers_schedule_dao_ack
                0x0000000000030f2c                rpl_timers_notify_dao_ack
                0x0000000000030fa1                get_probing_delay
                0x0000000000030fe8                get_probing_target
                0x0000000000031226                rpl_schedule_probing
                0x000000000003126d                rpl_schedule_probing_now
                0x00000000000312fb                rpl_timers_unschedule_leaving
                0x0000000000031345                rpl_timers_schedule_leaving
                0x00000000000313a3                rpl_timers_init
                0x0000000000031455                rpl_timers_stop_dag_timers
                0x00000000000314f7                rpl_timers_unschedule_state_update
                0x0000000000031524                rpl_timers_schedule_state_update
 .text          0x000000000003157d       0x34 build/cooja/contiki-ng-cooja.a(assert.o)
                0x000000000003157d                _xassert
 .text          0x00000000000315b1       0x3a build/cooja/contiki-ng-cooja.a(mac.o)
                0x00000000000315b1                mac_call_sent_callback
 .text          0x00000000000315eb      0xca9 build/cooja/contiki-ng-cooja.a(frame802154.o)
                0x0000000000031619                frame802154_get_pan_id
                0x000000000003162a                frame802154_set_pan_id
                0x0000000000031646                frame802154_has_panid
                0x0000000000031825                frame802154_check_dest_panid
                0x00000000000318c3                frame802154_is_broadcast_addr
                0x000000000003191a                frame802154_extract_linkaddr
                0x0000000000031bb4                frame802154_hdrlen
                0x0000000000031c33                frame802154_create_fcf
                0x0000000000031d05                frame802154_create
                0x0000000000031eaf                frame802154_parse_fcf
                0x0000000000031fa6                frame802154_parse
 .text          0x0000000000032294        0x0 /usr/lib/gcc/x86_64-linux-gnu/11/crtendS.o
 .text          0x0000000000032294        0x0 /usr/lib/gcc/x86_64-linux-gnu/11/../../../x86_64-linux-gnu/crtn.o
 *(.gnu.warning)

.fini           0x0000000000032294        0xd
 *(SORT_NONE(.fini))
 .fini          0x0000000000032294        0x8 /usr/lib/gcc/x86_64-linux-gnu/11/../../../x86_64-linux-gnu/crti.o
                0x0000000000032294                _fini
 .fini          0x000000000003229c        0x5 /usr/lib/gcc/x86_64-linux-gnu/11/../../../x86_64-linux-gnu/crtn.o
                [!provide]                        PROVIDE (__etext = .)
                [!provide]                        PROVIDE (_etext = .)
                [!provide]                        PROVIDE (etext = .)
                0x0000000000033000                . = ALIGN (CONSTANT (MAXPAGESIZE))
                0x0000000000033000                . = SEGMENT_START ("rodata-segment", (ALIGN (CONSTANT (MAXPAGESIZE)) + (. & (CONSTANT (MAXPAGESIZE) - 0x1))))

.rodata         0x0000000000033000      0xb6d
 *(.rodata .rodata.* .gnu.linkonce.r.*)
 .rodata        0x0000000000033000       0x7f coap-node.o
 .rodata        0x000000000003307f        0x6 build/cooja/contiki-ng-cooja.a(leds-arch.o)
                0x000000000003307f                leds_arch_leds
 .rodata        0x0000000000033085        0x4 build/cooja/contiki-ng-cooja.a(pir-sensor.o)
 .rodata        0x0000000000033089        0x3 build/cooja/contiki-ng-cooja.a(rs232.o)
 .rodata        0x000000000003308c        0xa build/cooja/contiki-ng-cooja.a(vib-sensor.o)
 *fill*         0x0000000000033096        0x2 
 .rodata        0x0000000000033098       0x26 build/cooja/contiki-ng-cooja.a(cfs-cooja.o)
 *fill*         0x00000000000330be        0x2 
 .rodata        0x00000000000330c0       0x68 build/cooja/contiki-ng-cooja.a(cooja-radio.o)
 .rodata        0x0000000000033128        0x8 build/cooja/contiki-ng-cooja.a(sensors.o)
 .rodata        0x0000000000033130       0x14 build/cooja/contiki-ng-cooja.a(buttons.o)
                0x000000000003313c                button_hal_button_count
 *fill*         0x0000000000033144        0x4 
 .rodata        0x0000000000033148       0x3e build/cooja/contiki-ng-cooja.a(res-tent.o)
 .rodata        0x0000000000033186       0x41 build/cooja/contiki-ng-cooja.a(coap-engine.o)
 .rodata        0x00000000000331c7       0x11 build/cooja/contiki-ng-cooja.a(coap-observe.o)
 .rodata        0x00000000000331d8       0x19 build/cooja/contiki-ng-cooja.a(coap-res-well-known-core.o)
 .rodata        0x00000000000331f1       0x35 build/cooja/contiki-ng-cooja.a(coap-uip.o)
 *fill*         0x0000000000033226        0x2 
 .rodata        0x0000000000033228      0x1b0 build/cooja/contiki-ng-cooja.a(coap.o)
 .rodata        0x00000000000333d8       0xf4 build/cooja/contiki-ng-cooja.a(contiki-main.o)
 .rodata        0x00000000000334cc        0xf build/cooja/contiki-ng-cooja.a(ctimer.o)
 .rodata        0x00000000000334db        0xc build/cooja/contiki-ng-cooja.a(etimer.o)
 *fill*         0x00000000000334e7        0x1 
 .rodata        0x00000000000334e8       0xc0 build/cooja/contiki-ng-cooja.a(log.o)
 .rodata        0x00000000000335a8       0x13 build/cooja/contiki-ng-cooja.a(button-hal.o)
 .rodata        0x00000000000335bb        0xe build/cooja/contiki-ng-cooja.a(serial-line.o)
 *fill*         0x00000000000335c9        0x7 
 .rodata        0x00000000000335d0        0x8 build/cooja/contiki-ng-cooja.a(linkaddr.o)
                0x00000000000335d0                linkaddr_null
 *fill*         0x00000000000335d8        0x8 
 .rodata        0x00000000000335e0      0x280 build/cooja/contiki-ng-cooja.a(strformat.o)
 .rodata        0x0000000000033860        0x5 build/cooja/contiki-ng-cooja.a(csma.o)
 .rodata        0x0000000000033865       0x1d build/cooja/contiki-ng-cooja.a(sicslowpan.o)
                0x0000000000033865                unc_llconf
                0x0000000000033869                unc_ctxconf
                0x000000000003386d                unc_mxconf
                0x0000000000033871                llprefix
 .rodata        0x0000000000033882        0xd build/cooja/contiki-ng-cooja.a(tcpip.o)
 *fill*         0x000000000003388f        0x1 
 .rodata        0x0000000000033890       0xb9 build/cooja/contiki-ng-cooja.a(uip-ds6-route.o)
 .rodata        0x0000000000033949       0x2d build/cooja/contiki-ng-cooja.a(uiplib.o)
 .rodata        0x0000000000033976        0x9 build/cooja/contiki-ng-cooja.a(rpl.o)
 .rodata        0x000000000003397f       0x13 build/cooja/contiki-ng-cooja.a(coap-timer-default.o)
 *fill*         0x0000000000033992        0x6 
 .rodata        0x0000000000033998       0x27 build/cooja/contiki-ng-cooja.a(csma-output.o)
 .rodata        0x00000000000339bf       0x44 build/cooja/contiki-ng-cooja.a(uip-sr.o)
 .rodata        0x0000000000033a03       0xd7 build/cooja/contiki-ng-cooja.a(rpl-dag.o)
 *fill*         0x0000000000033ada        0x6 
 .rodata        0x0000000000033ae0       0x58 build/cooja/contiki-ng-cooja.a(rpl-neighbor.o)
 .rodata        0x0000000000033b38        0xc build/cooja/contiki-ng-cooja.a(rpl-timers.o)
 *fill*         0x0000000000033b44        0x4 
 .rodata        0x0000000000033b48       0x25 build/cooja/contiki-ng-cooja.a(assert.o)

.rodata1
 *(.rodata1)

.eh_frame_hdr   0x0000000000033b70     0x1aec
 *(.eh_frame_hdr)
 .eh_frame_hdr  0x0000000000033b70     0x1aec coap-node.o
                0x0000000000033b70                __GNU_EH_FRAME_HDR
 *(.eh_frame_entry .eh_frame_entry.*)

.eh_frame       0x0000000000035660     0x6c20
 *(.eh_frame)
 .eh_frame      0x0000000000035660       0x40 /usr/lib/gcc/x86_64-linux-gnu/11/../../../x86_64-linux-gnu/crti.o
 .eh_frame      0x00000000000356a0       0x18 /usr/lib/gcc/x86_64-linux-gnu/11/../../../x86_64-linux-gnu/crti.o
                                         0x30 (size before relaxing)
 .eh_frame      0x00000000000356b8       0x18 /usr/lib/gcc/x86_64-linux-gnu/11/../../../x86_64-linux-gnu/crti.o
                                         0x30 (size before relaxing)
 .eh_frame      0x00000000000356d0       0x40 coap-node.o
                                         0x58 (size before relaxing)
 .eh_frame      0x0000000000035710      0x198 build/cooja/mtype631161313.o
                                        0x1b0 (size before relaxing)
 .eh_frame      0x00000000000358a8       0x40 build/cooja/contiki-ng-cooja.a(simEnvChange.o)
                                         0x58 (size before relaxing)
 .eh_frame      0x00000000000358e8       0x60 build/cooja/contiki-ng-cooja.a(cooja_mt.o)
                                         0x78 (size before relaxing)
 .eh_frame      0x0000000000035948       0x80 build/cooja/contiki-ng-cooja.a(cooja_mtarch.o)
                                         0x98 (size before relaxing)
 .eh_frame      0x00000000000359c8       0xc0 build/cooja/contiki-ng-cooja.a(rtimer-arch.o)
                                         0xd8 (size before relaxing)
 .eh_frame      0x0000000000035a88      0x160 build/cooja/contiki-ng-cooja.a(beep.o)
                                        0x178 (size before relaxing)
 .eh_frame      0x0000000000035be8       0x80 build/cooja/contiki-ng-cooja.a(leds-arch.o)
                                         0x98 (size before relaxing)
 .eh_frame      0x0000000000035c68       0x40 build/cooja/contiki-ng-cooja.a(moteid.o)
                                         0x58 (size before relaxing)
 .eh_frame      0x0000000000035ca8       0xa0 build/cooja/contiki-ng-cooja.a(pir-sensor.o)
                                         0xb8 (size before relaxing)
 .eh_frame      0x0000000000035d48      0x100 build/cooja/contiki-ng-cooja.a(rs232.o)
                                        0x118 (size before relaxing)
 .eh_frame      0x0000000000035e48       0xa0 build/cooja/contiki-ng-cooja.a(vib-sensor.o)
                                         0xb8 (size before relaxing)
 .eh_frame      0x0000000000035ee8       0xc0 build/cooja/contiki-ng-cooja.a(clock.o)
                                         0xd8 (size before relaxing)
 .eh_frame      0x0000000000035fa8      0x100 build/cooja/contiki-ng-cooja.a(cooja-log.o)
                                        0x118 (size before relaxing)
 .eh_frame      0x00000000000360a8      0x160 build/cooja/contiki-ng-cooja.a(cfs-cooja.o)
                                        0x178 (size before relaxing)
 .eh_frame      0x0000000000036208      0x360 build/cooja/contiki-ng-cooja.a(cooja-radio.o)
                                        0x378 (size before relaxing)
 .eh_frame      0x0000000000036568       0xa0 build/cooja/contiki-ng-cooja.a(eeprom.o)
                                         0xb8 (size before relaxing)
 .eh_frame      0x0000000000036608       0x40 build/cooja/contiki-ng-cooja.a(random.o)
                                         0x58 (size before relaxing)
 .eh_frame      0x0000000000036648       0xc0 build/cooja/contiki-ng-cooja.a(sensors.o)
                                         0xd8 (size before relaxing)
 .eh_frame      0x0000000000036708      0x120 build/cooja/contiki-ng-cooja.a(leds.o)
                                        0x138 (size before relaxing)
 .eh_frame      0x0000000000036828      0x220 build/cooja/contiki-ng-cooja.a(gpio-hal-arch.o)
                                        0x238 (size before relaxing)
 .eh_frame      0x0000000000036a48       0xa0 build/cooja/contiki-ng-cooja.a(buttons.o)
                                         0xb8 (size before relaxing)
 .eh_frame      0x0000000000036ae8       0x20 build/cooja/contiki-ng-cooja.a(res-tent.o)
                                         0x38 (size before relaxing)
 .eh_frame      0x0000000000036b08       0x40 build/cooja/contiki-ng-cooja.a(coap-blocking-api.o)
                                         0x58 (size before relaxing)
 .eh_frame      0x0000000000036b48      0x220 build/cooja/contiki-ng-cooja.a(coap-engine.o)
                                        0x238 (size before relaxing)
 .eh_frame      0x0000000000036d68      0x188 build/cooja/contiki-ng-cooja.a(coap-observe.o)
                                        0x1a0 (size before relaxing)
 .eh_frame      0x0000000000036ef0       0x20 build/cooja/contiki-ng-cooja.a(coap-res-well-known-core.o)
                                         0x38 (size before relaxing)
 .eh_frame      0x0000000000036f10      0x108 build/cooja/contiki-ng-cooja.a(coap-timer.o)
                                        0x120 (size before relaxing)
 .eh_frame      0x0000000000037018      0x100 build/cooja/contiki-ng-cooja.a(coap-transactions.o)
                                        0x118 (size before relaxing)
 .eh_frame      0x0000000000037118      0x248 build/cooja/contiki-ng-cooja.a(coap-uip.o)
                                        0x260 (size before relaxing)
 .eh_frame      0x0000000000037360      0x6e8 build/cooja/contiki-ng-cooja.a(coap.o)
                                        0x700 (size before relaxing)
 .eh_frame      0x0000000000037a48       0x20 build/cooja/contiki-ng-cooja.a(contiki-main.o)
                                         0x38 (size before relaxing)
 .eh_frame      0x0000000000037a68       0x40 build/cooja/contiki-ng-cooja.a(autostart.o)
                                         0x58 (size before relaxing)
 .eh_frame      0x0000000000037aa8      0x100 build/cooja/contiki-ng-cooja.a(ctimer.o)
                                        0x118 (size before relaxing)
 .eh_frame      0x0000000000037ba8       0x60 build/cooja/contiki-ng-cooja.a(energest.o)
                                         0x78 (size before relaxing)
 .eh_frame      0x0000000000037c08      0x1e0 build/cooja/contiki-ng-cooja.a(etimer.o)
                                        0x1f8 (size before relaxing)
 .eh_frame      0x0000000000037de8      0x120 build/cooja/contiki-ng-cooja.a(log.o)
                                        0x138 (size before relaxing)
 .eh_frame      0x0000000000037f08       0x20 build/cooja/contiki-ng-cooja.a(node-id.o)
                                         0x38 (size before relaxing)
 .eh_frame      0x0000000000037f28      0x1c8 build/cooja/contiki-ng-cooja.a(process.o)
                                        0x1e0 (size before relaxing)
 .eh_frame      0x00000000000380f0       0x60 build/cooja/contiki-ng-cooja.a(rtimer.o)
                                         0x78 (size before relaxing)
 .eh_frame      0x0000000000038150       0xa0 build/cooja/contiki-ng-cooja.a(timer.o)
                                         0xb8 (size before relaxing)
 .eh_frame      0x00000000000381f0      0x1a0 build/cooja/contiki-ng-cooja.a(list.o)
                                        0x1b8 (size before relaxing)
 .eh_frame      0x0000000000038390       0xa0 build/cooja/contiki-ng-cooja.a(memb.o)
                                         0xb8 (size before relaxing)
 .eh_frame      0x0000000000038430      0x160 build/cooja/contiki-ng-cooja.a(button-hal.o)
                                        0x178 (size before relaxing)
 .eh_frame      0x0000000000038590       0xe0 build/cooja/contiki-ng-cooja.a(gpio-hal.o)
                                         0xf8 (size before relaxing)
 .eh_frame      0x0000000000038670       0x60 build/cooja/contiki-ng-cooja.a(serial-line.o)
                                         0x78 (size before relaxing)
 .eh_frame      0x00000000000386d0       0x60 build/cooja/contiki-ng-cooja.a(linkaddr.o)
                                         0x78 (size before relaxing)
 .eh_frame      0x0000000000038730       0x80 build/cooja/contiki-ng-cooja.a(netstack.o)
                                         0x98 (size before relaxing)
 .eh_frame      0x00000000000387b0      0x288 build/cooja/contiki-ng-cooja.a(packetbuf.o)
                                        0x2a0 (size before relaxing)
 .eh_frame      0x0000000000038a38      0x1a0 build/cooja/contiki-ng-cooja.a(queuebuf.o)
                                        0x1b8 (size before relaxing)
 .eh_frame      0x0000000000038bd8       0x40 build/cooja/contiki-ng-cooja.a(printf.o)
                                         0x58 (size before relaxing)
 .eh_frame      0x0000000000038c18       0x20 build/cooja/contiki-ng-cooja.a(putchar.o)
                                         0x38 (size before relaxing)
 .eh_frame      0x0000000000038c38       0x20 build/cooja/contiki-ng-cooja.a(puts.o)
                                         0x38 (size before relaxing)
 .eh_frame      0x0000000000038c58       0x60 build/cooja/contiki-ng-cooja.a(snprintf.o)
                                         0x78 (size before relaxing)
 .eh_frame      0x0000000000038cb8       0x40 build/cooja/contiki-ng-cooja.a(sprintf.o)
                                         0x58 (size before relaxing)
 .eh_frame      0x0000000000038cf8      0x120 build/cooja/contiki-ng-cooja.a(strformat.o)
                                        0x138 (size before relaxing)
 .eh_frame      0x0000000000038e18       0xe0 build/cooja/contiki-ng-cooja.a(csma.o)
                                         0xf8 (size before relaxing)
 .eh_frame      0x0000000000038ef8      0x2e0 build/cooja/contiki-ng-cooja.a(sicslowpan.o)
                                        0x2f8 (size before relaxing)
 .eh_frame      0x00000000000391d8      0x248 build/cooja/contiki-ng-cooja.a(tcpip.o)
                                        0x260 (size before relaxing)
 .eh_frame      0x0000000000039420      0x1c0 build/cooja/contiki-ng-cooja.a(uip-ds6-nbr.o)
                                        0x1d8 (size before relaxing)
 .eh_frame      0x00000000000395e0      0x300 build/cooja/contiki-ng-cooja.a(uip-ds6-route.o)
                                        0x318 (size before relaxing)
 .eh_frame      0x00000000000398e0      0x328 build/cooja/contiki-ng-cooja.a(uip-ds6.o)
                                        0x340 (size before relaxing)
 .eh_frame      0x0000000000039c08       0xe0 build/cooja/contiki-ng-cooja.a(uip-packetqueue.o)
                                         0xf8 (size before relaxing)
 .eh_frame      0x0000000000039ce8       0x40 build/cooja/contiki-ng-cooja.a(uip-udp-packet.o)
                                         0x58 (size before relaxing)
 .eh_frame      0x0000000000039d28      0x1e8 build/cooja/contiki-ng-cooja.a(uip6.o)
                                        0x200 (size before relaxing)
 .eh_frame      0x0000000000039f10      0x200 build/cooja/contiki-ng-cooja.a(uipbuf.o)
                                        0x218 (size before relaxing)
 .eh_frame      0x000000000003a110       0x80 build/cooja/contiki-ng-cooja.a(uiplib.o)
                                         0x98 (size before relaxing)
 .eh_frame      0x000000000003a190      0x1e0 build/cooja/contiki-ng-cooja.a(rpl.o)
                                        0x1f8 (size before relaxing)
 .eh_frame      0x000000000003a370       0xa0 build/cooja/contiki-ng-cooja.a(watchdog.o)
                                         0xb8 (size before relaxing)
 .eh_frame      0x000000000003a410       0x80 build/cooja/contiki-ng-cooja.a(int-master.o)
                                         0x98 (size before relaxing)
 .eh_frame      0x000000000003a490       0xa0 build/cooja/contiki-ng-cooja.a(coap-timer-default.o)
                                         0xb8 (size before relaxing)
 .eh_frame      0x000000000003a530       0xc0 build/cooja/contiki-ng-cooja.a(stimer.o)
                                         0xd8 (size before relaxing)
 .eh_frame      0x000000000003a5f0       0xa0 build/cooja/contiki-ng-cooja.a(ringbuf.o)
                                         0xb8 (size before relaxing)
 .eh_frame      0x000000000003a690      0x120 build/cooja/contiki-ng-cooja.a(link-stats.o)
                                        0x138 (size before relaxing)
 .eh_frame      0x000000000003a7b0      0x3e0 build/cooja/contiki-ng-cooja.a(nbr-table.o)
                                        0x3f8 (size before relaxing)
 .eh_frame      0x000000000003ab90       0x48 build/cooja/contiki-ng-cooja.a(mac-sequence.o)
                                         0x60 (size before relaxing)
 .eh_frame      0x000000000003abd8       0xa8 build/cooja/contiki-ng-cooja.a(framer-802154.o)
                                         0xc0 (size before relaxing)
 .eh_frame      0x000000000003ac80      0x1c8 build/cooja/contiki-ng-cooja.a(csma-output.o)
                                        0x1e0 (size before relaxing)
 .eh_frame      0x000000000003ae48       0x40 build/cooja/contiki-ng-cooja.a(csma-security.o)
                                         0x58 (size before relaxing)
 .eh_frame      0x000000000003ae88      0x148 build/cooja/contiki-ng-cooja.a(uip-icmp6.o)
                                        0x160 (size before relaxing)
 .eh_frame      0x000000000003afd0       0x80 build/cooja/contiki-ng-cooja.a(uip-nd6.o)
                                         0x98 (size before relaxing)
 .eh_frame      0x000000000003b050      0x180 build/cooja/contiki-ng-cooja.a(uip-sr.o)
                                        0x198 (size before relaxing)
 .eh_frame      0x000000000003b1d0       0xa0 build/cooja/contiki-ng-cooja.a(rpl-dag-root.o)
                                         0xb8 (size before relaxing)
 .eh_frame      0x000000000003b270      0x360 build/cooja/contiki-ng-cooja.a(rpl-dag.o)
                                        0x378 (size before relaxing)
 .eh_frame      0x000000000003b5d0      0x128 build/cooja/contiki-ng-cooja.a(rpl-ext-header.o)
                                        0x140 (size before relaxing)
 .eh_frame      0x000000000003b6f8      0x1c0 build/cooja/contiki-ng-cooja.a(rpl-icmp6.o)
                                        0x1d8 (size before relaxing)
 .eh_frame      0x000000000003b8b8      0x148 build/cooja/contiki-ng-cooja.a(rpl-mrhof.o)
                                        0x160 (size before relaxing)
 .eh_frame      0x000000000003ba00       0x40 build/cooja/contiki-ng-cooja.a(rpl-nbr-policy.o)
                                         0x58 (size before relaxing)
 .eh_frame      0x000000000003ba40      0x2b0 build/cooja/contiki-ng-cooja.a(rpl-neighbor.o)
                                        0x2c8 (size before relaxing)
 .eh_frame      0x000000000003bcf0      0x3a8 build/cooja/contiki-ng-cooja.a(rpl-timers.o)
                                        0x3c0 (size before relaxing)
 .eh_frame      0x000000000003c098       0x20 build/cooja/contiki-ng-cooja.a(assert.o)
                                         0x38 (size before relaxing)
 .eh_frame      0x000000000003c0b8       0x20 build/cooja/contiki-ng-cooja.a(mac.o)
                                         0x38 (size before relaxing)
 .eh_frame      0x000000000003c0d8      0x1a4 build/cooja/contiki-ng-cooja.a(frame802154.o)
                                        0x1c0 (size before relaxing)
 .eh_frame      0x000000000003c27c        0x4 /usr/lib/gcc/x86_64-linux-gnu/11/crtendS.o
 *(.eh_frame.*)

.gcc_except_table
 *(.gcc_except_table .gcc_except_table.*)

.gnu_extab
 *(.gnu_extab*)

.exception_ranges
 *(.exception_ranges*)
                0x000000000003d6b0                . = DATA_SEGMENT_ALIGN (CONSTANT (MAXPAGESIZE), CONSTANT (COMMONPAGESIZE))

.eh_frame
 *(.eh_frame)
 *(.eh_frame.*)

.gnu_extab
 *(.gnu_extab)

.gcc_except_table
 *(.gcc_except_table .gcc_except_table.*)

.exception_ranges
 *(.exception_ranges*)

.tdata
 *(.tdata .tdata.* .gnu.linkonce.td.*)

.tbss
 *(.tbss .tbss.* .gnu.linkonce.tb.*)
 *(.tcommon)

.preinit_array
 *(.preinit_array)

.init_array     0x000000000003d6b0        0x8
 *(SORT_BY_INIT_PRIORITY(.init_array.*) SORT_BY_INIT_PRIORITY(.ctors.*))
 *(.init_array EXCLUDE_FILE(*crtend?.o *crtend.o *crtbegin?.o *crtbegin.o) .ctors)
 .init_array    0x000000000003d6b0        0x8 /usr/lib/gcc/x86_64-linux-gnu/11/crtbeginS.o

.fini_array     0x000000000003d6b8        0x8
 *(SORT_BY_INIT_PRIORITY(.fini_array.*) SORT_BY_INIT_PRIORITY(.dtors.*))
 *(.fini_array EXCLUDE_FILE(*crtend?.o *crtend.o *crtbegin?.o *crtbegin.o) .dtors)
 .fini_array    0x000000000003d6b8        0x8 /usr/lib/gcc/x86_64-linux-gnu/11/crtbeginS.o

.ctors
 *crtbegin.o(.ctors)
 *crtbegin?.o(.ctors)
 *(EXCLUDE_FILE(*crtend?.o *crtend.o) .ctors)
 *(SORT_BY_NAME(.ctors.*))
 *(.ctors)

.dtors
 *crtbegin.o(.dtors)
 *crtbegin?.o(.dtors)
 *(EXCLUDE_FILE(*crtend?.o *crtend.o) .dtors)
 *(SORT_BY_NAME(.dtors.*))
 *(.dtors)

.jcr
 *(.jcr)

.data.rel.ro    0x000000000003d6c0      0x370
 *(.data.rel.ro.local* .gnu.linkonce.d.rel.ro.local.*)
 .data.rel.ro.local
                0x000000000003d6c0       0x10 build/cooja/contiki-ng-cooja.a(beep.o)
                0x000000000003d6c0                beep_interface
 .data.rel.ro.local
                0x000000000003d6d0       0x10 build/cooja/contiki-ng-cooja.a(leds-arch.o)
                0x000000000003d6d0                leds_interface
 .data.rel.ro.local
                0x000000000003d6e0       0x10 build/cooja/contiki-ng-cooja.a(moteid.o)
                0x000000000003d6e0                moteid_interface
 *fill*         0x000000000003d6f0       0x10 
 .data.rel.ro.local
                0x000000000003d700       0x40 build/cooja/contiki-ng-cooja.a(pir-sensor.o)
                0x000000000003d700                pir_interface
                0x000000000003d720                pir_sensor
 .data.rel.ro.local
                0x000000000003d740       0x10 build/cooja/contiki-ng-cooja.a(rs232.o)
                0x000000000003d740                rs232_interface
 *fill*         0x000000000003d750       0x10 
 .data.rel.ro.local
                0x000000000003d760       0x40 build/cooja/contiki-ng-cooja.a(vib-sensor.o)
                0x000000000003d760                vib_interface
                0x000000000003d780                vib_sensor
 .data.rel.ro.local
                0x000000000003d7a0       0x10 build/cooja/contiki-ng-cooja.a(clock.o)
                0x000000000003d7a0                clock_interface
 .data.rel.ro.local
                0x000000000003d7b0       0x10 build/cooja/contiki-ng-cooja.a(cooja-log.o)
                0x000000000003d7b0                simlog_interface
 .data.rel.ro.local
                0x000000000003d7c0       0x10 build/cooja/contiki-ng-cooja.a(cfs-cooja.o)
                0x000000000003d7c0                cfs_interface
 *fill*         0x000000000003d7d0       0x10 
 .data.rel.ro.local
                0x000000000003d7e0       0x90 build/cooja/contiki-ng-cooja.a(cooja-radio.o)
                0x000000000003d7e0                radio_interface
                0x000000000003d800                cooja_radio_driver
 .data.rel.ro.local
                0x000000000003d870       0x10 build/cooja/contiki-ng-cooja.a(eeprom.o)
                0x000000000003d870                eeprom_interface
 .data.rel.ro.local
                0x000000000003d880       0x40 build/cooja/contiki-ng-cooja.a(buttons.o)
                0x000000000003d880                button_interface
                0x000000000003d8a0                button_sensor
 .data.rel.ro.local
                0x000000000003d8c0       0x38 build/cooja/contiki-ng-cooja.a(csma.o)
                0x000000000003d8c0                csma_driver
 *fill*         0x000000000003d8f8        0x8 
 .data.rel.ro.local
                0x000000000003d900       0x18 build/cooja/contiki-ng-cooja.a(coap-timer-default.o)
                0x000000000003d900                coap_timer_default_driver
 *fill*         0x000000000003d918        0x8 
 .data.rel.ro.local
                0x000000000003d920       0x18 build/cooja/contiki-ng-cooja.a(framer-802154.o)
                0x000000000003d920                framer_802154
 *(.data.rel.ro .data.rel.ro.* .gnu.linkonce.d.rel.ro.*)
 .data.rel.ro   0x000000000003d938        0x0 /usr/lib/gcc/x86_64-linux-gnu/11/../../../x86_64-linux-gnu/crti.o
 *fill*         0x000000000003d938        0x8 
 .data.rel.ro   0x000000000003d940       0x10 coap-node.o
                0x000000000003d940                autostart_processes
 *fill*         0x000000000003d950       0x10 
 .data.rel.ro   0x000000000003d960       0x20 build/cooja/contiki-ng-cooja.a(sicslowpan.o)
                0x000000000003d960                sicslowpan_driver
 .data.rel.ro   0x000000000003d980       0xa8 build/cooja/contiki-ng-cooja.a(rpl.o)
                0x000000000003d980                rpl_lite_driver
 .data.rel.ro   0x000000000003da28        0x8 build/cooja/contiki-ng-cooja.a(rpl-dag.o)

.dynamic        0x000000000003da30      0x1c0
 *(.dynamic)
 .dynamic       0x000000000003da30      0x1c0 /usr/lib/gcc/x86_64-linux-gnu/11/../../../x86_64-linux-gnu/crti.o
                0x000000000003da30                _DYNAMIC

.got            0x000000000003dbf0      0x410
 *(.got)
 .got           0x000000000003dbf0      0x410 /usr/lib/gcc/x86_64-linux-gnu/11/../../../x86_64-linux-gnu/crti.o
 *(.igot)
                0x000000000003efe8                . = DATA_SEGMENT_RELRO_END (., (SIZEOF (.got.plt) >= 0x18)?0x18:0x0)

.got.plt        0x000000000003e000      0xc80
 *(.got.plt)
 .got.plt       0x000000000003e000      0xc80 /usr/lib/gcc/x86_64-linux-gnu/11/../../../x86_64-linux-gnu/crti.o
                0x000000000003e000                _GLOBAL_OFFSET_TABLE_
 *(.igot.plt)

.data           0x000000000003ec80      0x932
 *(.data .data.* .gnu.linkonce.d.*)
 .data          0x000000000003ec80        0x0 /usr/lib/gcc/x86_64-linux-gnu/11/../../../x86_64-linux-gnu/crti.o
 .data          0x000000000003ec80        0x0 /usr/lib/gcc/x86_64-linux-gnu/11/crtbeginS.o
 .data.rel.local
                0x000000000003ec80        0x8 /usr/lib/gcc/x86_64-linux-gnu/11/crtbeginS.o
                0x000000000003ec80                __dso_handle
 .data          0x000000000003ec88        0x0 coap-node.o
 *fill*         0x000000000003ec88       0x18 
 .data.rel.local
                0x000000000003eca0       0x40 coap-node.o
                0x000000000003eca0                service_url
                0x000000000003ecc0                client
 .data          0x000000000003ece0        0x0 build/cooja/mtype631161313.o
 .data.rel      0x000000000003ece0       0xa0 build/cooja/mtype631161313.o
                0x000000000003ece0                simInterfaces
                0x000000000003ed60                sensors
 .data          0x000000000003ed80        0x0 build/cooja/contiki-ng-cooja.a(simEnvChange.o)
 .data          0x000000000003ed80        0x0 build/cooja/contiki-ng-cooja.a(cooja_mt.o)
 .data          0x000000000003ed80        0x0 build/cooja/contiki-ng-cooja.a(cooja_mtarch.o)
 .data          0x000000000003ed80        0x0 build/cooja/contiki-ng-cooja.a(rtimer-arch.o)
 .data          0x000000000003ed80        0x0 build/cooja/contiki-ng-cooja.a(beep.o)
 .data          0x000000000003ed80        0x0 build/cooja/contiki-ng-cooja.a(leds-arch.o)
 .data          0x000000000003ed80        0x0 build/cooja/contiki-ng-cooja.a(moteid.o)
 .data          0x000000000003ed80        0x0 build/cooja/contiki-ng-cooja.a(pir-sensor.o)
 .data          0x000000000003ed80        0x0 build/cooja/contiki-ng-cooja.a(rs232.o)
 .data          0x000000000003ed80        0x0 build/cooja/contiki-ng-cooja.a(vib-sensor.o)
 .data          0x000000000003ed80        0x0 build/cooja/contiki-ng-cooja.a(clock.o)
 .data          0x000000000003ed80        0x0 build/cooja/contiki-ng-cooja.a(cooja-log.o)
 .data          0x000000000003ed80        0x0 build/cooja/contiki-ng-cooja.a(cfs-cooja.o)
 .data          0x000000000003ed80       0x20 build/cooja/contiki-ng-cooja.a(cooja-radio.o)
                0x000000000003ed80                simRadioHWOn
                0x000000000003ed84                simSignalStrength
                0x000000000003ed88                simLastSignalStrength
                0x000000000003ed8c                simPower
                0x000000000003ed90                simRadioChannel
                0x000000000003ed94                simLQI
                0x000000000003ed98                simLastLQI
 .data.rel.local
                0x000000000003eda0       0x20 build/cooja/contiki-ng-cooja.a(cooja-radio.o)
                0x000000000003eda0                cooja_radio_process
 .data          0x000000000003edc0        0x0 build/cooja/contiki-ng-cooja.a(eeprom.o)
 .data          0x000000000003edc0        0x0 build/cooja/contiki-ng-cooja.a(random.o)
 .data          0x000000000003edc0        0x0 build/cooja/contiki-ng-cooja.a(sensors.o)
 .data.rel.local
                0x000000000003edc0       0x20 build/cooja/contiki-ng-cooja.a(sensors.o)
                0x000000000003edc0                sensors_process
 .data          0x000000000003ede0        0x0 build/cooja/contiki-ng-cooja.a(leds.o)
 .data          0x000000000003ede0        0x0 build/cooja/contiki-ng-cooja.a(gpio-hal-arch.o)
 .data          0x000000000003ede0        0x1 build/cooja/contiki-ng-cooja.a(buttons.o)
                0x000000000003ede0                simButtonIsActive
 *fill*         0x000000000003ede1       0x1f 
 .data.rel.local
                0x000000000003ee00       0xb0 build/cooja/contiki-ng-cooja.a(buttons.o)
                0x000000000003eea0                button_hal_buttons
 .data          0x000000000003eeb0        0x0 build/cooja/contiki-ng-cooja.a(res-tent.o)
 *fill*         0x000000000003eeb0       0x10 
 .data.rel.local
                0x000000000003eec0       0x48 build/cooja/contiki-ng-cooja.a(res-tent.o)
                0x000000000003eec0                res_tent
 .data          0x000000000003ef08        0x0 build/cooja/contiki-ng-cooja.a(coap-blocking-api.o)
 .data          0x000000000003ef08        0x0 build/cooja/contiki-ng-cooja.a(coap-engine.o)
 .data.rel.local
                0x000000000003ef08       0x10 build/cooja/contiki-ng-cooja.a(coap-engine.o)
 .data          0x000000000003ef18        0x0 build/cooja/contiki-ng-cooja.a(coap-observe.o)
 *fill*         0x000000000003ef18        0x8 
 .data.rel.local
                0x000000000003ef20       0x20 build/cooja/contiki-ng-cooja.a(coap-observe.o)
 .data          0x000000000003ef40        0x0 build/cooja/contiki-ng-cooja.a(coap-res-well-known-core.o)
 .data.rel.local
                0x000000000003ef40       0x48 build/cooja/contiki-ng-cooja.a(coap-res-well-known-core.o)
                0x000000000003ef40                res_well_known_core
 .data          0x000000000003ef88        0x0 build/cooja/contiki-ng-cooja.a(coap-timer.o)
 .data.rel.local
                0x000000000003ef88        0x8 build/cooja/contiki-ng-cooja.a(coap-timer.o)
 .data          0x000000000003ef90        0x0 build/cooja/contiki-ng-cooja.a(coap-transactions.o)
 .data.rel.local
                0x000000000003ef90       0x20 build/cooja/contiki-ng-cooja.a(coap-transactions.o)
 .data          0x000000000003efb0        0x0 build/cooja/contiki-ng-cooja.a(coap-uip.o)
 *fill*         0x000000000003efb0       0x10 
 .data.rel.local
                0x000000000003efc0       0x20 build/cooja/contiki-ng-cooja.a(coap-uip.o)
                0x000000000003efc0                coap_engine
 .data          0x000000000003efe0        0x0 build/cooja/contiki-ng-cooja.a(coap.o)
 .data.rel.local
                0x000000000003efe0        0x8 build/cooja/contiki-ng-cooja.a(coap.o)
                0x000000000003efe0                coap_error_message
 .data          0x000000000003efe8        0x0 build/cooja/contiki-ng-cooja.a(contiki-main.o)
 .data          0x000000000003efe8        0x0 build/cooja/contiki-ng-cooja.a(autostart.o)
 .data          0x000000000003efe8        0x0 build/cooja/contiki-ng-cooja.a(ctimer.o)
 *fill*         0x000000000003efe8       0x18 
 .data.rel.local
                0x000000000003f000       0x40 build/cooja/contiki-ng-cooja.a(ctimer.o)
                0x000000000003f020                ctimer_process
 .data          0x000000000003f040        0x0 build/cooja/contiki-ng-cooja.a(energest.o)
 .data          0x000000000003f040        0x0 build/cooja/contiki-ng-cooja.a(etimer.o)
 .data.rel.local
                0x000000000003f040       0x20 build/cooja/contiki-ng-cooja.a(etimer.o)
                0x000000000003f040                etimer_process
 .data          0x000000000003f060        0x4 build/cooja/contiki-ng-cooja.a(log.o)
                0x000000000003f060                curr_log_level_main
 *fill*         0x000000000003f064       0x1c 
 .data.rel      0x000000000003f080      0x138 build/cooja/contiki-ng-cooja.a(log.o)
                0x000000000003f080                all_modules
 .data          0x000000000003f1b8        0x0 build/cooja/contiki-ng-cooja.a(node-id.o)
 .data          0x000000000003f1b8        0x0 build/cooja/contiki-ng-cooja.a(process.o)
 .data          0x000000000003f1b8        0x0 build/cooja/contiki-ng-cooja.a(rtimer.o)
 .data          0x000000000003f1b8        0x0 build/cooja/contiki-ng-cooja.a(timer.o)
 .data          0x000000000003f1b8        0x0 build/cooja/contiki-ng-cooja.a(list.o)
 .data          0x000000000003f1b8        0x0 build/cooja/contiki-ng-cooja.a(memb.o)
 .data          0x000000000003f1b8        0x0 build/cooja/contiki-ng-cooja.a(button-hal.o)
 *fill*         0x000000000003f1b8        0x8 
 .data.rel.local
                0x000000000003f1c0       0x20 build/cooja/contiki-ng-cooja.a(button-hal.o)
                0x000000000003f1c0                button_hal_process
 .data          0x000000000003f1e0        0x0 build/cooja/contiki-ng-cooja.a(gpio-hal.o)
 .data.rel.local
                0x000000000003f1e0        0x8 build/cooja/contiki-ng-cooja.a(gpio-hal.o)
 .data          0x000000000003f1e8        0x0 build/cooja/contiki-ng-cooja.a(serial-line.o)
 *fill*         0x000000000003f1e8       0x18 
 .data.rel.local
                0x000000000003f200       0x20 build/cooja/contiki-ng-cooja.a(serial-line.o)
                0x000000000003f200                serial_line_process
 .data          0x000000000003f220        0x0 build/cooja/contiki-ng-cooja.a(linkaddr.o)
 .data          0x000000000003f220        0x0 build/cooja/contiki-ng-cooja.a(netstack.o)
 .data.rel.local
                0x000000000003f220        0x8 build/cooja/contiki-ng-cooja.a(netstack.o)
 .data          0x000000000003f228        0x0 build/cooja/contiki-ng-cooja.a(packetbuf.o)
 .data.rel.local
                0x000000000003f228        0x8 build/cooja/contiki-ng-cooja.a(packetbuf.o)
 .data          0x000000000003f230        0x0 build/cooja/contiki-ng-cooja.a(queuebuf.o)
 .data.rel.local
                0x000000000003f230       0x38 build/cooja/contiki-ng-cooja.a(queuebuf.o)
 .data          0x000000000003f268        0x0 build/cooja/contiki-ng-cooja.a(printf.o)
 *fill*         0x000000000003f268        0x8 
 .data.rel.local
                0x000000000003f270       0x10 build/cooja/contiki-ng-cooja.a(printf.o)
 .data          0x000000000003f280        0x0 build/cooja/contiki-ng-cooja.a(putchar.o)
 .data          0x000000000003f280        0x0 build/cooja/contiki-ng-cooja.a(puts.o)
 .data          0x000000000003f280        0x0 build/cooja/contiki-ng-cooja.a(snprintf.o)
 .data          0x000000000003f280        0x0 build/cooja/contiki-ng-cooja.a(sprintf.o)
 .data          0x000000000003f280        0x0 build/cooja/contiki-ng-cooja.a(strformat.o)
 .data          0x000000000003f280        0x0 build/cooja/contiki-ng-cooja.a(csma.o)
 .data          0x000000000003f280        0x0 build/cooja/contiki-ng-cooja.a(sicslowpan.o)
 .data          0x000000000003f280        0x0 build/cooja/contiki-ng-cooja.a(tcpip.o)
 .data.rel.local
                0x000000000003f280       0x20 build/cooja/contiki-ng-cooja.a(tcpip.o)
                0x000000000003f280                tcpip_process
 .data          0x000000000003f2a0        0x0 build/cooja/contiki-ng-cooja.a(uip-ds6-nbr.o)
 .data.rel.local
                0x000000000003f2a0       0x20 build/cooja/contiki-ng-cooja.a(uip-ds6-nbr.o)
 .data          0x000000000003f2c0        0x0 build/cooja/contiki-ng-cooja.a(uip-ds6-route.o)
 .data.rel.local
                0x000000000003f2c0       0x80 build/cooja/contiki-ng-cooja.a(uip-ds6-route.o)
                0x000000000003f2d8                nbr_routes
 .data          0x000000000003f340        0x0 build/cooja/contiki-ng-cooja.a(uip-ds6.o)
 .data          0x000000000003f340        0x0 build/cooja/contiki-ng-cooja.a(uip-packetqueue.o)
 .data.rel.local
                0x000000000003f340       0x18 build/cooja/contiki-ng-cooja.a(uip-packetqueue.o)
 .data          0x000000000003f358        0x0 build/cooja/contiki-ng-cooja.a(uip-udp-packet.o)
 .data          0x000000000003f358        0x0 build/cooja/contiki-ng-cooja.a(uip6.o)
 .data          0x000000000003f358        0x0 build/cooja/contiki-ng-cooja.a(uipbuf.o)
 .data          0x000000000003f358        0x0 build/cooja/contiki-ng-cooja.a(uiplib.o)
 .data          0x000000000003f358        0x0 build/cooja/contiki-ng-cooja.a(rpl.o)
 .data          0x000000000003f358        0x0 build/cooja/contiki-ng-cooja.a(watchdog.o)
 .data          0x000000000003f358        0x0 build/cooja/contiki-ng-cooja.a(int-master.o)
 .data          0x000000000003f358        0x0 build/cooja/contiki-ng-cooja.a(coap-timer-default.o)
 *fill*         0x000000000003f358        0x8 
 .data.rel.local
                0x000000000003f360       0x20 build/cooja/contiki-ng-cooja.a(coap-timer-default.o)
                0x000000000003f360                coap_timer_process
 .data          0x000000000003f380        0x0 build/cooja/contiki-ng-cooja.a(stimer.o)
 .data          0x000000000003f380        0x0 build/cooja/contiki-ng-cooja.a(ringbuf.o)