Archive member included to satisfy reference by file (symbol)

build/cooja/contiki-ng-cooja.a(simEnvChange.o)
                              build/cooja/mtype595856236.o (simDontFallAsleep)
build/cooja/contiki-ng-cooja.a(cooja_mt.o)
                              build/cooja/mtype595856236.o (cooja_mt_start)
build/cooja/contiki-ng-cooja.a(cooja_mtarch.o)
                              build/cooja/contiki-ng-cooja.a(cooja_mt.o) (cooja_mtarch_start)
build/cooja/contiki-ng-cooja.a(rtimer-arch.o)
                              build/cooja/mtype595856236.o (rtimer_arch_check)
build/cooja/contiki-ng-cooja.a(beep.o)
                              build/cooja/mtype595856236.o (beep_interface)
build/cooja/contiki-ng-cooja.a(leds-arch.o)
                              build/cooja/mtype595856236.o (leds_interface)
build/cooja/contiki-ng-cooja.a(moteid.o)
                              build/cooja/mtype595856236.o (moteid_interface)
build/cooja/contiki-ng-cooja.a(pir-sensor.o)
                              build/cooja/mtype595856236.o (pir_interface)
build/cooja/contiki-ng-cooja.a(rs232.o)
                              build/cooja/mtype595856236.o (rs232_interface)
build/cooja/contiki-ng-cooja.a(vib-sensor.o)
                              build/cooja/mtype595856236.o (vib_interface)
build/cooja/contiki-ng-cooja.a(clock.o)
                              build/cooja/mtype595856236.o (clock_interface)
build/cooja/contiki-ng-cooja.a(cooja-log.o)
                              build/cooja/mtype595856236.o (simlog_interface)
build/cooja/contiki-ng-cooja.a(cfs-cooja.o)
                              build/cooja/mtype595856236.o (cfs_interface)
build/cooja/contiki-ng-cooja.a(cooja-radio.o)
                              build/cooja/mtype595856236.o (radio_interface)
build/cooja/contiki-ng-cooja.a(eeprom.o)
                              build/cooja/mtype595856236.o (eeprom_interface)
build/cooja/contiki-ng-cooja.a(random.o)
                              build/cooja/contiki-ng-cooja.a(moteid.o) (random_init)
build/cooja/contiki-ng-cooja.a(sensors.o)
                              build/cooja/contiki-ng-cooja.a(pir-sensor.o) (sensors_changed)
build/cooja/contiki-ng-cooja.a(leds.o)
                              coap-node.o (leds_on)
build/cooja/contiki-ng-cooja.a(gpio-hal-arch.o)
                              build/cooja/contiki-ng-cooja.a(leds-arch.o) (gpio_hal_arch_register_pin_callback)
build/cooja/contiki-ng-cooja.a(buttons.o)
                              build/cooja/mtype595856236.o (button_interface)
build/cooja/contiki-ng-cooja.a(res-tent.o)
                              coap-node.o (res_tent)
build/cooja/contiki-ng-cooja.a(coap-blocking-api.o)
                              coap-node.o (coap_blocking_request)
build/cooja/contiki-ng-cooja.a(coap-engine.o)
                              coap-node.o (coap_activate_resource)
build/cooja/contiki-ng-cooja.a(coap-observe.o)
                              build/cooja/contiki-ng-cooja.a(coap-engine.o) (coap_remove_observer_by_mid)
build/cooja/contiki-ng-cooja.a(coap-res-well-known-core.o)
                              build/cooja/contiki-ng-cooja.a(coap-engine.o) (res_well_known_core)
build/cooja/contiki-ng-cooja.a(coap-timer.o)
                              build/cooja/contiki-ng-cooja.a(coap-engine.o) (coap_timer_set)
build/cooja/contiki-ng-cooja.a(coap-transactions.o)
                              build/cooja/contiki-ng-cooja.a(coap-blocking-api.o) (coap_send_transaction)
build/cooja/contiki-ng-cooja.a(coap-uip.o)
                              build/cooja/contiki-ng-cooja.a(coap-observe.o) (coap_endpoint_copy)
build/cooja/contiki-ng-cooja.a(coap.o)
                              build/cooja/contiki-ng-cooja.a(coap-engine.o) (coap_status_code)
build/cooja/contiki-ng-cooja.a(contiki-main.o)
                              build/cooja/mtype595856236.o (main)
build/cooja/contiki-ng-cooja.a(autostart.o)
                              build/cooja/contiki-ng-cooja.a(contiki-main.o) (autostart_start)
build/cooja/contiki-ng-cooja.a(ctimer.o)
                              build/cooja/contiki-ng-cooja.a(contiki-main.o) (ctimer_init)
build/cooja/contiki-ng-cooja.a(energest.o)
                              build/cooja/contiki-ng-cooja.a(contiki-main.o) (energest_init)
build/cooja/contiki-ng-cooja.a(etimer.o)
                              build/cooja/contiki-ng-cooja.a(contiki-main.o) (etimer_process)
build/cooja/contiki-ng-cooja.a(log.o)
                              build/cooja/contiki-ng-cooja.a(contiki-main.o) (curr_log_level_main)
build/cooja/contiki-ng-cooja.a(node-id.o)
                              build/cooja/contiki-ng-cooja.a(contiki-main.o) (node_id)
build/cooja/contiki-ng-cooja.a(process.o)
                              build/cooja/contiki-ng-cooja.a(coap-blocking-api.o) (process_current)
build/cooja/contiki-ng-cooja.a(rtimer.o)
                              build/cooja/contiki-ng-cooja.a(contiki-main.o) (rtimer_init)
build/cooja/contiki-ng-cooja.a(timer.o)
[...]
Memory Configuration

Name             Origin             Length             Attributes
*default*        0x0000000000000000 0xffffffffffffffff

Linker script and memory map

LOAD /usr/lib/gcc/x86_64-linux-gnu/11/../../../x86_64-linux-gnu/crti.o
LOAD /usr/lib/gcc/x86_64-linux-gnu/11/crtbeginS.o
LOAD coap-node.o
LOAD build/cooja/mtype595856236.o
LOAD build/cooja/contiki-ng-cooja.a
LOAD /usr/lib/gcc/x86_64-linux-gnu/11/libgcc.a
LOAD /usr/lib/gcc/x86_64-linux-gnu/11/libgcc_s.so
START GROUP
LOAD /usr/lib/gcc/x86_64-linux-gnu/11/../../../x86_64-linux-gnu/libgcc_s.so.1
LOAD /usr/lib/gcc/x86_64-linux-gnu/11/libgcc.a
END GROUP
LOAD /usr/lib/gcc/x86_64-linux-gnu/11/../../../x86_64-linux-gnu/libc.so
START GROUP
LOAD /lib/x86_64-linux-gnu/libc.so.6
LOAD /usr/lib/x86_64-linux-gnu/libc_nonshared.a
LOAD /lib64/ld-linux-x86-64.so.2
END GROUP
LOAD /usr/lib/gcc/x86_64-linux-gnu/11/libgcc.a
LOAD /usr/lib/gcc/x86_64-linux-gnu/11/libgcc_s.so
START GROUP
LOAD /usr/lib/gcc/x86_64-linux-gnu/11/../../../x86_64-linux-gnu/libgcc_s.so.1
LOAD /usr/lib/gcc/x86_64-linux-gnu/11/libgcc.a
END GROUP
LOAD /usr/lib/gcc/x86_64-linux-gnu/11/crtendS.o
LOAD /usr/lib/gcc/x86_64-linux-gnu/11/../../../x86_64-linux-gnu/crtn.o
                0x00000000000002a8                . = (SEGMENT_START ("text-segment", 0x0) + SIZEOF_HEADERS)

.note.gnu.property
                0x00000000000002a8       0x20
 .note.gnu.property
                0x00000000000002a8       0x20 /usr/lib/gcc/x86_64-linux-gnu/11/../../../x86_64-linux-gnu/crti.o

.note.gnu.build-id
                0x00000000000002c8       0x24
 *(.note.gnu.build-id)
 .note.gnu.build-id
                0x00000000000002c8       0x24 /usr/lib/gcc/x86_64-linux-gnu/11/../../../x86_64-linux-gnu/crti.o

.hash
 *(.hash)

.gnu.hash       0x00000000000002f0     0x15bc
 *(.gnu.hash)
 .gnu.hash      0x00000000000002f0     0x15bc /usr/lib/gcc/x86_64-linux-gnu/11/../../../x86_64-linux-gnu/crti.o

.dynsym         0x00000000000018b0     0x46e0
 *(.dynsym)
 .dynsym        0x00000000000018b0     0x46e0 /usr/lib/gcc/x86_64-linux-gnu/11/../../../x86_64-linux-gnu/crti.o

.dynstr         0x0000000000005f90     0x372e
 *(.dynstr)
 .dynstr        0x0000000000005f90     0x372e /usr/lib/gcc/x86_64-linux-gnu/11/../../../x86_64-linux-gnu/crti.o

.gnu.version    0x00000000000096be      0x5e8
 *(.gnu.version)
 .gnu.version   0x00000000000096be      0x5e8 /usr/lib/gcc/x86_64-linux-gnu/11/../../../x86_64-linux-gnu/crti.o

.gnu.version_d  0x0000000000009ca8        0x0
 *(.gnu.version_d)
 .gnu.version_d
                0x0000000000009ca8        0x0 /usr/lib/gcc/x86_64-linux-gnu/11/../../../x86_64-linux-gnu/crti.o

.gnu.version_r  0x0000000000009ca8       0x40
 *(.gnu.version_r)
 .gnu.version_r
                0x0000000000009ca8       0x40 /usr/lib/gcc/x86_64-linux-gnu/11/../../../x86_64-linux-gnu/crti.o

.rela.dyn       0x0000000000009ce8     0x2178
 *(.rela.init)
 *(.rela.text .rela.text.* .rela.gnu.linkonce.t.*)
 .rela.text     0x0000000000009ce8        0x0 /usr/lib/gcc/x86_64-linux-gnu/11/../../../x86_64-linux-gnu/crti.o
 *(.rela.fini)
 *(.rela.rodata .rela.rodata.* .rela.gnu.linkonce.r.*)
 *(.rela.data .rela.data.* .rela.gnu.linkonce.d.*)
 .rela.data.rel.local
                0x0000000000009ce8      0x900 /usr/lib/gcc/x86_64-linux-gnu/11/../../../x86_64-linux-gnu/crti.o
 .rela.data.rel.ro
                0x000000000000a5e8      0x288 /usr/lib/gcc/x86_64-linux-gnu/11/../../../x86_64-linux-gnu/crti.o
 .rela.data.rel
                0x000000000000a870      0x3a8 /usr/lib/gcc/x86_64-linux-gnu/11/../../../x86_64-linux-gnu/crti.o
 .rela.data.rel.ro.local
                0x000000000000ac18      0x5e8 /usr/lib/gcc/x86_64-linux-gnu/11/../../../x86_64-linux-gnu/crti.o
 *(.rela.tdata .rela.tdata.* .rela.gnu.linkonce.td.*)
 *(.rela.tbss .rela.tbss.* .rela.gnu.linkonce.tb.*)
 *(.rela.ctors)
 *(.rela.dtors)
 *(.rela.got)
 .rela.got      0x000000000000b200      0xc30 /usr/lib/gcc/x86_64-linux-gnu/11/../../../x86_64-linux-gnu/crti.o
 *(.rela.bss .rela.bss.* .rela.gnu.linkonce.b.*)
 *(.rela.ldata .rela.ldata.* .rela.gnu.linkonce.l.*)
 *(.rela.lbss .rela.lbss.* .rela.gnu.linkonce.lb.*)
 *(.rela.lrodata .rela.lrodata.* .rela.gnu.linkonce.lr.*)
 *(.rela.ifunc)
 .rela.ifunc    0x000000000000be30        0x0 /usr/lib/gcc/x86_64-linux-gnu/11/../../../x86_64-linux-gnu/crti.o
 .rela.fini_array
                0x000000000000be30       0x18 /usr/lib/gcc/x86_64-linux-gnu/11/../../../x86_64-linux-gnu/crti.o
 .rela.init_array
                0x000000000000be48       0x18 /usr/lib/gcc/x86_64-linux-gnu/11/../../../x86_64-linux-gnu/crti.o

.rela.plt       0x000000000000be60     0x2538
 *(.rela.plt)
 .rela.plt      0x000000000000be60     0x2538 /usr/lib/gcc/x86_64-linux-gnu/11/../../../x86_64-linux-gnu/crti.o
 *(.rela.iplt)

.relr.dyn
 *(.relr.dyn)
                0x000000000000f000                . = ALIGN (CONSTANT (MAXPAGESIZE))

.init           0x000000000000f000       0x1b
 *(SORT_NONE(.init))
 .init          0x000000000000f000       0x16 /usr/lib/gcc/x86_64-linux-gnu/11/../../../x86_64-linux-gnu/crti.o
                0x000000000000f000                _init
 .init          0x000000000000f016        0x5 /usr/lib/gcc/x86_64-linux-gnu/11/../../../x86_64-linux-gnu/crtn.o

.plt            0x000000000000f020     0x18e0
 *(.plt)
 .plt           0x000000000000f020     0x18e0 /usr/lib/gcc/x86_64-linux-gnu/11/../../../x86_64-linux-gnu/crti.o
 *(.iplt)

.plt.got        0x0000000000010900       0x30
 *(.plt.got)
 .plt.got       0x0000000000010900       0x30 /usr/lib/gcc/x86_64-linux-gnu/11/../../../x86_64-linux-gnu/crti.o

.plt.sec        0x0000000000010930     0x18d0
 *(.plt.sec)
 .plt.sec       0x0000000000010930     0x18d0 /usr/lib/gcc/x86_64-linux-gnu/11/../../../x86_64-linux-gnu/crti.o

.text           0x0000000000012200    0x20113
 *(.text.unlikely .text.*_unlikely .text.unlikely.*)
 *(.text.exit .text.exit.*)
 *(.text.startup .text.startup.*)
 *(.text.hot .text.hot.*)
 *(SORT_BY_NAME(.text.sorted.*))
 *(.text .stub .text.* .gnu.linkonce.t.*)
 .text          0x0000000000012200        0x0 /usr/lib/gcc/x86_64-linux-gnu/11/../../../x86_64-linux-gnu/crti.o
 .text          0x0000000000012200       0xb9 /usr/lib/gcc/x86_64-linux-gnu/11/crtbeginS.o
 .text          0x00000000000122b9      0x40f coap-node.o
                0x00000000000122b9                client_chunk_handler
 .text          0x00000000000126c8      0x374 build/cooja/mtype595856236.o
                0x000000000001277e                platform_init_stage_one
                0x0000000000012793                platform_init_stage_two
                0x00000000000127a8                platform_init_stage_three
                0x00000000000127bd                platform_main_loop
                0x0000000000012857                JNI_OnLoad
                0x000000000001286e                Java_org_contikios_cooja_corecomm_Lib5_init
                0x00000000000128c1                Java_org_contikios_cooja_corecomm_Lib5_getMemory
                0x0000000000012920                Java_org_contikios_cooja_corecomm_Lib5_setMemory
                0x000000000001297f                Java_org_contikios_cooja_corecomm_Lib5_tick
                0x0000000000012a0d                Java_org_contikios_cooja_corecomm_Lib5_setReferenceAddress
 .text          0x0000000000012a3c       0x93 build/cooja/contiki-ng-cooja.a(simEnvChange.o)
                0x0000000000012a3c                doActionsBeforeTick
                0x0000000000012a85                doActionsAfterTick
 .text          0x0000000000012acf       0xab build/cooja/contiki-ng-cooja.a(cooja_mt.o)
                0x0000000000012acf                cooja_mt_start
                0x0000000000012b0f                cooja_mt_exec
                0x0000000000012b52                cooja_mt_yield
 .text          0x0000000000012b7a      0x10e build/cooja/contiki-ng-cooja.a(cooja_mtarch.o)
                0x0000000000012b7a                cooja_mtarch_start
                0x0000000000012c1d                cooja_sw
                0x0000000000012c4a                cooja_mtarch_exec
                0x0000000000012c78                cooja_mtarch_yield
 .text          0x0000000000012c88       0xcc build/cooja/contiki-ng-cooja.a(rtimer-arch.o)
                0x0000000000012c88                rtimer_arch_init
                0x0000000000012cae                rtimer_arch_schedule
                0x0000000000012cd8                rtimer_arch_next
                0x0000000000012cec                rtimer_arch_pending
                0x0000000000012cff                rtimer_arch_check
                0x0000000000012d40                rtimer_arch_now
 .text          0x0000000000012d54       0xe6 build/cooja/contiki-ng-cooja.a(beep.o)
                0x0000000000012d54                beep_alarm
                0x0000000000012d6f                beep_beep
                0x0000000000012d87                beep
                0x0000000000012d9c                beep_down
                0x0000000000012db4                beep_on
                0x0000000000012dc9                beep_off
                0x0000000000012dde                beep_spinup
                0x0000000000012df3                beep_quick
                0x0000000000012e0b                beep_long
 .text          0x0000000000012e3a       0x80 build/cooja/contiki-ng-cooja.a(leds-arch.o)
                0x0000000000012e53                leds_arch_init
 .text          0x0000000000012eba       0x41 build/cooja/contiki-ng-cooja.a(moteid.o)
 .text          0x0000000000012efb       0xfa build/cooja/contiki-ng-cooja.a(pir-sensor.o)
 .text          0x0000000000012ff5      0x18b build/cooja/contiki-ng-cooja.a(rs232.o)
                0x0000000000012ff5                rs232_init
                0x0000000000013000                rs232_set_speed
                0x0000000000013010                rs232_set_input
                0x000000000001302a                rs232_send
                0x0000000000013049                rs232_print
                0x0000000000013077                slip_arch_writeb
 .text          0x0000000000013180       0xfa build/cooja/contiki-ng-cooja.a(vib-sensor.o)
 .text          0x000000000001327a       0x6f build/cooja/contiki-ng-cooja.a(clock.o)
                0x000000000001327a                clock_init
                0x0000000000013285                clock_time
                0x0000000000013299                clock_seconds
                0x00000000000132c5                clock_delay
 .text          0x00000000000132e9      0x214 build/cooja/contiki-ng-cooja.a(cooja-log.o)
                0x00000000000132e9                simlog_char
                0x0000000000013343                simlog
                0x00000000000133c8                log_message
                0x000000000001340d                log_set_putchar_with_slip
                0x0000000000013424                dbg_putchar
                0x00000000000134a5                dbg_send_bytes
 .text          0x00000000000134fd      0x39b build/cooja/contiki-ng-cooja.a(cfs-cooja.o)
                0x00000000000134fd                cfs_open
                0x000000000001357a                cfs_close
                0x000000000001358f                cfs_read
                0x0000000000013656                cfs_write
                0x0000000000013766                cfs_seek
                0x0000000000013815                cfs_remove
                0x0000000000013845                cfs_opendir
                0x000000000001385c                cfs_readdir
                0x0000000000013873                cfs_closedir
 .text          0x0000000000013898      0x79f build/cooja/contiki-ng-cooja.a(cooja-radio.o)
                0x00000000000138f7                radio_set_channel
                0x0000000000013911                radio_set_txpower
                0x000000000001392e                radio_signal_strength_last
                0x0000000000013941                radio_signal_strength_current
                0x0000000000013954                radio_LQI
 .text          0x0000000000014037      0x163 build/cooja/contiki-ng-cooja.a(eeprom.o)
                0x0000000000014037                eeprom_init
                0x0000000000014046                eeprom_read
                0x00000000000140e5                eeprom_write
 .text          0x000000000001419a       0x2f build/cooja/contiki-ng-cooja.a(random.o)
                0x000000000001419a                random_init
                0x00000000000141ba                random_rand
 .text          0x00000000000141c9      0x35f build/cooja/contiki-ng-cooja.a(sensors.o)
                0x0000000000014212                sensors_first
                0x0000000000014226                sensors_next
                0x0000000000014255                sensors_changed
                0x00000000000142a2                sensors_find
 .text          0x0000000000014528      0x3ad build/cooja/contiki-ng-cooja.a(leds.o)
                0x0000000000014528                leds_init
                0x0000000000014573                leds_single_on
                0x00000000000145e0                leds_single_off
                0x000000000001464d                leds_single_toggle
                0x0000000000014685                leds_on
                0x0000000000014716                leds_off
                0x00000000000147a7                leds_toggle
                0x0000000000014803                leds_set
                0x000000000001482c                leds_get
 .text          0x00000000000148d5      0x41b build/cooja/contiki-ng-cooja.a(gpio-hal-arch.o)
                0x00000000000148d5                gpio_hal_arch_register_pin_callback
                0x000000000001497c                gpio_hal_arch_init
                0x00000000000149d2                gpio_hal_arch_no_port_interrupt_enable
                0x0000000000014a1f                gpio_hal_arch_no_port_interrupt_disable
                0x0000000000014a6c                gpio_hal_arch_no_port_pin_cfg_set
                0x0000000000014aa2                gpio_hal_arch_no_port_pin_cfg_get
                0x0000000000014ad6                gpio_hal_arch_no_port_pin_set_input
                0x0000000000014ae9                gpio_hal_arch_no_port_pin_set_output
                0x0000000000014afc                gpio_hal_arch_no_port_set_pin
                0x0000000000014b20                gpio_hal_arch_no_port_clear_pin
                0x0000000000014b44                gpio_hal_arch_no_port_read_pin
                0x0000000000014b71                gpio_hal_arch_no_port_write_pin
                0x0000000000014b9b                gpio_hal_arch_no_port_set_pins
                0x0000000000014bea                gpio_hal_arch_no_port_clear_pins
                0x0000000000014c39                gpio_hal_arch_no_port_read_pins
                0x0000000000014c87                gpio_hal_arch_no_port_write_pins
 .text          0x0000000000014cf0       0xa8 build/cooja/contiki-ng-cooja.a(buttons.o)
 .text          0x0000000000014d98       0xf9 build/cooja/contiki-ng-cooja.a(res-tent.o)
 .text          0x0000000000014e91      0x2e0 build/cooja/contiki-ng-cooja.a(coap-blocking-api.o)
                0x0000000000014e91                coap_blocking_request_callback
                0x0000000000014ecc                coap_blocking_request
 .text          0x0000000000015171      0xdaa build/cooja/contiki-ng-cooja.a(coap-engine.o)
                0x0000000000015240                coap_add_handler
                0x0000000000015269                coap_remove_handler
                0x0000000000015292                coap_call_handlers
                0x00000000000153d3                coap_receive
                0x0000000000015a89                coap_engine_init
                0x0000000000015ae9                coap_activate_resource
                0x0000000000015bba                coap_get_first_resource
                0x0000000000015bd3                coap_get_next_resource
 .text          0x0000000000015f1b      0xa9c build/cooja/contiki-ng-cooja.a(coap-observe.o)
                0x000000000001606c                coap_remove_observer
                0x00000000000160ab                coap_remove_observer_by_client
                0x0000000000016121                coap_remove_observer_by_token
                0x00000000000161cf                coap_remove_observer_by_uri
                0x000000000001628c                coap_remove_observer_by_mid
                0x0000000000016316                coap_notify_observers
                0x000000000001633a                coap_notify_observers_sub
                0x00000000000167ec                coap_observe_handler
                0x0000000000016940                coap_has_observers
 .text          0x00000000000169b7      0x376 build/cooja/contiki-ng-cooja.a(coap-res-well-known-core.o)
 .text          0x0000000000016d2d      0x322 build/cooja/contiki-ng-cooja.a(coap-timer.o)
                0x0000000000016e3f                coap_timer_stop
                0x0000000000016e75                coap_timer_set
                0x0000000000016eac                coap_timer_reset
                0x0000000000016ee6                coap_timer_time_to_next_expiration
                0x0000000000016f3f                coap_timer_run
                0x0000000000017006                coap_timer_init
 .text          0x000000000001704f      0x33a build/cooja/contiki-ng-cooja.a(coap-transactions.o)
                0x00000000000170e1                coap_new_transaction
                0x0000000000017158                coap_send_transaction
                0x00000000000172d7                coap_clear_transaction
                0x000000000001732d                coap_get_transaction_by_mid
 .text          0x0000000000017389      0x8b4 build/cooja/contiki-ng-cooja.a(coap-uip.o)
                0x0000000000017389                coap_endpoint_log
                0x0000000000017425                coap_endpoint_print
                0x00000000000174c1                coap_endpoint_snprint
                0x0000000000017647                coap_endpoint_copy
                0x000000000001768f                coap_endpoint_cmp
                0x00000000000177e4                coap_endpoint_parse
                0x0000000000017a13                coap_endpoint_is_secure
                0x0000000000017a2c                coap_endpoint_is_connected
                0x0000000000017a72                coap_endpoint_connect
                0x0000000000017a98                coap_endpoint_disconnect
                0x0000000000017aa7                coap_databuf
                0x0000000000017abb                coap_transport_init
                0x0000000000017b1b                coap_sendto
 .text          0x0000000000017c3d     0x24a7 build/cooja/contiki-ng-cooja.a(coap.o)
                0x0000000000018315                coap_init_connection
                0x000000000001832c                coap_get_mid
                0x000000000001834e                coap_init_message
                0x00000000000183a4                coap_serialize_message
                0x0000000000018b2d                coap_parse_message
                0x0000000000019361                coap_get_query_variable
                0x00000000000193bd                coap_get_post_variable
                0x0000000000019417                coap_set_status_code
                0x0000000000019449                coap_set_token
                0x00000000000194a9                coap_get_header_content_format
                0x00000000000194f1                coap_set_header_content_format
                0x0000000000019529                coap_get_header_accept
                0x0000000000019574                coap_set_header_accept
                0x00000000000195af                coap_get_header_max_age
                0x00000000000195f8                coap_set_header_max_age
                0x000000000001962d                coap_get_header_etag
                0x0000000000019679                coap_set_header_etag
                0x00000000000196ea                coap_get_header_if_match
                0x000000000001973c                coap_set_header_if_match
                0x00000000000197b9                coap_get_header_if_none_match
                0x00000000000197e4                coap_set_header_if_none_match
                0x000000000001980c                coap_get_header_proxy_uri
                0x0000000000019855                coap_set_header_proxy_uri
                0x00000000000198a4                coap_get_header_uri_host
                0x00000000000198ed                coap_set_header_uri_host
                0x000000000001993c                coap_get_header_uri_path
                0x000000000001998b                coap_set_header_uri_path
                0x00000000000199f5                coap_get_header_uri_query
                0x0000000000019a44                coap_set_header_uri_query
                0x0000000000019aae                coap_get_header_location_path
                0x0000000000019af7                coap_set_header_location_path
                0x0000000000019bad                coap_get_header_location_query
                0x0000000000019bfc                coap_set_header_location_query
                0x0000000000019c66                coap_get_header_observe
                0x0000000000019caf                coap_set_header_observe
                0x0000000000019ce7                coap_get_header_block2
                0x0000000000019d89                coap_set_header_block2
                0x0000000000019e19                coap_get_header_block1
                0x0000000000019ebb                coap_set_header_block1
                0x0000000000019f46                coap_get_header_size2
                0x0000000000019f8d                coap_set_header_size2
                0x0000000000019fc5                coap_get_header_size1
                0x000000000001a00c                coap_set_header_size1
                0x000000000001a044                coap_get_payload
                0x000000000001a094                coap_set_payload
 .text          0x000000000001a0e4      0x405 build/cooja/contiki-ng-cooja.a(contiki-main.o)
                0x000000000001a0e4                main
 .text          0x000000000001a4e9       0xbd build/cooja/contiki-ng-cooja.a(autostart.o)
                0x000000000001a4e9                autostart_start
                0x000000000001a54a                autostart_exit
 .text          0x000000000001a5a6      0x441 build/cooja/contiki-ng-cooja.a(ctimer.o)
                0x000000000001a708                ctimer_init
                0x000000000001a73d                ctimer_set
                0x000000000001a781                ctimer_set_with_process
                0x000000000001a83b                ctimer_reset
                0x000000000001a8ac                ctimer_restart
                0x000000000001a91d                ctimer_stop
                0x000000000001a97b                ctimer_expired
 .text          0x000000000001a9e7       0x25 build/cooja/contiki-ng-cooja.a(energest.o)
                0x000000000001a9e7                energest_init
                0x000000000001a9f2                energest_flush
                0x000000000001a9fd                energest_get_total_time
 .text          0x000000000001aa0c      0x57c build/cooja/contiki-ng-cooja.a(etimer.o)
                0x000000000001acb4                etimer_request_poll
                0x000000000001ad66                etimer_set
                0x000000000001ad9c                etimer_reset_with_new_interval
                0x000000000001add7                etimer_reset
                0x000000000001ae02                etimer_restart
                0x000000000001ae2d                etimer_adjust
                0x000000000001ae5e                etimer_expired
                0x000000000001ae7d                etimer_expiration_time
                0x000000000001ae9d                etimer_start_time
                0x000000000001aeb2                etimer_pending
                0x000000000001aecc                etimer_next_expiration_time
                0x000000000001aeed                etimer_stop
 .text          0x000000000001af88      0x539 build/cooja/contiki-ng-cooja.a(log.o)
                0x000000000001af88                log_6addr
                0x000000000001afee                log_6addr_compact_snprint
                0x000000000001b0c9                log_6addr_compact
                0x000000000001b12f                log_lladdr
                0x000000000001b1af                log_lladdr_compact
                0x000000000001b231                log_bytes
                0x000000000001b291                log_set_level
                0x000000000001b39f                log_get_level
                0x000000000001b456                log_level_to_str
 .text          0x000000000001b4c1       0x36 build/cooja/contiki-ng-cooja.a(node-id.o)
                0x000000000001b4c1                node_id_init
 .text          0x000000000001b4f7      0x673 build/cooja/contiki-ng-cooja.a(process.o)
                0x000000000001b4f7                process_alloc_event
                0x000000000001b511                process_start
                0x000000000001b781                process_exit
                0x000000000001b7ad                process_init
                0x000000000001b9a4                process_run
                0x000000000001b9d9                process_nevents
                0x000000000001b9f9                process_post
                0x000000000001bac1                process_post_synch
                0x000000000001bb0f                process_poll
                0x000000000001bb4c                process_is_running
 .text          0x000000000001bb6a      0x101 build/cooja/contiki-ng-cooja.a(rtimer.o)
                0x000000000001bb6a                rtimer_init
                0x000000000001bb7a                rtimer_set
                0x000000000001bbfb                rtimer_run_next
 .text          0x000000000001bc6b       0xfd build/cooja/contiki-ng-cooja.a(timer.o)
                0x000000000001bc6b                timer_set
                0x000000000001bc9a                timer_reset
                0x000000000001bcd6                timer_restart
                0x000000000001bcf5                timer_expired
                0x000000000001bd30                timer_remaining
 .text          0x000000000001bd68      0x39b build/cooja/contiki-ng-cooja.a(list.o)
                0x000000000001bd68                list_init
                0x000000000001bd82                list_head
                0x000000000001bd97                list_copy
                0x000000000001bdb8                list_tail
                0x000000000001be01                list_add
                0x000000000001be65                list_push
                0x000000000001bea8                list_chop
                0x000000000001bf35                list_pop
                0x000000000001bf6f                list_remove
                0x000000000001bffb                list_length
                0x000000000001c036                list_insert
                0x000000000001c099                list_item_next
                0x000000000001c0bc                list_contains
 .text          0x000000000001c103      0x21a build/cooja/contiki-ng-cooja.a(memb.o)
                0x000000000001c103                memb_init
                0x000000000001c166                memb_alloc
                0x000000000001c1e0                memb_free
                0x000000000001c273                memb_inmemb
                0x000000000001c2ca                memb_numfree
 .text          0x000000000001c31d      0x574 build/cooja/contiki-ng-cooja.a(button-hal.o)
                0x000000000001c4e8                button_hal_get_by_id
                0x000000000001c536                button_hal_get_by_index
                0x000000000001c56d                button_hal_get_state
                0x000000000001c5d0                button_hal_init
 .text          0x000000000001c891      0x181 build/cooja/contiki-ng-cooja.a(gpio-hal.o)
                0x000000000001c891                gpio_hal_register_handler
                0x000000000001c8ba                gpio_hal_event_handler
                0x000000000001c925                gpio_hal_init
                0x000000000001c944                gpio_hal_arch_port_toggle_pin
                0x000000000001c97b                gpio_hal_arch_port_toggle_pins
                0x000000000001c9ac                gpio_hal_arch_no_port_toggle_pin
                0x000000000001c9e6                gpio_hal_arch_no_port_toggle_pins
 .text          0x000000000001ca12      0x238 build/cooja/contiki-ng-cooja.a(serial-line.o)
                0x000000000001ca12                serial_line_input_byte
                0x000000000001cc0d                serial_line_init
 .text          0x000000000001cc4a       0x80 build/cooja/contiki-ng-cooja.a(linkaddr.o)
                0x000000000001cc4a                linkaddr_copy
                0x000000000001cc6b                linkaddr_cmp
                0x000000000001cca1                linkaddr_set_node_addr
 .text          0x000000000001ccca      0x12b build/cooja/contiki-ng-cooja.a(netstack.o)
                0x000000000001ccca                netstack_process_ip_callback
                0x000000000001cd6b                netstack_ip_packet_processor_add
                0x000000000001cd9b                uip_ds6_ip_packet_processor_rm
                0x000000000001cdc4                netstack_init
 .text          0x000000000001cdf5      0x4a8 build/cooja/contiki-ng-cooja.a(packetbuf.o)
                0x000000000001cdf5                packetbuf_clear
                0x000000000001ce23                packetbuf_copyfrom
                0x000000000001ce7c                packetbuf_copyto
                0x000000000001cf22                packetbuf_hdralloc
                0x000000000001cfb1                packetbuf_hdrreduce
                0x000000000001d001                packetbuf_set_datalen
                0x000000000001d01d                packetbuf_dataptr
                0x000000000001d042                packetbuf_hdrptr
                0x000000000001d053                packetbuf_datalen
                0x000000000001d064                packetbuf_hdrlen
                0x000000000001d080                packetbuf_totlen
                0x000000000001d0a2                packetbuf_remaininglen
                0x000000000001d0ba                packetbuf_attr_clear
                0x000000000001d11f                packetbuf_attr_copyto
                0x000000000001d16a                packetbuf_attr_copyfrom
                0x000000000001d1b5                packetbuf_set_attr
                0x000000000001d1e5                packetbuf_attr
                0x000000000001d206                packetbuf_set_addr
                0x000000000001d24c                packetbuf_addr
                0x000000000001d276                packetbuf_holds_broadcast
 .text          0x000000000001d29d      0x382 build/cooja/contiki-ng-cooja.a(queuebuf.o)
                0x000000000001d2b2                queuebuf_init
                0x000000000001d2db                queuebuf_numfree
                0x000000000001d2f4                queuebuf_new_from_packetbuf
                0x000000000001d3a7                queuebuf_update_attr_from_packetbuf
                0x000000000001d3ea                queuebuf_update_from_packetbuf
                0x000000000001d446                queuebuf_free
                0x000000000001d4a2                queuebuf_to_packetbuf
                0x000000000001d51b                queuebuf_dataptr
                0x000000000001d562                queuebuf_datalen
                0x000000000001d592                queuebuf_addr
                0x000000000001d5d9                queuebuf_attr
                0x000000000001d614                queuebuf_debug_print
 .text          0x000000000001d61f      0x116 build/cooja/contiki-ng-cooja.a(printf.o)
                0x000000000001d654                log_printf
 .text          0x000000000001d735       0x1e build/cooja/contiki-ng-cooja.a(putchar.o)
                0x000000000001d735                log_putchar
 .text          0x000000000001d753       0x3d build/cooja/contiki-ng-cooja.a(puts.o)
                0x000000000001d753                log_puts
 .text          0x000000000001d790      0x1f8 build/cooja/contiki-ng-cooja.a(snprintf.o)
                0x000000000001d81b                log_snprintf
                0x000000000001d900                log_vsnprintf
 .text          0x000000000001d988      0x152 build/cooja/contiki-ng-cooja.a(sprintf.o)
                0x000000000001d9d3                log_sprintf
 .text          0x000000000001dada     0x170b build/cooja/contiki-ng-cooja.a(strformat.o)
                0x000000000001de4d                format_str
                0x000000000001df2e                format_str_v
 .text          0x000000000001f1e5      0x292 build/cooja/contiki-ng-cooja.a(csma.o)
 .text          0x000000000001f477     0x3747 build/cooja/contiki-ng-cooja.a(sicslowpan.o)
                0x000000000001fc4d                netstack_sniffer_add
                0x000000000001fc67                netstack_sniffer_remove
                0x0000000000022b87                sicslowpan_init
                0x0000000000022bae                sicslowpan_get_last_rssi
 .text          0x0000000000022bbe      0x884 build/cooja/contiki-ng-cooja.a(tcpip.o)
                0x0000000000022bee                tcpip_output
                0x0000000000022c86                udp_attach
                0x0000000000022cb4                udp_new
                0x0000000000022d0f                udp_broadcast_new
                0x0000000000022ec3                tcpip_input
                0x000000000002309b                tcpip_ipv6_output
                0x00000000000232f4                tcpip_poll_udp
                0x0000000000023322                tcpip_uipcall
 .text          0x0000000000023442      0x416 build/cooja/contiki-ng-cooja.a(uip-ds6-nbr.o)
                0x0000000000023442                uip_ds6_neighbors_init
                0x000000000002346b                uip_ds6_nbr_add
                0x0000000000023509                uip_ds6_nbr_rm
                0x0000000000023566                uip_ds6_nbr_update_ll
                0x000000000002366b                uip_ds6_nbr_get_ipaddr
                0x000000000002368b                uip_ds6_nbr_get_ll
                0x00000000000236b3                uip_ds6_nbr_num
                0x0000000000023705                uip_ds6_nbr_head
                0x000000000002371e                uip_ds6_nbr_next
                0x0000000000023746                uip_ds6_nbr_lookup
                0x00000000000237af                uip_ds6_nbr_ll_lookup
                0x00000000000237d7                uip_ds6_nbr_ipaddr_from_lladdr
                0x000000000002380b                uip_ds6_nbr_lladdr_from_ipaddr
                0x0000000000023847                uip_ds6_link_callback
 .text          0x0000000000023858      0xbf9 build/cooja/contiki-ng-cooja.a(uip-ds6-route.o)
                0x0000000000023969                uip_ds6_notification_add
                0x00000000000239b0                uip_ds6_notification_rm
                0x00000000000239d9                uip_ds6_route_init
                0x0000000000023a4b                uip_ds6_route_count_nexthop_neighbors
                0x0000000000023ae0                uip_ds6_route_nexthop
                0x0000000000023b14                uip_ds6_route_head
                0x0000000000023b2d                uip_ds6_route_next
                0x0000000000023b61                uip_ds6_route_is_nexthop
                0x0000000000023bb3                uip_ds6_route_num_routes
                0x0000000000023bc3                uip_ds6_route_lookup
                0x0000000000023cb2                uip_ds6_route_add
                0x0000000000023f34                uip_ds6_route_rm
                0x000000000002410d                uip_ds6_route_rm_by_nexthop
                0x0000000000024159                uip_ds6_defrt_head
                0x0000000000024172                uip_ds6_defrt_add
                0x0000000000024247                uip_ds6_defrt_rm
                0x00000000000242da                uip_ds6_defrt_lookup
                0x0000000000024351                uip_ds6_defrt_choose
                0x00000000000243d4                uip_ds6_defrt_periodic
 .text          0x0000000000024451      0xebc build/cooja/contiki-ng-cooja.a(uip-ds6.o)
                0x0000000000024451                uip_ds6_default_prefix
                0x0000000000024462                uip_ds6_set_default_prefix
                0x000000000002448a                uip_ds6_init
                0x0000000000024729                uip_ds6_periodic
                0x00000000000247cb                uip_ds6_list_loop
                0x00000000000248b4                uip_ds6_prefix_add
                0x0000000000024985                uip_ds6_prefix_rm
                0x00000000000249a3                uip_ds6_prefix_lookup
                0x00000000000249fa                uip_ds6_is_addr_onlink
                0x0000000000024a8e                uip_ds6_addr_add
                0x0000000000024bd9                uip_ds6_addr_rm
                0x0000000000024c94                uip_ds6_addr_lookup
                0x0000000000024ce9                uip_ds6_get_link_local
                0x0000000000024d8e                uip_ds6_get_global
                0x0000000000024e33                uip_ds6_maddr_add
                0x0000000000024eaf                uip_ds6_maddr_rm
                0x0000000000024ecd                uip_ds6_maddr_lookup
                0x0000000000024f25                uip_ds6_aaddr_add
                0x0000000000024fa1                uip_ds6_aaddr_rm
                0x0000000000024fbf                uip_ds6_aaddr_lookup
                0x0000000000025017                uip_ds6_select_src
                0x00000000000251a1                uip_ds6_set_addr_iid
                0x00000000000251da                uip_ds6_set_lladdr_from_iid
                0x0000000000025211                get_match_length
                0x00000000000252bf                uip_ds6_compute_reachable_time
 .text          0x000000000002530d      0x1b9 build/cooja/contiki-ng-cooja.a(uip-packetqueue.o)
                0x000000000002534c                uip_packetqueue_new
                0x0000000000025366                uip_packetqueue_alloc
                0x00000000000253e0                uip_packetqueue_free
                0x0000000000025438                uip_packetqueue_buf
                0x0000000000025464                uip_packetqueue_buflen
                0x0000000000025493                uip_packetqueue_set_buflen
 .text          0x00000000000254c6      0x147 build/cooja/contiki-ng-cooja.a(uip-udp-packet.o)
                0x00000000000254c6                uip_udp_packet_send
                0x0000000000025548                uip_udp_packet_sendto
 .text          0x000000000002560d     0x1701 build/cooja/contiki-ng-cooja.a(uip6.o)
                0x00000000000256d1                uip_chksum
                0x00000000000257b7                uip_icmp6chksum
                0x00000000000257cb                uip_udpchksum
                0x00000000000257df                uip_init
                0x0000000000025846                uip_remove_ext_hdr
                0x0000000000025947                uip_udp_new
                0x0000000000025cf5                uip_process
                0x0000000000026b94                uip_htons
                0x0000000000026bb7                uip_htonl
                0x0000000000026bff                uip_send
 .text          0x0000000000026d0e      0x5b1 build/cooja/contiki-ng-cooja.a(uipbuf.o)
                0x0000000000026d0e                uipbuf_clear
                0x0000000000026d40                uipbuf_add_ext_hdr
                0x0000000000026dd8                uipbuf_set_len
                0x0000000000026e0a                uipbuf_set_len_field
                0x0000000000026e3d                uipbuf_get_len_field
                0x0000000000026e68                uipbuf_get_next_header
                0x0000000000026fda                uipbuf_get_last_header
                0x000000000002706d                uipbuf_search_header
                0x0000000000027134                uipbuf_get_attr
                0x0000000000027165                uipbuf_set_attr
                0x00000000000271a5                uipbuf_set_default_attr
                0x00000000000271e5                uipbuf_clear_attr
                0x000000000002720c                uipbuf_set_attr_flag
                0x000000000002722f                uipbuf_clr_attr_flag
                0x0000000000027258                uipbuf_is_attr_flag
                0x000000000002727d                uipbuf_init
 .text          0x00000000000272bf      0x57d build/cooja/contiki-ng-cooja.a(uiplib.o)
                0x00000000000272bf                uiplib_ip6addrconv
                0x000000000002749b                uiplib_ip4addrconv
                0x000000000002756d                uiplib_ipaddr_print
                0x00000000000275d3                uiplib_ipaddr_snprint
 .text          0x000000000002783c      0x66e build/cooja/contiki-ng-cooja.a(rpl.o)
                0x000000000002783c                rpl_lollipop_greater_than
                0x00000000000278a0                rpl_get_global_address
                0x0000000000027a40                rpl_link_callback
                0x0000000000027aaa                rpl_has_joined
                0x0000000000027add                rpl_is_reachable
                0x0000000000027b83                rpl_reset_prefix
                0x0000000000027bfa                rpl_set_prefix_from_addr
                0x0000000000027d15                rpl_set_prefix
                0x0000000000027e7f                rpl_set_leaf_only
                0x0000000000027e99                rpl_get_leaf_only
 .text          0x0000000000027eaa       0x49 build/cooja/contiki-ng-cooja.a(watchdog.o)
                0x0000000000027eaa                watchdog_init
                0x0000000000027eb5                watchdog_start
                0x0000000000027ec0                watchdog_periodic
                0x0000000000027edd                watchdog_stop
                0x0000000000027ee8                watchdog_reboot
 .text          0x0000000000027ef3       0x61 build/cooja/contiki-ng-cooja.a(int-master.o)
                0x0000000000027ef3                int_master_enable
                0x0000000000027f08                int_master_read_and_disable
                0x0000000000027f28                int_master_status_set
                0x0000000000027f3f                int_master_is_enabled
 .text          0x0000000000027f54      0x1e5 build/cooja/contiki-ng-cooja.a(coap-timer-default.o)
 .text          0x0000000000028139      0x125 build/cooja/contiki-ng-cooja.a(stimer.o)
                0x0000000000028139                stimer_set
                0x0000000000028168                stimer_reset
                0x00000000000281a4                stimer_restart
                0x00000000000281c3                stimer_expired
                0x0000000000028205                stimer_remaining
                0x000000000002823d                stimer_elapsed
 .text          0x000000000002825e      0x19d build/cooja/contiki-ng-cooja.a(ringbuf.o)
                0x000000000002825e                ringbuf_init
                0x000000000002829f                ringbuf_put
                0x000000000002832e                ringbuf_get
                0x00000000000283ac                ringbuf_size
                0x00000000000283c8                ringbuf_elements
 .text          0x00000000000283fb      0x481 build/cooja/contiki-ng-cooja.a(link-stats.o)
                0x00000000000283fb                link_stats_from_lladdr
                0x0000000000028423                link_stats_get_lladdr
                0x000000000002844b                link_stats_is_fresh
                0x0000000000028493                guess_etx_from_rssi
                0x0000000000028518                link_stats_packet_sent
                0x000000000002867c                link_stats_input_callback
                0x00000000000287de                link_stats_reset
                0x000000000002883a                link_stats_init
 .text          0x000000000002887c      0xcb0 build/cooja/contiki-ng-cooja.a(nbr-table.o)
                0x0000000000028cda                nbr_table_count_entries
                0x0000000000028d79                nbr_table_gc_get_worst
                0x0000000000028dbc                nbr_table_can_accept_new
                0x0000000000028f71                nbr_table_entry_is_allowed
                0x000000000002901e                nbr_table_register
                0x00000000000290b0                nbr_table_is_registered
                0x0000000000029107                nbr_table_head
                0x0000000000029175                nbr_table_next
                0x00000000000291f2                nbr_table_add_lladdr
                0x0000000000029352                nbr_table_get_from_lladdr
                0x00000000000293b1                nbr_table_remove
                0x000000000002940b                nbr_table_lock
                0x0000000000029440                nbr_table_unlock
                0x0000000000029475                nbr_table_get_lladdr
                0x00000000000294b8                nbr_table_clear
                0x00000000000294f5                nbr_table_key_head
                0x000000000002950e                nbr_table_key_next
 .text          0x000000000002952c      0x1e0 build/cooja/contiki-ng-cooja.a(mac-sequence.o)
                0x000000000002952c                mac_sequence_is_duplicate
                0x000000000002960d                mac_sequence_register_seqno
 .text          0x000000000002970c      0x451 build/cooja/contiki-ng-cooja.a(framer-802154.o)
                0x00000000000298a7                framer_802154_setup_params
 .text          0x0000000000029b5d      0xae3 build/cooja/contiki-ng-cooja.a(csma-output.o)
                0x000000000002a33f                csma_output_packet
                0x000000000002a608                csma_output_init
 .text          0x000000000002a640       0x3d build/cooja/contiki-ng-cooja.a(csma-security.o)
                0x000000000002a640                csma_security_create_frame
                0x000000000002a666                csma_security_parse_frame
 .text          0x000000000002a67d      0x8b7 build/cooja/contiki-ng-cooja.a(uip-icmp6.o)
                0x000000000002a6fa                uip_icmp6_input
                0x000000000002a758                uip_icmp6_register_input_handler
                0x000000000002a8ea                uip_icmp6_error_output
                0x000000000002ac4f                uip_icmp6_send
                0x000000000002ae9b                uip_icmp6_echo_reply_callback_add
                0x000000000002aee2                uip_icmp6_echo_reply_callback_rm
                0x000000000002af0b                uip_icmp6_init
 .text          0x000000000002af34      0x87f build/cooja/contiki-ng-cooja.a(uip-nd6.o)
                0x000000000002b799                uip_nd6_init
 .text          0x000000000002b7b3      0x7e7 build/cooja/contiki-ng-cooja.a(uip-sr.o)
                0x000000000002b7b3                uip_sr_num_nodes
                0x000000000002b85e                uip_sr_get_node
                0x000000000002b8c6                uip_sr_is_addr_reachable
                0x000000000002b98e                uip_sr_expire_parent
                0x000000000002b9fd                uip_sr_update_node
                0x000000000002bb71                uip_sr_init
                0x000000000002bba4                uip_sr_node_head
                0x000000000002bbbd                uip_sr_node_next
                0x000000000002bbdb                uip_sr_periodic
                0x000000000002bd17                uip_sr_free_all
                0x000000000002bd96                uip_sr_link_snprint
 .text          0x000000000002bf9a      0x35a build/cooja/contiki-ng-cooja.a(rpl-dag-root.o)
                0x000000000002bf9a                rpl_dag_root_print_links
                0x000000000002c10f                rpl_dag_root_set_prefix
                0x000000000002c14b                rpl_dag_root_start
                0x000000000002c2b4                rpl_dag_root_is_root
 .text          0x000000000002c2f4     0x1219 build/cooja/contiki-ng-cooja.a(rpl-dag.o)
                0x000000000002c2f4                rpl_dag_state_to_str
                0x000000000002c352                rpl_dag_get_root_ipaddr
                0x000000000002c39c                rpl_dag_leave
                0x000000000002c447                rpl_dag_poison_and_leave
                0x000000000002c465                rpl_dag_periodic
                0x000000000002c529                rpl_is_addr_in_our_dag
                0x000000000002c585                rpl_get_default_instance
                0x000000000002c5ac                rpl_get_any_dag
                0x000000000002c619                rpl_refresh_routes
                0x000000000002c67b                rpl_global_repair
                0x000000000002c73d                rpl_local_repair
                0x000000000002c79f                rpl_dag_ready_to_advertise
                0x000000000002c7f7                rpl_dag_update_state
                0x000000000002d0ba                rpl_process_dio
                0x000000000002d15c                rpl_process_dis
                0x000000000002d1b0                rpl_process_dao
                0x000000000002d259                rpl_process_dao_ack
                0x000000000002d309                rpl_process_hbh
                0x000000000002d368                rpl_dag_init_root
                0x000000000002d4e9                rpl_dag_init
 .text          0x000000000002d50d      0xdef build/cooja/contiki-ng-cooja.a(rpl-ext-header.o)
                0x000000000002d50d                rpl_ext_header_srh_get_next_hop
                0x000000000002d61e                rpl_ext_header_srh_update
                0x000000000002dcad                rpl_ext_header_hbh_update
                0x000000000002e04d                rpl_ext_header_update
                0x000000000002e0f7                rpl_ext_header_remove
 .text          0x000000000002e2fc     0x16eb build/cooja/contiki-ng-cooja.a(rpl-icmp6.o)
                0x000000000002e490                rpl_icmp6_update_nbr_table
                0x000000000002e545                rpl_icmp6_dis_output
                0x000000000002ec69                rpl_icmp6_dio_output
                0x000000000002f599                rpl_icmp6_dao_output
                0x000000000002f90a                rpl_icmp6_dao_ack_output
                0x000000000002f9a0                rpl_icmp6_init
 .text          0x000000000002f9e7      0x36f build/cooja/contiki-ng-cooja.a(rpl-mrhof.o)
 .text          0x000000000002fd56       0x8c build/cooja/contiki-ng-cooja.a(rpl-nbr-policy.o)
                0x000000000002fd9e                rpl_nbr_gc_get_worst
 .text          0x000000000002fde2      0xadd build/cooja/contiki-ng-cooja.a(rpl-neighbor.o)
                0x000000000002fe75                rpl_neighbor_snprint
                0x00000000000301a3                rpl_neighbor_print_list
                0x000000000003027a                rpl_neighbor_count
                0x0000000000030365                rpl_neighbor_get_from_lladdr
                0x0000000000030390                rpl_neighbor_is_acceptable_parent
                0x00000000000303dc                rpl_neighbor_get_link_metric
                0x0000000000030428                rpl_neighbor_rank_via_nbr
                0x0000000000030474                rpl_neighbor_get_lladdr
                0x000000000003049f                rpl_neighbor_get_ipaddr
                0x00000000000304cd                rpl_neighbor_get_link_stats
                0x00000000000304fb                rpl_neighbor_is_fresh
                0x0000000000030529                rpl_neighbor_is_parent
                0x0000000000030562                rpl_neighbor_set_preferred_parent
                0x0000000000030619                rpl_neighbor_remove_all
                0x000000000003067f                rpl_neighbor_get_from_ipaddr
                0x00000000000307b8                rpl_neighbor_select_best
                0x0000000000030898                rpl_neighbor_init
 .text          0x00000000000308bf      0xd3d build/cooja/contiki-ng-cooja.a(rpl-timers.o)
                0x00000000000308bf                rpl_timers_schedule_periodic_dis
                0x0000000000030a75                rpl_timers_dio_reset
                0x0000000000030bf9                rpl_timers_schedule_unicast_dio
                0x0000000000030de0                rpl_timers_schedule_dao
                0x0000000000030ee6                rpl_timers_schedule_dao_ack
                0x0000000000030fab                rpl_timers_notify_dao_ack
                0x0000000000031020                get_probing_delay
                0x0000000000031067                get_probing_target
                0x00000000000312a5                rpl_schedule_probing
                0x00000000000312ec                rpl_schedule_probing_now
                0x000000000003137a                rpl_timers_unschedule_leaving
                0x00000000000313c4                rpl_timers_schedule_leaving
                0x0000000000031422                rpl_timers_init
                0x00000000000314d4                rpl_timers_stop_dag_timers
                0x0000000000031576                rpl_timers_unschedule_state_update
                0x00000000000315a3                rpl_timers_schedule_state_update
 .text          0x00000000000315fc       0x34 build/cooja/contiki-ng-cooja.a(assert.o)
                0x00000000000315fc                _xassert
 .text          0x0000000000031630       0x3a build/cooja/contiki-ng-cooja.a(mac.o)
                0x0000000000031630                mac_call_sent_callback
 .text          0x000000000003166a      0xca9 build/cooja/contiki-ng-cooja.a(frame802154.o)
                0x0000000000031698                frame802154_get_pan_id
                0x00000000000316a9                frame802154_set_pan_id
                0x00000000000316c5                frame802154_has_panid
                0x00000000000318a4                frame802154_check_dest_panid
                0x0000000000031942                frame802154_is_broadcast_addr
                0x0000000000031999                frame802154_extract_linkaddr
                0x0000000000031c33                frame802154_hdrlen
                0x0000000000031cb2                frame802154_create_fcf
                0x0000000000031d84                frame802154_create
                0x0000000000031f2e                frame802154_parse_fcf
                0x0000000000032025                frame802154_parse
 .text          0x0000000000032313        0x0 /usr/lib/gcc/x86_64-linux-gnu/11/crtendS.o
 .text          0x0000000000032313        0x0 /usr/lib/gcc/x86_64-linux-gnu/11/../../../x86_64-linux-gnu/crtn.o
 *(.gnu.warning)

.fini           0x0000000000032314        0xd
 *(SORT_NONE(.fini))
 .fini          0x0000000000032314        0x8 /usr/lib/gcc/x86_64-linux-gnu/11/../../../x86_64-linux-gnu/crti.o
                0x0000000000032314                _fini
 .fini          0x000000000003231c        0x5 /usr/lib/gcc/x86_64-linux-gnu/11/../../../x86_64-linux-gnu/crtn.o
                [!provide]                        PROVIDE (__etext = .)
                [!provide]                        PROVIDE (_etext = .)
                [!provide]                        PROVIDE (etext = .)
                0x0000000000033000                . = ALIGN (CONSTANT (MAXPAGESIZE))
                0x0000000000033000                . = SEGMENT_START ("rodata-segment", (ALIGN (CONSTANT (MAXPAGESIZE)) + (. & (CONSTANT (MAXPAGESIZE) - 0x1))))

.rodata         0x0000000000033000      0xb4d
 *(.rodata .rodata.* .gnu.linkonce.r.*)
 .rodata        0x0000000000033000       0x5c coap-node.o
 .rodata        0x000000000003305c        0x6 build/cooja/contiki-ng-cooja.a(leds-arch.o)
                0x000000000003305c                leds_arch_leds
 .rodata        0x0000000000033062        0x4 build/cooja/contiki-ng-cooja.a(pir-sensor.o)
 .rodata        0x0000000000033066        0x3 build/cooja/contiki-ng-cooja.a(rs232.o)
 .rodata        0x0000000000033069        0xa build/cooja/contiki-ng-cooja.a(vib-sensor.o)
 *fill*         0x0000000000033073        0x5 
 .rodata        0x0000000000033078       0x26 build/cooja/contiki-ng-cooja.a(cfs-cooja.o)
 *fill*         0x000000000003309e        0x2 
 .rodata        0x00000000000330a0       0x68 build/cooja/contiki-ng-cooja.a(cooja-radio.o)
 .rodata        0x0000000000033108        0x8 build/cooja/contiki-ng-cooja.a(sensors.o)
 .rodata        0x0000000000033110       0x14 build/cooja/contiki-ng-cooja.a(buttons.o)
                0x000000000003311c                button_hal_button_count
 *fill*         0x0000000000033124        0x4 
 .rodata        0x0000000000033128       0x3e build/cooja/contiki-ng-cooja.a(res-tent.o)
 .rodata        0x0000000000033166       0x41 build/cooja/contiki-ng-cooja.a(coap-engine.o)
 .rodata        0x00000000000331a7       0x11 build/cooja/contiki-ng-cooja.a(coap-observe.o)
 .rodata        0x00000000000331b8       0x19 build/cooja/contiki-ng-cooja.a(coap-res-well-known-core.o)
 .rodata        0x00000000000331d1       0x35 build/cooja/contiki-ng-cooja.a(coap-uip.o)
 *fill*         0x0000000000033206        0x2 
 .rodata        0x0000000000033208      0x1b0 build/cooja/contiki-ng-cooja.a(coap.o)
 .rodata        0x00000000000333b8       0xf4 build/cooja/contiki-ng-cooja.a(contiki-main.o)
 .rodata        0x00000000000334ac        0xf build/cooja/contiki-ng-cooja.a(ctimer.o)
 .rodata        0x00000000000334bb        0xc build/cooja/contiki-ng-cooja.a(etimer.o)
 *fill*         0x00000000000334c7        0x1 
 .rodata        0x00000000000334c8       0xc0 build/cooja/contiki-ng-cooja.a(log.o)
 .rodata        0x0000000000033588       0x13 build/cooja/contiki-ng-cooja.a(button-hal.o)
 .rodata        0x000000000003359b        0xe build/cooja/contiki-ng-cooja.a(serial-line.o)
 *fill*         0x00000000000335a9        0x7 
 .rodata        0x00000000000335b0        0x8 build/cooja/contiki-ng-cooja.a(linkaddr.o)
                0x00000000000335b0                linkaddr_null
 *fill*         0x00000000000335b8        0x8 
 .rodata        0x00000000000335c0      0x280 build/cooja/contiki-ng-cooja.a(strformat.o)
 .rodata        0x0000000000033840        0x5 build/cooja/contiki-ng-cooja.a(csma.o)
 .rodata        0x0000000000033845       0x1d build/cooja/contiki-ng-cooja.a(sicslowpan.o)
                0x0000000000033845                unc_llconf
                0x0000000000033849                unc_ctxconf
                0x000000000003384d                unc_mxconf
                0x0000000000033851                llprefix
 .rodata        0x0000000000033862        0xd build/cooja/contiki-ng-cooja.a(tcpip.o)
 *fill*         0x000000000003386f        0x1 
 .rodata        0x0000000000033870       0xb9 build/cooja/contiki-ng-cooja.a(uip-ds6-route.o)
 .rodata        0x0000000000033929       0x2d build/cooja/contiki-ng-cooja.a(uiplib.o)
 .rodata        0x0000000000033956        0x9 build/cooja/contiki-ng-cooja.a(rpl.o)
 .rodata        0x000000000003395f       0x13 build/cooja/contiki-ng-cooja.a(coap-timer-default.o)
 *fill*         0x0000000000033972        0x6 
 .rodata        0x0000000000033978       0x27 build/cooja/contiki-ng-cooja.a(csma-output.o)
 .rodata        0x000000000003399f       0x44 build/cooja/contiki-ng-cooja.a(uip-sr.o)
 .rodata        0x00000000000339e3       0xd7 build/cooja/contiki-ng-cooja.a(rpl-dag.o)
 *fill*         0x0000000000033aba        0x6 
 .rodata        0x0000000000033ac0       0x58 build/cooja/contiki-ng-cooja.a(rpl-neighbor.o)
 .rodata        0x0000000000033b18        0xc build/cooja/contiki-ng-cooja.a(rpl-timers.o)
 *fill*         0x0000000000033b24        0x4 
 .rodata        0x0000000000033b28       0x25 build/cooja/contiki-ng-cooja.a(assert.o)

.rodata1
 *(.rodata1)

.eh_frame_hdr   0x0000000000033b50     0x1aec
 *(.eh_frame_hdr)
 .eh_frame_hdr  0x0000000000033b50     0x1aec coap-node.o
                0x0000000000033b50                __GNU_EH_FRAME_HDR
 *(.eh_frame_entry .eh_frame_entry.*)

.eh_frame       0x0000000000035640     0x6c30
 *(.eh_frame)
 .eh_frame      0x0000000000035640       0x40 /usr/lib/gcc/x86_64-linux-gnu/11/../../../x86_64-linux-gnu/crti.o
 .eh_frame      0x0000000000035680       0x18 /usr/lib/gcc/x86_64-linux-gnu/11/../../../x86_64-linux-gnu/crti.o
                                         0x30 (size before relaxing)
 .eh_frame      0x0000000000035698       0x18 /usr/lib/gcc/x86_64-linux-gnu/11/../../../x86_64-linux-gnu/crti.o
                                         0x30 (size before relaxing)
 .eh_frame      0x00000000000356b0       0x50 coap-node.o
                                         0x68 (size before relaxing)
 .eh_frame      0x0000000000035700      0x198 build/cooja/mtype595856236.o
                                        0x1b0 (size before relaxing)
 .eh_frame      0x0000000000035898       0x40 build/cooja/contiki-ng-cooja.a(simEnvChange.o)
                                         0x58 (size before relaxing)
 .eh_frame      0x00000000000358d8       0x60 build/cooja/contiki-ng-cooja.a(cooja_mt.o)
                                         0x78 (size before relaxing)
 .eh_frame      0x0000000000035938       0x80 build/cooja/contiki-ng-cooja.a(cooja_mtarch.o)
                                         0x98 (size before relaxing)
 .eh_frame      0x00000000000359b8       0xc0 build/cooja/contiki-ng-cooja.a(rtimer-arch.o)
                                         0xd8 (size before relaxing)
 .eh_frame      0x0000000000035a78      0x160 build/cooja/contiki-ng-cooja.a(beep.o)
                                        0x178 (size before relaxing)
 .eh_frame      0x0000000000035bd8       0x80 build/cooja/contiki-ng-cooja.a(leds-arch.o)
                                         0x98 (size before relaxing)
 .eh_frame      0x0000000000035c58       0x40 build/cooja/contiki-ng-cooja.a(moteid.o)
                                         0x58 (size before relaxing)
 .eh_frame      0x0000000000035c98       0xa0 build/cooja/contiki-ng-cooja.a(pir-sensor.o)
                                         0xb8 (size before relaxing)
 .eh_frame      0x0000000000035d38      0x100 build/cooja/contiki-ng-cooja.a(rs232.o)
                                        0x118 (size before relaxing)
 .eh_frame      0x0000000000035e38       0xa0 build/cooja/contiki-ng-cooja.a(vib-sensor.o)
                                         0xb8 (size before relaxing)
 .eh_frame      0x0000000000035ed8       0xc0 build/cooja/contiki-ng-cooja.a(clock.o)
                                         0xd8 (size before relaxing)
 .eh_frame      0x0000000000035f98      0x100 build/cooja/contiki-ng-cooja.a(cooja-log.o)
                                        0x118 (size before relaxing)
 .eh_frame      0x0000000000036098      0x160 build/cooja/contiki-ng-cooja.a(cfs-cooja.o)
                                        0x178 (size before relaxing)
 .eh_frame      0x00000000000361f8      0x360 build/cooja/contiki-ng-cooja.a(cooja-radio.o)
                                        0x378 (size before relaxing)
 .eh_frame      0x0000000000036558       0xa0 build/cooja/contiki-ng-cooja.a(eeprom.o)
                                         0xb8 (size before relaxing)
 .eh_frame      0x00000000000365f8       0x40 build/cooja/contiki-ng-cooja.a(random.o)
                                         0x58 (size before relaxing)
 .eh_frame      0x0000000000036638       0xc0 build/cooja/contiki-ng-cooja.a(sensors.o)
                                         0xd8 (size before relaxing)
 .eh_frame      0x00000000000366f8      0x120 build/cooja/contiki-ng-cooja.a(leds.o)
                                        0x138 (size before relaxing)
 .eh_frame      0x0000000000036818      0x220 build/cooja/contiki-ng-cooja.a(gpio-hal-arch.o)
                                        0x238 (size before relaxing)
 .eh_frame      0x0000000000036a38       0xa0 build/cooja/contiki-ng-cooja.a(buttons.o)
                                         0xb8 (size before relaxing)
 .eh_frame      0x0000000000036ad8       0x20 build/cooja/contiki-ng-cooja.a(res-tent.o)
                                         0x38 (size before relaxing)
 .eh_frame      0x0000000000036af8       0x40 build/cooja/contiki-ng-cooja.a(coap-blocking-api.o)
                                         0x58 (size before relaxing)
 .eh_frame      0x0000000000036b38      0x220 build/cooja/contiki-ng-cooja.a(coap-engine.o)
                                        0x238 (size before relaxing)
 .eh_frame      0x0000000000036d58      0x188 build/cooja/contiki-ng-cooja.a(coap-observe.o)
                                        0x1a0 (size before relaxing)
 .eh_frame      0x0000000000036ee0       0x20 build/cooja/contiki-ng-cooja.a(coap-res-well-known-core.o)
                                         0x38 (size before relaxing)
 .eh_frame      0x0000000000036f00      0x108 build/cooja/contiki-ng-cooja.a(coap-timer.o)
                                        0x120 (size before relaxing)
 .eh_frame      0x0000000000037008      0x100 build/cooja/contiki-ng-cooja.a(coap-transactions.o)
                                        0x118 (size before relaxing)
 .eh_frame      0x0000000000037108      0x248 build/cooja/contiki-ng-cooja.a(coap-uip.o)
                                        0x260 (size before relaxing)
 .eh_frame      0x0000000000037350      0x6e8 build/cooja/contiki-ng-cooja.a(coap.o)
                                        0x700 (size before relaxing)
 .eh_frame      0x0000000000037a38       0x20 build/cooja/contiki-ng-cooja.a(contiki-main.o)
                                         0x38 (size before relaxing)
 .eh_frame      0x0000000000037a58       0x40 build/cooja/contiki-ng-cooja.a(autostart.o)
                                         0x58 (size before relaxing)
 .eh_frame      0x0000000000037a98      0x100 build/cooja/contiki-ng-cooja.a(ctimer.o)
                                        0x118 (size before relaxing)
 .eh_frame      0x0000000000037b98       0x60 build/cooja/contiki-ng-cooja.a(energest.o)
                                         0x78 (size before relaxing)
 .eh_frame      0x0000000000037bf8      0x1e0 build/cooja/contiki-ng-cooja.a(etimer.o)
                                        0x1f8 (size before relaxing)
 .eh_frame      0x0000000000037dd8      0x120 build/cooja/contiki-ng-cooja.a(log.o)
                                        0x138 (size before relaxing)
 .eh_frame      0x0000000000037ef8       0x20 build/cooja/contiki-ng-cooja.a(node-id.o)
                                         0x38 (size before relaxing)
 .eh_frame      0x0000000000037f18      0x1c8 build/cooja/contiki-ng-cooja.a(process.o)
                                        0x1e0 (size before relaxing)
 .eh_frame      0x00000000000380e0       0x60 build/cooja/contiki-ng-cooja.a(rtimer.o)
                                         0x78 (size before relaxing)
 .eh_frame      0x0000000000038140       0xa0 build/cooja/contiki-ng-cooja.a(timer.o)
                                         0xb8 (size before relaxing)
 .eh_frame      0x00000000000381e0      0x1a0 build/cooja/contiki-ng-cooja.a(list.o)
                                        0x1b8 (size before relaxing)
 .eh_frame      0x0000000000038380       0xa0 build/cooja/contiki-ng-cooja.a(memb.o)
                                         0xb8 (size before relaxing)
 .eh_frame      0x0000000000038420      0x160 build/cooja/contiki-ng-cooja.a(button-hal.o)
                                        0x178 (size before relaxing)
 .eh_frame      0x0000000000038580       0xe0 build/cooja/contiki-ng-cooja.a(gpio-hal.o)
                                         0xf8 (size before relaxing)
 .eh_frame      0x0000000000038660       0x60 build/cooja/contiki-ng-cooja.a(serial-line.o)
                                         0x78 (size before relaxing)
 .eh_frame      0x00000000000386c0       0x60 build/cooja/contiki-ng-cooja.a(linkaddr.o)
                                         0x78 (size before relaxing)
 .eh_frame      0x0000000000038720       0x80 build/cooja/contiki-ng-cooja.a(netstack.o)
                                         0x98 (size before relaxing)
 .eh_frame      0x00000000000387a0      0x288 build/cooja/contiki-ng-cooja.a(packetbuf.o)
                                        0x2a0 (size before relaxing)
 .eh_frame      0x0000000000038a28      0x1a0 build/cooja/contiki-ng-cooja.a(queuebuf.o)
                                        0x1b8 (size before relaxing)
 .eh_frame      0x0000000000038bc8       0x40 build/cooja/contiki-ng-cooja.a(printf.o)
                                         0x58 (size before relaxing)
 .eh_frame      0x0000000000038c08       0x20 build/cooja/contiki-ng-cooja.a(putchar.o)
                                         0x38 (size before relaxing)
 .eh_frame      0x0000000000038c28       0x20 build/cooja/contiki-ng-cooja.a(puts.o)
                                         0x38 (size before relaxing)
 .eh_frame      0x0000000000038c48       0x60 build/cooja/contiki-ng-cooja.a(snprintf.o)
                                         0x78 (size before relaxing)
 .eh_frame      0x0000000000038ca8       0x40 build/cooja/contiki-ng-cooja.a(sprintf.o)
                                         0x58 (size before relaxing)
 .eh_frame      0x0000000000038ce8      0x120 build/cooja/contiki-ng-cooja.a(strformat.o)
                                        0x138 (size before relaxing)
 .eh_frame      0x0000000000038e08       0xe0 build/cooja/contiki-ng-cooja.a(csma.o)
                                         0xf8 (size before relaxing)
 .eh_frame      0x0000000000038ee8      0x2e0 build/cooja/contiki-ng-cooja.a(sicslowpan.o)
                                        0x2f8 (size before relaxing)
 .eh_frame      0x00000000000391c8      0x248 build/cooja/contiki-ng-cooja.a(tcpip.o)
                                        0x260 (size before relaxing)
 .eh_frame      0x0000000000039410      0x1c0 build/cooja/contiki-ng-cooja.a(uip-ds6-nbr.o)
                                        0x1d8 (size before relaxing)
 .eh_frame      0x00000000000395d0      0x300 build/cooja/contiki-ng-cooja.a(uip-ds6-route.o)
                                        0x318 (size before relaxing)
 .eh_frame      0x00000000000398d0      0x328 build/cooja/contiki-ng-cooja.a(uip-ds6.o)
                                        0x340 (size before relaxing)
 .eh_frame      0x0000000000039bf8       0xe0 build/cooja/contiki-ng-cooja.a(uip-packetqueue.o)
                                         0xf8 (size before relaxing)
 .eh_frame      0x0000000000039cd8       0x40 build/cooja/contiki-ng-cooja.a(uip-udp-packet.o)
                                         0x58 (size before relaxing)
 .eh_frame      0x0000000000039d18      0x1e8 build/cooja/contiki-ng-cooja.a(uip6.o)
                                        0x200 (size before relaxing)
 .eh_frame      0x0000000000039f00      0x200 build/cooja/contiki-ng-cooja.a(uipbuf.o)
                                        0x218 (size before relaxing)
 .eh_frame      0x000000000003a100       0x80 build/cooja/contiki-ng-cooja.a(uiplib.o)
                                         0x98 (size before relaxing)
 .eh_frame      0x000000000003a180      0x1e0 build/cooja/contiki-ng-cooja.a(rpl.o)
                                        0x1f8 (size before relaxing)
 .eh_frame      0x000000000003a360       0xa0 build/cooja/contiki-ng-cooja.a(watchdog.o)
                                         0xb8 (size before relaxing)
 .eh_frame      0x000000000003a400       0x80 build/cooja/contiki-ng-cooja.a(int-master.o)
                                         0x98 (size before relaxing)
 .eh_frame      0x000000000003a480       0xa0 build/cooja/contiki-ng-cooja.a(coap-timer-default.o)
                                         0xb8 (size before relaxing)
 .eh_frame      0x000000000003a520       0xc0 build/cooja/contiki-ng-cooja.a(stimer.o)
                                         0xd8 (size before relaxing)
 .eh_frame      0x000000000003a5e0       0xa0 build/cooja/contiki-ng-cooja.a(ringbuf.o)
                                         0xb8 (size before relaxing)
 .eh_frame      0x000000000003a680      0x120 build/cooja/contiki-ng-cooja.a(link-stats.o)
                                        0x138 (size before relaxing)
 .eh_frame      0x000000000003a7a0      0x3e0 build/cooja/contiki-ng-cooja.a(nbr-table.o)
                                        0x3f8 (size before relaxing)
 .eh_frame      0x000000000003ab80       0x48 build/cooja/contiki-ng-cooja.a(mac-sequence.o)
                                         0x60 (size before relaxing)
 .eh_frame      0x000000000003abc8       0xa8 build/cooja/contiki-ng-cooja.a(framer-802154.o)
                                         0xc0 (size before relaxing)
 .eh_frame      0x000000000003ac70      0x1c8 build/cooja/contiki-ng-cooja.a(csma-output.o)
                                        0x1e0 (size before relaxing)
 .eh_frame      0x000000000003ae38       0x40 build/cooja/contiki-ng-cooja.a(csma-security.o)
                                         0x58 (size before relaxing)
 .eh_frame      0x000000000003ae78      0x148 build/cooja/contiki-ng-cooja.a(uip-icmp6.o)
                                        0x160 (size before relaxing)
 .eh_frame      0x000000000003afc0       0x80 build/cooja/contiki-ng-cooja.a(uip-nd6.o)
                                         0x98 (size before relaxing)
 .eh_frame      0x000000000003b040      0x180 build/cooja/contiki-ng-cooja.a(uip-sr.o)
                                        0x198 (size before relaxing)
 .eh_frame      0x000000000003b1c0       0xa0 build/cooja/contiki-ng-cooja.a(rpl-dag-root.o)
                                         0xb8 (size before relaxing)
 .eh_frame      0x000000000003b260      0x360 build/cooja/contiki-ng-cooja.a(rpl-dag.o)
                                        0x378 (size before relaxing)
 .eh_frame      0x000000000003b5c0      0x128 build/cooja/contiki-ng-cooja.a(rpl-ext-header.o)
                                        0x140 (size before relaxing)
 .eh_frame      0x000000000003b6e8      0x1c0 build/cooja/contiki-ng-cooja.a(rpl-icmp6.o)
                                        0x1d8 (size before relaxing)
 .eh_frame      0x000000000003b8a8      0x148 build/cooja/contiki-ng-cooja.a(rpl-mrhof.o)
                                        0x160 (size before relaxing)
 .eh_frame      0x000000000003b9f0       0x40 build/cooja/contiki-ng-cooja.a(rpl-nbr-policy.o)
                                         0x58 (size before relaxing)
 .eh_frame      0x000000000003ba30      0x2b0 build/cooja/contiki-ng-cooja.a(rpl-neighbor.o)
                                        0x2c8 (size before relaxing)
 .eh_frame      0x000000000003bce0      0x3a8 build/cooja/contiki-ng-cooja.a(rpl-timers.o)
                                        0x3c0 (size before relaxing)
 .eh_frame      0x000000000003c088       0x20 build/cooja/contiki-ng-cooja.a(assert.o)
                                         0x38 (size before relaxing)
 .eh_frame      0x000000000003c0a8       0x20 build/cooja/contiki-ng-cooja.a(mac.o)
                                         0x38 (size before relaxing)
 .eh_frame      0x000000000003c0c8      0x1a4 build/cooja/contiki-ng-cooja.a(frame802154.o)
                                        0x1c0 (size before relaxing)
 .eh_frame      0x000000000003c26c        0x4 /usr/lib/gcc/x86_64-linux-gnu/11/crtendS.o
 *(.eh_frame.*)

.gcc_except_table
 *(.gcc_except_table .gcc_except_table.*)

.gnu_extab
 *(.gnu_extab*)

.exception_ranges
 *(.exception_ranges*)
                0x000000000003d6b0                . = DATA_SEGMENT_ALIGN (CONSTANT (MAXPAGESIZE), CONSTANT (COMMONPAGESIZE))

.eh_frame
 *(.eh_frame)
 *(.eh_frame.*)

.gnu_extab
 *(.gnu_extab)

.gcc_except_table
 *(.gcc_except_table .gcc_except_table.*)

.exception_ranges
 *(.exception_ranges*)

.tdata
 *(.tdata .tdata.* .gnu.linkonce.td.*)

.tbss
 *(.tbss .tbss.* .gnu.linkonce.tb.*)
 *(.tcommon)

.preinit_array
 *(.preinit_array)

.init_array     0x000000000003d6b0        0x8
 *(SORT_BY_INIT_PRIORITY(.init_array.*) SORT_BY_INIT_PRIORITY(.ctors.*))
 *(.init_array EXCLUDE_FILE(*crtend?.o *crtend.o *crtbegin?.o *crtbegin.o) .ctors)
 .init_array    0x000000000003d6b0        0x8 /usr/lib/gcc/x86_64-linux-gnu/11/crtbeginS.o

.fini_array     0x000000000003d6b8        0x8
 *(SORT_BY_INIT_PRIORITY(.fini_array.*) SORT_BY_INIT_PRIORITY(.dtors.*))
 *(.fini_array EXCLUDE_FILE(*crtend?.o *crtend.o *crtbegin?.o *crtbegin.o) .dtors)
 .fini_array    0x000000000003d6b8        0x8 /usr/lib/gcc/x86_64-linux-gnu/11/crtbeginS.o

.ctors
 *crtbegin.o(.ctors)
 *crtbegin?.o(.ctors)
 *(EXCLUDE_FILE(*crtend?.o *crtend.o) .ctors)
 *(SORT_BY_NAME(.ctors.*))
 *(.ctors)

.dtors
 *crtbegin.o(.dtors)
 *crtbegin?.o(.dtors)
 *(EXCLUDE_FILE(*crtend?.o *crtend.o) .dtors)
 *(SORT_BY_NAME(.dtors.*))
 *(.dtors)

.jcr
 *(.jcr)

.data.rel.ro    0x000000000003d6c0      0x370
 *(.data.rel.ro.local* .gnu.linkonce.d.rel.ro.local.*)
 .data.rel.ro.local
                0x000000000003d6c0       0x10 build/cooja/contiki-ng-cooja.a(beep.o)
                0x000000000003d6c0                beep_interface
 .data.rel.ro.local
                0x000000000003d6d0       0x10 build/cooja/contiki-ng-cooja.a(leds-arch.o)
                0x000000000003d6d0                leds_interface
 .data.rel.ro.local
                0x000000000003d6e0       0x10 build/cooja/contiki-ng-cooja.a(moteid.o)
                0x000000000003d6e0                moteid_interface
 *fill*         0x000000000003d6f0       0x10 
 .data.rel.ro.local
                0x000000000003d700       0x40 build/cooja/contiki-ng-cooja.a(pir-sensor.o)
                0x000000000003d700                pir_interface
                0x000000000003d720                pir_sensor
 .data.rel.ro.local
                0x000000000003d740       0x10 build/cooja/contiki-ng-cooja.a(rs232.o)
                0x000000000003d740                rs232_interface
 *fill*         0x000000000003d750       0x10 
 .data.rel.ro.local
                0x000000000003d760       0x40 build/cooja/contiki-ng-cooja.a(vib-sensor.o)
                0x000000000003d760                vib_interface
                0x000000000003d780                vib_sensor
 .data.rel.ro.local
                0x000000000003d7a0       0x10 build/cooja/contiki-ng-cooja.a(clock.o)
                0x000000000003d7a0                clock_interface
 .data.rel.ro.local
                0x000000000003d7b0       0x10 build/cooja/contiki-ng-cooja.a(cooja-log.o)
                0x000000000003d7b0                simlog_interface
 .data.rel.ro.local
                0x000000000003d7c0       0x10 build/cooja/contiki-ng-cooja.a(cfs-cooja.o)
                0x000000000003d7c0                cfs_interface
 *fill*         0x000000000003d7d0       0x10 
 .data.rel.ro.local
                0x000000000003d7e0       0x90 build/cooja/contiki-ng-cooja.a(cooja-radio.o)
                0x000000000003d7e0                radio_interface
                0x000000000003d800                cooja_radio_driver
 .data.rel.ro.local
                0x000000000003d870       0x10 build/cooja/contiki-ng-cooja.a(eeprom.o)
                0x000000000003d870                eeprom_interface
 .data.rel.ro.local
                0x000000000003d880       0x40 build/cooja/contiki-ng-cooja.a(buttons.o)
                0x000000000003d880                button_interface
                0x000000000003d8a0                button_sensor
 .data.rel.ro.local
                0x000000000003d8c0       0x38 build/cooja/contiki-ng-cooja.a(csma.o)
                0x000000000003d8c0                csma_driver
 *fill*         0x000000000003d8f8        0x8 
 .data.rel.ro.local
                0x000000000003d900       0x18 build/cooja/contiki-ng-cooja.a(coap-timer-default.o)
                0x000000000003d900                coap_timer_default_driver
 *fill*         0x000000000003d918        0x8 
 .data.rel.ro.local
                0x000000000003d920       0x18 build/cooja/contiki-ng-cooja.a(framer-802154.o)
                0x000000000003d920                framer_802154
 *(.data.rel.ro .data.rel.ro.* .gnu.linkonce.d.rel.ro.*)
 .data.rel.ro   0x000000000003d938        0x0 /usr/lib/gcc/x86_64-linux-gnu/11/../../../x86_64-linux-gnu/crti.o
 *fill*         0x000000000003d938        0x8 
 .data.rel.ro   0x000000000003d940       0x10 coap-node.o
                0x000000000003d940                autostart_processes
 *fill*         0x000000000003d950       0x10 
 .data.rel.ro   0x000000000003d960       0x20 build/cooja/contiki-ng-cooja.a(sicslowpan.o)
                0x000000000003d960                sicslowpan_driver
 .data.rel.ro   0x000000000003d980       0xa8 build/cooja/contiki-ng-cooja.a(rpl.o)
                0x000000000003d980                rpl_lite_driver
 .data.rel.ro   0x000000000003da28        0x8 build/cooja/contiki-ng-cooja.a(rpl-dag.o)

.dynamic        0x000000000003da30      0x1c0
 *(.dynamic)
 .dynamic       0x000000000003da30      0x1c0 /usr/lib/gcc/x86_64-linux-gnu/11/../../../x86_64-linux-gnu/crti.o
                0x000000000003da30                _DYNAMIC

.got            0x000000000003dbf0      0x410
 *(.got)
 .got           0x000000000003dbf0      0x410 /usr/lib/gcc/x86_64-linux-gnu/11/../../../x86_64-linux-gnu/crti.o
 *(.igot)
                0x000000000003efe8                . = DATA_SEGMENT_RELRO_END (., (SIZEOF (.got.plt) >= 0x18)?0x18:0x0)

.got.plt        0x000000000003e000      0xc80
 *(.got.plt)
 .got.plt       0x000000000003e000      0xc80 /usr/lib/gcc/x86_64-linux-gnu/11/../../../x86_64-linux-gnu/crti.o
                0x000000000003e000                _GLOBAL_OFFSET_TABLE_
 *(.igot.plt)

.data           0x000000000003ec80      0x932
 *(.data .data.* .gnu.linkonce.d.*)
 .data          0x000000000003ec80        0x0 /usr/lib/gcc/x86_64-linux-gnu/11/../../../x86_64-linux-gnu/crti.o
 .data          0x000000000003ec80        0x0 /usr/lib/gcc/x86_64-linux-gnu/11/crtbeginS.o
 .data.rel.local
                0x000000000003ec80        0x8 /usr/lib/gcc/x86_64-linux-gnu/11/crtbeginS.o
                0x000000000003ec80                __dso_handle
 .data          0x000000000003ec88        0x0 coap-node.o
 *fill*         0x000000000003ec88       0x18 
 .data.rel.local
                0x000000000003eca0       0x40 coap-node.o
                0x000000000003eca0                service_url
                0x000000000003ecc0                client
 .data          0x000000000003ece0        0x0 build/cooja/mtype595856236.o
 .data.rel      0x000000000003ece0       0xa0 build/cooja/mtype595856236.o
                0x000000000003ece0                simInterfaces
                0x000000000003ed60                sensors
 .data          0x000000000003ed80        0x0 build/cooja/contiki-ng-cooja.a(simEnvChange.o)
 .data          0x000000000003ed80        0x0 build/cooja/contiki-ng-cooja.a(cooja_mt.o)
 .data          0x000000000003ed80        0x0 build/cooja/contiki-ng-cooja.a(cooja_mtarch.o)
 .data          0x000000000003ed80        0x0 build/cooja/contiki-ng-cooja.a(rtimer-arch.o)
 .data          0x000000000003ed80        0x0 build/cooja/contiki-ng-cooja.a(beep.o)
 .data          0x000000000003ed80        0x0 build/cooja/contiki-ng-cooja.a(leds-arch.o)
 .data          0x000000000003ed80        0x0 build/cooja/contiki-ng-cooja.a(moteid.o)
 .data          0x000000000003ed80        0x0 build/cooja/contiki-ng-cooja.a(pir-sensor.o)
 .data          0x000000000003ed80        0x0 build/cooja/contiki-ng-cooja.a(rs232.o)
 .data          0x000000000003ed80        0x0 build/cooja/contiki-ng-cooja.a(vib-sensor.o)
 .data          0x000000000003ed80        0x0 build/cooja/contiki-ng-cooja.a(clock.o)
 .data          0x000000000003ed80        0x0 build/cooja/contiki-ng-cooja.a(cooja-log.o)
 .data          0x000000000003ed80        0x0 build/cooja/contiki-ng-cooja.a(cfs-cooja.o)
 .data          0x000000000003ed80       0x20 build/cooja/contiki-ng-cooja.a(cooja-radio.o)
                0x000000000003ed80                simRadioHWOn
                0x000000000003ed84                simSignalStrength
                0x000000000003ed88                simLastSignalStrength
                0x000000000003ed8c                simPower
                0x000000000003ed90                simRadioChannel
                0x000000000003ed94                simLQI
                0x000000000003ed98                simLastLQI
 .data.rel.local
                0x000000000003eda0       0x20 build/cooja/contiki-ng-cooja.a(cooja-radio.o)
                0x000000000003eda0                cooja_radio_process
 .data          0x000000000003edc0        0x0 build/cooja/contiki-ng-cooja.a(eeprom.o)
 .data          0x000000000003edc0        0x0 build/cooja/contiki-ng-cooja.a(random.o)
 .data          0x000000000003edc0        0x0 build/cooja/contiki-ng-cooja.a(sensors.o)
 .data.rel.local
                0x000000000003edc0       0x20 build/cooja/contiki-ng-cooja.a(sensors.o)
                0x000000000003edc0                sensors_process
 .data          0x000000000003ede0        0x0 build/cooja/contiki-ng-cooja.a(leds.o)
 .data          0x000000000003ede0        0x0 build/cooja/contiki-ng-cooja.a(gpio-hal-arch.o)
 .data          0x000000000003ede0        0x1 build/cooja/contiki-ng-cooja.a(buttons.o)
                0x000000000003ede0                simButtonIsActive
 *fill*         0x000000000003ede1       0x1f 
 .data.rel.local
                0x000000000003ee00       0xb0 build/cooja/contiki-ng-cooja.a(buttons.o)
                0x000000000003eea0                button_hal_buttons
 .data          0x000000000003eeb0        0x0 build/cooja/contiki-ng-cooja.a(res-tent.o)
 *fill*         0x000000000003eeb0       0x10 
 .data.rel.local
                0x000000000003eec0       0x48 build/cooja/contiki-ng-cooja.a(res-tent.o)
                0x000000000003eec0                res_tent
 .data          0x000000000003ef08        0x0 build/cooja/contiki-ng-cooja.a(coap-blocking-api.o)
 .data          0x000000000003ef08        0x0 build/cooja/contiki-ng-cooja.a(coap-engine.o)
 .data.rel.local
                0x000000000003ef08       0x10 build/cooja/contiki-ng-cooja.a(coap-engine.o)
 .data          0x000000000003ef18        0x0 build/cooja/contiki-ng-cooja.a(coap-observe.o)
 *fill*         0x000000000003ef18        0x8 
 .data.rel.local
                0x000000000003ef20       0x20 build/cooja/contiki-ng-cooja.a(coap-observe.o)
 .data          0x000000000003ef40        0x0 build/cooja/contiki-ng-cooja.a(coap-res-well-known-core.o)
 .data.rel.local
                0x000000000003ef40       0x48 build/cooja/contiki-ng-cooja.a(coap-res-well-known-core.o)
                0x000000000003ef40                res_well_known_core
 .data          0x000000000003ef88        0x0 build/cooja/contiki-ng-cooja.a(coap-timer.o)
 .data.rel.local
                0x000000000003ef88        0x8 build/cooja/contiki-ng-cooja.a(coap-timer.o)
 .data          0x000000000003ef90        0x0 build/cooja/contiki-ng-cooja.a(coap-transactions.o)
 .data.rel.local
                0x000000000003ef90       0x20 build/cooja/contiki-ng-cooja.a(coap-transactions.o)
 .data          0x000000000003efb0        0x0 build/cooja/contiki-ng-cooja.a(coap-uip.o)
 *fill*         0x000000000003efb0       0x10 
 .data.rel.local
                0x000000000003efc0       0x20 build/cooja/contiki-ng-cooja.a(coap-uip.o)
                0x000000000003efc0                coap_engine
 .data          0x000000000003efe0        0x0 build/cooja/contiki-ng-cooja.a(coap.o)
 .data.rel.local
                0x000000000003efe0        0x8 build/cooja/contiki-ng-cooja.a(coap.o)
                0x000000000003efe0                coap_error_message
 .data          0x000000000003efe8        0x0 build/cooja/contiki-ng-cooja.a(contiki-main.o)
 .data          0x000000000003efe8        0x0 build/cooja/contiki-ng-cooja.a(autostart.o)
 .data          0x000000000003efe8        0x0 build/cooja/contiki-ng-cooja.a(ctimer.o)
 *fill*         0x000000000003efe8       0x18 
 .data.rel.local
                0x000000000003f000       0x40 build/cooja/contiki-ng-cooja.a(ctimer.o)
                0x000000000003f020                ctimer_process
 .data          0x000000000003f040        0x0 build/cooja/contiki-ng-cooja.a(energest.o)
 .data          0x000000000003f040        0x0 build/cooja/contiki-ng-cooja.a(etimer.o)
 .data.rel.local
                0x000000000003f040       0x20 build/cooja/contiki-ng-cooja.a(etimer.o)
                0x000000000003f040                etimer_process
 .data          0x000000000003f060        0x4 build/cooja/contiki-ng-cooja.a(log.o)
                0x000000000003f060                curr_log_level_main
 *fill*         0x000000000003f064       0x1c 
 .data.rel      0x000000000003f080      0x138 build/cooja/contiki-ng-cooja.a(log.o)
                0x000000000003f080                all_modules
 .data          0x000000000003f1b8        0x0 build/cooja/contiki-ng-cooja.a(node-id.o)
 .data          0x000000000003f1b8        0x0 build/cooja/contiki-ng-cooja.a(process.o)
 .data          0x000000000003f1b8        0x0 build/cooja/contiki-ng-cooja.a(rtimer.o)
 .data          0x000000000003f1b8        0x0 build/cooja/contiki-ng-cooja.a(timer.o)
 .data          0x000000000003f1b8        0x0 build/cooja/contiki-ng-cooja.a(list.o)
 .data          0x000000000003f1b8        0x0 build/cooja/contiki-ng-cooja.a(memb.o)
 .data          0x000000000003f1b8        0x0 build/cooja/contiki-ng-cooja.a(button-hal.o)
 *fill*         0x000000000003f1b8        0x8 
 .data.rel.local
                0x000000000003f1c0       0x20 build/cooja/contiki-ng-cooja.a(button-hal.o)
                0x000000000003f1c0                button_hal_process
 .data          0x000000000003f1e0        0x0 build/cooja/contiki-ng-cooja.a(gpio-hal.o)
 .data.rel.local
                0x000000000003f1e0        0x8 build/cooja/contiki-ng-cooja.a(gpio-hal.o)
 .data          0x000000000003f1e8        0x0 build/cooja/contiki-ng-cooja.a(serial-line.o)
 *fill*         0x000000000003f1e8       0x18 
 .data.rel.local
                0x000000000003f200       0x20 build/cooja/contiki-ng-cooja.a(serial-line.o)
                0x000000000003f200                serial_line_process
 .data          0x000000000003f220        0x0 build/cooja/contiki-ng-cooja.a(linkaddr.o)
 .data          0x000000000003f220        0x0 build/cooja/contiki-ng-cooja.a(netstack.o)
 .data.rel.local
                0x000000000003f220        0x8 build/cooja/contiki-ng-cooja.a(netstack.o)
 .data          0x000000000003f228        0x0 build/cooja/contiki-ng-cooja.a(packetbuf.o)
 .data.rel.local
                0x000000000003f228        0x8 build/cooja/contiki-ng-cooja.a(packetbuf.o)
 .data          0x000000000003f230        0x0 build/cooja/contiki-ng-cooja.a(queuebuf.o)
 .data.rel.local
                0x000000000003f230       0x38 build/cooja/contiki-ng-cooja.a(queuebuf.o)
 .data          0x000000000003f268        0x0 build/cooja/contiki-ng-cooja.a(printf.o)
 *fill*         0x000000000003f268        0x8 
 .data.rel.local
                0x000000000003f270       0x10 build/cooja/contiki-ng-cooja.a(printf.o)
 .data          0x000000000003f280        0x0 build/cooja/contiki-ng-cooja.a(putchar.o)
 .data          0x000000000003f280        0x0 build/cooja/contiki-ng-cooja.a(puts.o)
 .data          0x000000000003f280        0x0 build/cooja/contiki-ng-cooja.a(snprintf.o)
 .data          0x000000000003f280        0x0 build/cooja/contiki-ng-cooja.a(sprintf.o)
 .data          0x000000000003f280        0x0 build/cooja/contiki-ng-cooja.a(strformat.o)
 .data          0x000000000003f280        0x0 build/cooja/contiki-ng-cooja.a(csma.o)
 .data          0x000000000003f280        0x0 build/cooja/contiki-ng-cooja.a(sicslowpan.o)
 .data          0x000000000003f280        0x0 build/cooja/contiki-ng-cooja.a(tcpip.o)
 .data.rel.local
                0x000000000003f280       0x20 build/cooja/contiki-ng-cooja.a(tcpip.o)
                0x000000000003f280                tcpip_process
 .data          0x000000000003f2a0        0x0 build/cooja/contiki-ng-cooja.a(uip-ds6-nbr.o)
 .data.rel.local
                0x000000000003f2a0       0x20 build/cooja/contiki-ng-cooja.a(uip-ds6-nbr.o)
 .data          0x000000000003f2c0        0x0 build/cooja/contiki-ng-cooja.a(uip-ds6-route.o)
 .data.rel.local
                0x000000000003f2c0       0x80 build/cooja/contiki-ng-cooja.a(uip-ds6-route.o)
                0x000000000003f2d8                nbr_routes
 .data          0x000000000003f340        0x0 build/cooja/contiki-ng-cooja.a(uip-ds6.o)
 .data          0x000000000003f340        0x0 build/cooja/contiki-ng-cooja.a(uip-packetqueue.o)
 .data.rel.local
                0x000000000003f340       0x18 build/cooja/contiki-ng-cooja.a(uip-packetqueue.o)
 .data          0x000000000003f358        0x0 build/cooja/contiki-ng-cooja.a(uip-udp-packet.o)
 .data          0x000000000003f358        0x0 build/cooja/contiki-ng-cooja.a(uip6.o)
 .data          0x000000000003f358        0x0 build/cooja/contiki-ng-cooja.a(uipbuf.o)
 .data          0x000000000003f358        0x0 build/cooja/contiki-ng-cooja.a(uiplib.o)
 .data          0x000000000003f358        0x0 build/cooja/contiki-ng-cooja.a(rpl.o)
 .data          0x000000000003f358        0x0 build/cooja/contiki-ng-cooja.a(watchdog.o)
 .data          0x000000000003f358        0x0 build/cooja/contiki-ng-cooja.a(int-master.o)
 .data          0x000000000003f358        0x0 build/cooja/contiki-ng-cooja.a(coap-timer-default.o)
 *fill*         0x000000000003f358        0x8 
 .data.rel.local
                0x000000000003f360       0x20 build/cooja/contiki-ng-cooja.a(coap-timer-default.o)
                0x000000000003f360                coap_timer_process
 .data          0x000000000003f380        0x0 build/cooja/contiki-ng-cooja.a(stimer.o)
 .data          0x000000000003f380        0x0 build/cooja/contiki-ng-cooja.a(ringbuf.o)